[2026-05-31 00:30:51.344] 📁 日志目录: /Users/yuliang/project/poly-refactor/poly-simmer-fast-loop/main/runs/2026-05-31-00-30-51_live
[2026-05-31 00:30:51.345] 📄 日志文件: /Users/yuliang/project/poly-refactor/poly-simmer-fast-loop/main/runs/2026-05-31-00-30-51_live/output.log
[2026-05-31 00:30:51.345] ============================================================
[2026-05-31 00:30:51.345] 
[2026-05-31 00:30:51.345] ════════════════════════════════════════════════════════════
[2026-05-31 00:30:51.345]   【 PreOpen Loop 预开盘循环 】
[2026-05-31 00:30:51.345] ════════════════════════════════════════════════════════════
[2026-05-31 00:30:51.345]   模式: 实盘交易
[2026-05-31 00:30:51.345]   品种: BTC | 窗口: 5m
[2026-05-31 00:30:51.345]   ── 轮询参数 ──
[2026-05-31 00:30:51.345]   • 轮询间隔: 60s
[2026-05-31 00:30:51.345]   • 预开盘提前时间 (lead_time): 600s
[2026-05-31 00:30:51.345]   • 垃圾回收宽限期 (gc_grace): 60s
[2026-05-31 00:30:51.345]   ── YES 主单参数 ──
[2026-05-31 00:30:51.345]   • 买入数量: 4.0 份
[2026-05-31 00:30:51.345]   • 最高价格: $0.92
[2026-05-31 00:30:51.345]   ── NO 对冲参数 ──
[2026-05-31 00:30:51.345]   • 静态对冲价格: $0.4
[2026-05-31 00:30:51.345]   • 切换 TTL 阈值: 40s
[2026-05-31 00:30:51.345]   • 最大 FAK 价格: $0.42
[2026-05-31 00:30:51.345]   • 最小套利边缘: -0.5
[2026-05-31 00:30:51.345]   • live 事件上限: 1
[2026-05-31 00:30:51.345] ────────────────────────────────────────────────────────────
[2026-05-31 00:30:51.345] 
[2026-05-31 00:30:51.345] ━━━━━━━━━━━━━━━━━━━━━━━━━━━━━━━━━━━━━━━━━━━━━━━━━━━━━━━━━━━━
[2026-05-31 00:30:51.345]   【 PreOpen 轮次 #1 】 2026-05-30 16:30:51 UTC
[2026-05-31 00:30:56.385] 
[2026-05-31 00:30:56.385]   🔍 【市场发现】共找到 5 个市场
[2026-05-31 00:30:56.385]      ├─ ❌ 过滤 [已开始] btc-updown-5m-1780158300 | 开始于 16:25:00 UTC | tts=-351s
[2026-05-31 00:30:56.385]      ├─ ❌ 过滤 [已开始] btc-updown-5m-1780158600 | 开始于 16:30:00 UTC | tts=-51s
[2026-05-31 00:30:56.386]      └─ ✅ 可交易 btc-updown-5m-1780158900 | 开始 16:35:00 UTC | 结束 16:40:00 UTC | tts=249s
[2026-05-31 00:30:56.386]      └─ ✅ 可交易 btc-updown-5m-1780159200 | 开始 16:40:00 UTC | 结束 16:45:00 UTC | tts=549s
[2026-05-31 00:30:56.386]      ├─ ❌ 过滤 [太远] btc-updown-5m-1780159500 | 开始于 16:45:00 UTC | tts=849s > 600s
[2026-05-31 00:30:56.386] 
[2026-05-31 00:30:56.386]   📊 【汇总】发现 5 个 | 可交易 2 个
[2026-05-31 00:30:56.386]      └─ 时间窗口外: 3
[2026-05-31 00:30:56.386] 
[2026-05-31 00:30:56.386]   📅 【所有市场时间表】(当前: 16:30:51 UTC)
[2026-05-31 00:30:56.387]      🔴 已开始 16:25:00 - 16:30:00 UTC | btc-updown-5m-1780158300 | 开始已过 351s | 已结束
[2026-05-31 00:30:56.387]      🔴 已开始 16:30:00 - 16:35:00 UTC | btc-updown-5m-1780158600 | 开始已过 51s | 249s后结束
[2026-05-31 00:30:56.387]      ✅ 可交易 16:35:00 - 16:40:00 UTC | btc-updown-5m-1780158900 | 开始249s后 | 549s后结束
[2026-05-31 00:30:56.387]      ✅ 可交易 16:40:00 - 16:45:00 UTC | btc-updown-5m-1780159200 | 开始549s后 | 849s后结束
[2026-05-31 00:30:56.387]      🔜 太远 16:45:00 - 16:50:00 UTC | btc-updown-5m-1780159500 | 开始849s后 | 1149s后结束
[2026-05-31 00:30:56.387]   ✨ 新发现事件: btc-updown-5m-1780158900 | 状态=已发现 | 距开始=249s | 距结束=549s
[2026-05-31 00:30:56.387]   ✨ 新发现事件: btc-updown-5m-1780159200 | 状态=已发现 | 距开始=549s | 距结束=849s
[2026-05-31 00:30:56.387]   🎯 目标事件: btc-updown-5m-1780158900 | 状态=已发现 | 距开始=249s | 距结束=549s
[2026-05-31 00:30:56.388]   ⏱  距离开始=248.7s | 状态=discovered | 动作次数=0
[2026-05-31 00:30:56.388]   🔄 事件状态: DISCOVERED → READY | btc-updown-5m-1780158900
[2026-05-31 00:30:57.792] [py_clob_client_v2] request error status=400 url=https://clob.polymarket.com/auth/api-key body={"error":"Could not create api key"}
[2026-05-31 00:30:57.792] 
[2026-05-31 00:30:59.617] [py_clob_client_v2] request error status=400 url=https://clob.polymarket.com/order body={"error":"order 0xbba51fd4895d23454673eca213c9c63373fe8b50ebff25c33cf3a4a9593c9cbf is invalid. Size (4) lower than the minimum: 5"}
[2026-05-31 00:30:59.617]   📗 YES下单: ✅ 已下单 | 价格=$0.5100 | 数量=4.0份 | 订单ID=0x6600c3d32d263c6e4c5005b354281ee24f7eb77055fb4fe0b2fba1736cf91808
[2026-05-31 00:30:59.617]   ✅ Bought 4.0 YES shares @ $0.510
[2026-05-31 00:31:08.431]   📙 NO挂单: ❌ 错误 | 价格=$0.4000 | 数量=4.0份 | 原因: direct_clob_failed: PolyApiException[status_code=400, error_message={'error': 'order 0xbba51fd4895d23454673eca213c9c63373fe8b50ebff25c33cf3a4a9593c9cbf is invalid. Size (4) lower than the minimum: 5'}]
[2026-05-31 00:31:08.431]   🎯 live 事件进度: 1/1
[2026-05-31 00:31:08.431] 
[2026-05-31 00:31:08.431]   ✅ 【已下单】btc-updown-5m-1780158900
[2026-05-31 00:31:08.431]      📗 YES: 订单ID=0x6600c3d32d263c6e4c5005b354281ee24f7eb77055fb4fe0b2fba1736cf91808 | 成交价=$0.5100
[2026-05-31 00:31:08.432]      📍 当前状态: yes_placed | 动作次数: 2
[2026-05-31 00:31:08.432] Traceback (most recent call last):
[2026-05-31 00:31:08.432]   File "/Users/yuliang/project/poly-refactor/poly-simmer-fast-loop/main/fastloop_trader.py", line 805, in <module>
[2026-05-31 00:31:08.432]     main()
[2026-05-31 00:31:08.432]   File "/Users/yuliang/project/poly-refactor/poly-simmer-fast-loop/main/fastloop_trader.py", line 252, in main
[2026-05-31 00:31:08.432]     run_preopen_loop(run_folder=run_folder, dry_run=dry_run, loop_interval=args.loop_interval, max_events=cfg.get("live_max_events") if not dry_run else None)
[2026-05-31 00:31:08.432]   File "/Users/yuliang/project/poly-refactor/poly-simmer-fast-loop/main/fastloop_trader.py", line 784, in run_preopen_loop
[2026-05-31 00:31:08.432]     if run_folder and now_ts >= next_settlement_check:
[2026-05-31 00:31:08.432]                                 ^^^^^^^^^^^^^^^^^^^^^
[2026-05-31 00:31:08.432] UnboundLocalError: cannot access local variable 'next_settlement_check' where it is not associated with a value
