[2026-05-31 01:08:00.102] 📁 日志目录: /Users/yuliang/project/poly-refactor/poly-simmer-fast-loop/main/runs/2026-05-31-01-08-00_live
[2026-05-31 01:08:00.103] 📄 日志文件: /Users/yuliang/project/poly-refactor/poly-simmer-fast-loop/main/runs/2026-05-31-01-08-00_live/output.log
[2026-05-31 01:08:00.103] ============================================================
[2026-05-31 01:08:00.103] 
[2026-05-31 01:08:00.103] ════════════════════════════════════════════════════════════
[2026-05-31 01:08:00.103]   【 PreOpen Loop 预开盘循环 】
[2026-05-31 01:08:00.103] ════════════════════════════════════════════════════════════
[2026-05-31 01:08:00.103]   模式: 实盘交易
[2026-05-31 01:08:00.103]   品种: BTC | 窗口: 5m
[2026-05-31 01:08:00.103]   ── 轮询参数 ──
[2026-05-31 01:08:00.103]   • 轮询间隔: 60s
[2026-05-31 01:08:00.103]   • 预开盘提前时间 (lead_time): 600s
[2026-05-31 01:08:00.103]   • 垃圾回收宽限期 (gc_grace): 60s
[2026-05-31 01:08:00.103]   ── YES 主单参数 ──
[2026-05-31 01:08:00.103]   • 买入数量: 5.0 份
[2026-05-31 01:08:00.103]   • 最高价格: $0.92
[2026-05-31 01:08:00.103]   ── NO 对冲参数 ──
[2026-05-31 01:08:00.103]   • 静态对冲价格: $0.4
[2026-05-31 01:08:00.103]   • 切换 TTL 阈值: 40s
[2026-05-31 01:08:00.103]   • 最大 FAK 价格: $0.42
[2026-05-31 01:08:00.103]   • 最小套利边缘: -0.5
[2026-05-31 01:08:00.103]   • live 事件上限: 200
[2026-05-31 01:08:00.103] ────────────────────────────────────────────────────────────
[2026-05-31 01:08:00.103] 
[2026-05-31 01:08:00.104] ━━━━━━━━━━━━━━━━━━━━━━━━━━━━━━━━━━━━━━━━━━━━━━━━━━━━━━━━━━━━
[2026-05-31 01:08:00.104]   【 PreOpen 轮次 #1 】 2026-05-30 17:08:00 UTC
[2026-05-31 01:08:04.955] 
[2026-05-31 01:08:04.955]   🔍 【市场发现】共找到 5 个市场
[2026-05-31 01:08:04.955]      ├─ ❌ 过滤 [已开始] btc-updown-5m-1780160400 | 开始于 17:00:00 UTC | tts=-480s
[2026-05-31 01:08:04.955]      ├─ ❌ 过滤 [已开始] btc-updown-5m-1780160700 | 开始于 17:05:00 UTC | tts=-180s
[2026-05-31 01:08:04.955]      └─ ✅ 可交易 btc-updown-5m-1780161000 | 开始 17:10:00 UTC | 结束 17:15:00 UTC | tts=120s
[2026-05-31 01:08:04.955]      └─ ✅ 可交易 btc-updown-5m-1780161300 | 开始 17:15:00 UTC | 结束 17:20:00 UTC | tts=420s
[2026-05-31 01:08:04.955]      ├─ ❌ 过滤 [太远] btc-updown-5m-1780161600 | 开始于 17:20:00 UTC | tts=720s > 600s
[2026-05-31 01:08:04.956] 
[2026-05-31 01:08:04.956]   📊 【汇总】发现 5 个 | 可交易 2 个
[2026-05-31 01:08:04.956]      └─ 时间窗口外: 3
[2026-05-31 01:08:04.956] 
[2026-05-31 01:08:04.956]   📅 【所有市场时间表】(当前: 17:08:00 UTC)
[2026-05-31 01:08:04.956]      🔴 已开始 17:00:00 - 17:05:00 UTC | btc-updown-5m-1780160400 | 开始已过 480s | 已结束
[2026-05-31 01:08:04.956]      🔴 已开始 17:05:00 - 17:10:00 UTC | btc-updown-5m-1780160700 | 开始已过 180s | 120s后结束
[2026-05-31 01:08:04.956]      ✅ 可交易 17:10:00 - 17:15:00 UTC | btc-updown-5m-1780161000 | 开始120s后 | 420s后结束
[2026-05-31 01:08:04.956]      ✅ 可交易 17:15:00 - 17:20:00 UTC | btc-updown-5m-1780161300 | 开始420s后 | 720s后结束
[2026-05-31 01:08:04.956]      🔜 太远 17:20:00 - 17:25:00 UTC | btc-updown-5m-1780161600 | 开始720s后 | 1020s后结束
[2026-05-31 01:08:04.956]   ✨ 新发现事件: btc-updown-5m-1780161000 | 状态=已发现 | 距开始=120s | 距结束=420s
[2026-05-31 01:08:04.956]   ✨ 新发现事件: btc-updown-5m-1780161300 | 状态=已发现 | 距开始=420s | 距结束=720s
[2026-05-31 01:08:04.956]   🎯 目标事件: btc-updown-5m-1780161000 | 状态=已发现 | 距开始=120s | 距结束=420s
[2026-05-31 01:08:04.956]   ⏱  距离开始=119.9s | 状态=discovered | 动作次数=0
[2026-05-31 01:08:04.956]   🔄 事件状态: DISCOVERED → READY | btc-updown-5m-1780161000
[2026-05-31 01:08:06.736] [py_clob_client_v2] request error status=400 url=https://clob.polymarket.com/auth/api-key body={"error":"Could not create api key"}
[2026-05-31 01:08:06.738] 
[2026-05-31 01:08:09.110]   📗 YES下单: ✅ 已下单 | 价格=$0.5000 | 数量=5.0份 | 订单ID=0x245dfcdd6251851f948fcb6af59ebf46038f2360b30532f59d42302023be8116
[2026-05-31 01:08:09.110]   ✅ Bought 5.0 YES shares @ $0.500
[2026-05-31 01:08:17.679]   📙 NO挂单: ✅ 已下单 | 价格=$0.4000 | 数量=5.0份 | 订单ID=0x3ff6baa8888ccb30f824ad21d0921fd92bf8d8f14b0b1f0b46405b39368d23aa
[2026-05-31 01:08:17.679]   ✅ Bought 5.0 NO shares @ $0.400
[2026-05-31 01:08:24.230]   🎯 live 事件进度: 1/200
[2026-05-31 01:08:24.230] 
[2026-05-31 01:08:24.230]   ✅ 【已下单】btc-updown-5m-1780161000
[2026-05-31 01:08:24.230]      📗 YES: 订单ID=0x245dfcdd6251851f948fcb6af59ebf46038f2360b30532f59d42302023be8116 | 成交价=$0.5000
[2026-05-31 01:08:24.230]      📙 NO: 订单ID=0x3ff6baa8888ccb30f824ad21d0921fd92bf8d8f14b0b1f0b46405b39368d23aa | 成交价=$0.4000
[2026-05-31 01:08:24.230]      📍 当前状态: down_resting | 动作次数: 3
[2026-05-31 01:08:24.230]   📊 套利边缘: net=-0.4000 | 充足=True | edge=-0.4000 >= min=-0.5000; YES@0.500 cost=0.5000 + NO@0.400 cost=0.4000
[2026-05-31 01:08:24.230] 
[2026-05-31 01:08:24.230]   💤 等待 60s 后进行下次轮询...
[2026-05-31 01:09:24.237] 
[2026-05-31 01:09:24.238] ━━━━━━━━━━━━━━━━━━━━━━━━━━━━━━━━━━━━━━━━━━━━━━━━━━━━━━━━━━━━
[2026-05-31 01:09:24.238]   【 PreOpen 轮次 #2 】 2026-05-30 17:09:24 UTC
[2026-05-31 01:09:29.429] 
[2026-05-31 01:09:29.429]   🔍 【市场发现】共找到 5 个市场
[2026-05-31 01:09:29.430]      ├─ ❌ 过滤 [已开始] btc-updown-5m-1780160400 | 开始于 17:00:00 UTC | tts=-564s
[2026-05-31 01:09:29.430]      ├─ ❌ 过滤 [已开始] btc-updown-5m-1780160700 | 开始于 17:05:00 UTC | tts=-264s
[2026-05-31 01:09:29.430]      └─ ✅ 可交易 btc-updown-5m-1780161300 | 开始 17:15:00 UTC | 结束 17:20:00 UTC | tts=336s
[2026-05-31 01:09:29.430]      ├─ ❌ 过滤 [太远] btc-updown-5m-1780161600 | 开始于 17:20:00 UTC | tts=636s > 600s
[2026-05-31 01:09:29.430] 
[2026-05-31 01:09:29.430]   📊 【汇总】发现 5 个 | 可交易 0 个
[2026-05-31 01:09:29.431]      ├─ 已下单事件排除: 1
[2026-05-31 01:09:29.431]      └─ 时间窗口外: 3
[2026-05-31 01:09:29.431] 
[2026-05-31 01:09:29.431]   📅 【所有市场时间表】(当前: 17:09:24 UTC)
[2026-05-31 01:09:29.431]      🔴 已开始 17:00:00 - 17:05:00 UTC | btc-updown-5m-1780160400 | 开始已过 564s | 已结束
[2026-05-31 01:09:29.431]      🔴 已开始 17:05:00 - 17:10:00 UTC | btc-updown-5m-1780160700 | 开始已过 264s | 36s后结束
[2026-05-31 01:09:29.431]      ✅ 可交易 🧾已下单 17:10:00 - 17:15:00 UTC | btc-updown-5m-1780161000 | 开始36s后 | 336s后结束
[2026-05-31 01:09:29.431]      ✅ 可交易 17:15:00 - 17:20:00 UTC | btc-updown-5m-1780161300 | 开始336s后 | 636s后结束
[2026-05-31 01:09:29.432]      🔜 太远 17:20:00 - 17:25:00 UTC | btc-updown-5m-1780161600 | 开始636s后 | 936s后结束
[2026-05-31 01:09:29.432]   🎯 目标事件: btc-updown-5m-1780161000 | 状态=NO挂单中 | 距开始=36s | 距结束=336s
[2026-05-31 01:09:29.432]   ⏱  距离开始=35.8s | 状态=down_resting | 动作次数=3
[2026-05-31 01:09:29.432]   循环检查: ⏭️ 跳过 | 价格=- | 数量=- | 原因: action_count=3 >= max=3
[2026-05-31 01:09:29.432] 
[2026-05-31 01:09:29.432]   ✅ 【已下单】btc-updown-5m-1780161000
[2026-05-31 01:09:29.432]      📗 YES: 订单ID=0x245dfcdd6251851f948fcb6af59ebf46038f2360b30532f59d42302023be8116 | 成交价=$0.5000
[2026-05-31 01:09:29.432]      📙 NO: 订单ID=0x3ff6baa8888ccb30f824ad21d0921fd92bf8d8f14b0b1f0b46405b39368d23aa | 成交价=$0.4000
[2026-05-31 01:09:29.432]      📍 当前状态: down_resting | 动作次数: 3
[2026-05-31 01:09:29.433]   📊 套利边缘: net=-0.4000 | 充足=True | edge=-0.4000 >= min=-0.5000; YES@0.500 cost=0.5000 + NO@0.400 cost=0.4000
[2026-05-31 01:09:29.433] 
[2026-05-31 01:09:29.433]   💤 等待 60s 后进行下次轮询...
[2026-05-31 01:10:29.437] 
[2026-05-31 01:10:29.439] ━━━━━━━━━━━━━━━━━━━━━━━━━━━━━━━━━━━━━━━━━━━━━━━━━━━━━━━━━━━━
[2026-05-31 01:10:29.439]   【 PreOpen 轮次 #3 】 2026-05-30 17:10:29 UTC
[2026-05-31 01:10:34.206] 
[2026-05-31 01:10:34.207]   🔍 【市场发现】共找到 6 个市场
[2026-05-31 01:10:34.207]      ├─ ❌ 过滤 [已开始] btc-updown-5m-1780160400 | 开始于 17:00:00 UTC | tts=-629s
[2026-05-31 01:10:34.207]      ├─ ❌ 过滤 [已开始] btc-updown-5m-1780160700 | 开始于 17:05:00 UTC | tts=-329s
[2026-05-31 01:10:34.207]      └─ ✅ 可交易 btc-updown-5m-1780161300 | 开始 17:15:00 UTC | 结束 17:20:00 UTC | tts=271s
[2026-05-31 01:10:34.208]      └─ ✅ 可交易 btc-updown-5m-1780161600 | 开始 17:20:00 UTC | 结束 17:25:00 UTC | tts=571s
[2026-05-31 01:10:34.208]      ├─ ❌ 过滤 [太远] btc-updown-5m-1780161900 | 开始于 17:25:00 UTC | tts=871s > 600s
[2026-05-31 01:10:34.208] 
[2026-05-31 01:10:34.208]   📊 【汇总】发现 6 个 | 可交易 1 个
[2026-05-31 01:10:34.208]      ├─ 已下单事件排除: 1
[2026-05-31 01:10:34.208]      └─ 时间窗口外: 3
[2026-05-31 01:10:34.208] 
[2026-05-31 01:10:34.208]   📅 【所有市场时间表】(当前: 17:10:29 UTC)
[2026-05-31 01:10:34.208]      🔴 已开始 17:00:00 - 17:05:00 UTC | btc-updown-5m-1780160400 | 开始已过 629s | 已结束
[2026-05-31 01:10:34.208]      🔴 已开始 17:05:00 - 17:10:00 UTC | btc-updown-5m-1780160700 | 开始已过 329s | 已结束
[2026-05-31 01:10:34.209]      🔴 已开始 🧾已下单 17:10:00 - 17:15:00 UTC | btc-updown-5m-1780161000 | 开始已过 29s | 271s后结束
[2026-05-31 01:10:34.209]      ✅ 可交易 17:15:00 - 17:20:00 UTC | btc-updown-5m-1780161300 | 开始271s后 | 571s后结束
[2026-05-31 01:10:34.209]      ✅ 可交易 17:20:00 - 17:25:00 UTC | btc-updown-5m-1780161600 | 开始571s后 | 871s后结束
[2026-05-31 01:10:34.209]      🔜 太远 17:25:00 - 17:30:00 UTC | btc-updown-5m-1780161900 | 开始871s后 | 1171s后结束
[2026-05-31 01:10:34.209]   ✨ 新发现事件: btc-updown-5m-1780161600 | 状态=已发现 | 距开始=571s | 距结束=871s
[2026-05-31 01:10:34.209]   🎯 目标事件: btc-updown-5m-1780161300 | 状态=已发现 | 距开始=271s | 距结束=571s
[2026-05-31 01:10:34.209]   ⏱  距离开始=270.6s | 状态=discovered | 动作次数=0
[2026-05-31 01:10:34.209]   🔄 事件状态: DISCOVERED → READY | btc-updown-5m-1780161300
[2026-05-31 01:10:35.866] [py_clob_client_v2] request error status=400 url=https://clob.polymarket.com/order body={"error":"not enough balance / allowance: the balance is not enough -\u003e balance: 511612, order amount: 2637460"}
[2026-05-31 01:10:35.867]   📗 YES下单: ❌ 错误 | 价格=$0.5100 | 数量=5.0份 | 原因: direct_clob_failed: PolyApiException[status_code=400, error_message={'error': 'not enough balance / allowance: the balance is not enough -> balance: 511612, order amount: 2637460'}]
[2026-05-31 01:10:46.083] 
[2026-05-31 01:10:46.084]   💤 等待 60s 后进行下次轮询...
[2026-05-31 01:11:46.089] 
[2026-05-31 01:11:46.091] ━━━━━━━━━━━━━━━━━━━━━━━━━━━━━━━━━━━━━━━━━━━━━━━━━━━━━━━━━━━━
[2026-05-31 01:11:46.091]   【 PreOpen 轮次 #4 】 2026-05-30 17:11:46 UTC
[2026-05-31 01:11:46.092]   🗑 Pre-GC removed: btc-updown-5m-1780161000 | reason=stale/untradeable
[2026-05-31 01:11:50.436] 
[2026-05-31 01:11:50.436]   🔍 【市场发现】共找到 5 个市场
[2026-05-31 01:11:50.436]      ├─ ❌ 过滤 [已开始] btc-updown-5m-1780160700 | 开始于 17:05:00 UTC | tts=-406s
[2026-05-31 01:11:50.436]      ├─ ❌ 过滤 [已开始] btc-updown-5m-1780161000 | 开始于 17:10:00 UTC | tts=-106s
[2026-05-31 01:11:50.437]      └─ ✅ 可交易 btc-updown-5m-1780161300 | 开始 17:15:00 UTC | 结束 17:20:00 UTC | tts=194s
[2026-05-31 01:11:50.437]      └─ ✅ 可交易 btc-updown-5m-1780161600 | 开始 17:20:00 UTC | 结束 17:25:00 UTC | tts=494s
[2026-05-31 01:11:50.437]      ├─ ❌ 过滤 [太远] btc-updown-5m-1780161900 | 开始于 17:25:00 UTC | tts=794s > 600s
[2026-05-31 01:11:50.437] 
[2026-05-31 01:11:50.437]   📊 【汇总】发现 5 个 | 可交易 0 个
[2026-05-31 01:11:50.437]      └─ 时间窗口外: 3
[2026-05-31 01:11:50.437] 
[2026-05-31 01:11:50.437]   📅 【所有市场时间表】(当前: 17:11:46 UTC)
[2026-05-31 01:11:50.437]      🔴 已开始 17:05:00 - 17:10:00 UTC | btc-updown-5m-1780160700 | 开始已过 406s | 已结束
[2026-05-31 01:11:50.438]      🔴 已开始 17:10:00 - 17:15:00 UTC | btc-updown-5m-1780161000 | 开始已过 106s | 194s后结束
[2026-05-31 01:11:50.438]      ✅ 可交易 17:15:00 - 17:20:00 UTC | btc-updown-5m-1780161300 | 开始194s后 | 494s后结束
[2026-05-31 01:11:50.438]      ✅ 可交易 17:20:00 - 17:25:00 UTC | btc-updown-5m-1780161600 | 开始494s后 | 794s后结束
[2026-05-31 01:11:50.438]      🔜 太远 17:25:00 - 17:30:00 UTC | btc-updown-5m-1780161900 | 开始794s后 | 1094s后结束
[2026-05-31 01:11:50.438]   🎯 目标事件: btc-updown-5m-1780161300 | 状态=就绪 | 距开始=194s | 距结束=494s
[2026-05-31 01:11:50.438]   ⏱  距离开始=193.9s | 状态=ready | 动作次数=1
[2026-05-31 01:11:51.688] [py_clob_client_v2] request error status=400 url=https://clob.polymarket.com/order body={"error":"not enough balance / allowance: the balance is not enough -\u003e balance: 511612, order amount: 2637460"}
[2026-05-31 01:11:51.688]   📗 YES下单: ❌ 错误 | 价格=$0.5100 | 数量=5.0份 | 原因: direct_clob_failed: PolyApiException[status_code=400, error_message={'error': 'not enough balance / allowance: the balance is not enough -> balance: 511612, order amount: 2637460'}]
[2026-05-31 01:11:51.688] 
[2026-05-31 01:11:51.688]   💤 等待 60s 后进行下次轮询...
[2026-05-31 01:12:51.701] 
[2026-05-31 01:12:51.706] ━━━━━━━━━━━━━━━━━━━━━━━━━━━━━━━━━━━━━━━━━━━━━━━━━━━━━━━━━━━━
[2026-05-31 01:12:51.707]   【 PreOpen 轮次 #5 】 2026-05-30 17:12:51 UTC
[2026-05-31 01:12:57.361] 
[2026-05-31 01:12:57.362]   🔍 【市场发现】共找到 5 个市场
[2026-05-31 01:12:57.362]      ├─ ❌ 过滤 [已开始] btc-updown-5m-1780160700 | 开始于 17:05:00 UTC | tts=-472s
[2026-05-31 01:12:57.362]      ├─ ❌ 过滤 [已开始] btc-updown-5m-1780161000 | 开始于 17:10:00 UTC | tts=-172s
[2026-05-31 01:12:57.362]      └─ ✅ 可交易 btc-updown-5m-1780161300 | 开始 17:15:00 UTC | 结束 17:20:00 UTC | tts=128s
[2026-05-31 01:12:57.363]      └─ ✅ 可交易 btc-updown-5m-1780161600 | 开始 17:20:00 UTC | 结束 17:25:00 UTC | tts=428s
[2026-05-31 01:12:57.363]      ├─ ❌ 过滤 [太远] btc-updown-5m-1780161900 | 开始于 17:25:00 UTC | tts=728s > 600s
[2026-05-31 01:12:57.363] 
[2026-05-31 01:12:57.363]   📊 【汇总】发现 5 个 | 可交易 0 个
[2026-05-31 01:12:57.363]      └─ 时间窗口外: 3
[2026-05-31 01:12:57.363] 
[2026-05-31 01:12:57.363]   📅 【所有市场时间表】(当前: 17:12:51 UTC)
[2026-05-31 01:12:57.363]      🔴 已开始 17:05:00 - 17:10:00 UTC | btc-updown-5m-1780160700 | 开始已过 472s | 已结束
[2026-05-31 01:12:57.363]      🔴 已开始 17:10:00 - 17:15:00 UTC | btc-updown-5m-1780161000 | 开始已过 172s | 128s后结束
[2026-05-31 01:12:57.364]      ✅ 可交易 17:15:00 - 17:20:00 UTC | btc-updown-5m-1780161300 | 开始128s后 | 428s后结束
[2026-05-31 01:12:57.364]      ✅ 可交易 17:20:00 - 17:25:00 UTC | btc-updown-5m-1780161600 | 开始428s后 | 728s后结束
[2026-05-31 01:12:57.364]      🔜 太远 17:25:00 - 17:30:00 UTC | btc-updown-5m-1780161900 | 开始728s后 | 1028s后结束
[2026-05-31 01:12:57.364]   🎯 目标事件: btc-updown-5m-1780161300 | 状态=就绪 | 距开始=128s | 距结束=428s
[2026-05-31 01:12:57.364]   ⏱  距离开始=128.3s | 状态=ready | 动作次数=1
[2026-05-31 01:12:58.851] [py_clob_client_v2] request error status=400 url=https://clob.polymarket.com/order body={"error":"not enough balance / allowance: the balance is not enough -\u003e balance: 511612, order amount: 2637460"}
[2026-05-31 01:12:58.852]   📗 YES下单: ❌ 错误 | 价格=$0.5100 | 数量=5.0份 | 原因: direct_clob_failed: PolyApiException[status_code=400, error_message={'error': 'not enough balance / allowance: the balance is not enough -> balance: 511612, order amount: 2637460'}]
[2026-05-31 01:13:08.138] 
[2026-05-31 01:13:08.139]   💤 等待 60s 后进行下次轮询...
[2026-05-31 01:14:08.144] 
[2026-05-31 01:14:08.146] ━━━━━━━━━━━━━━━━━━━━━━━━━━━━━━━━━━━━━━━━━━━━━━━━━━━━━━━━━━━━
[2026-05-31 01:14:08.146]   【 PreOpen 轮次 #6 】 2026-05-30 17:14:08 UTC
[2026-05-31 01:14:12.979] 
[2026-05-31 01:14:12.979]   🔍 【市场发现】共找到 5 个市场
[2026-05-31 01:14:12.979]      ├─ ❌ 过滤 [已开始] btc-updown-5m-1780160700 | 开始于 17:05:00 UTC | tts=-548s
[2026-05-31 01:14:12.979]      ├─ ❌ 过滤 [已开始] btc-updown-5m-1780161000 | 开始于 17:10:00 UTC | tts=-248s
[2026-05-31 01:14:12.979]      └─ ✅ 可交易 btc-updown-5m-1780161300 | 开始 17:15:00 UTC | 结束 17:20:00 UTC | tts=52s
[2026-05-31 01:14:12.979]      └─ ✅ 可交易 btc-updown-5m-1780161600 | 开始 17:20:00 UTC | 结束 17:25:00 UTC | tts=352s
[2026-05-31 01:14:12.979]      ├─ ❌ 过滤 [太远] btc-updown-5m-1780161900 | 开始于 17:25:00 UTC | tts=652s > 600s
[2026-05-31 01:14:12.979] 
[2026-05-31 01:14:12.979]   📊 【汇总】发现 5 个 | 可交易 0 个
[2026-05-31 01:14:12.980]      └─ 时间窗口外: 3
[2026-05-31 01:14:12.980] 
[2026-05-31 01:14:12.980]   📅 【所有市场时间表】(当前: 17:14:08 UTC)
[2026-05-31 01:14:12.980]      🔴 已开始 17:05:00 - 17:10:00 UTC | btc-updown-5m-1780160700 | 开始已过 548s | 已结束
[2026-05-31 01:14:12.980]      🔴 已开始 17:10:00 - 17:15:00 UTC | btc-updown-5m-1780161000 | 开始已过 248s | 52s后结束
[2026-05-31 01:14:12.980]      ✅ 可交易 17:15:00 - 17:20:00 UTC | btc-updown-5m-1780161300 | 开始52s后 | 352s后结束
[2026-05-31 01:14:12.980]      ✅ 可交易 17:20:00 - 17:25:00 UTC | btc-updown-5m-1780161600 | 开始352s后 | 652s后结束
[2026-05-31 01:14:12.980]      🔜 太远 17:25:00 - 17:30:00 UTC | btc-updown-5m-1780161900 | 开始652s后 | 952s后结束
[2026-05-31 01:14:12.980]   🎯 目标事件: btc-updown-5m-1780161300 | 状态=就绪 | 距开始=52s | 距结束=352s
[2026-05-31 01:14:12.981]   ⏱  距离开始=51.9s | 状态=ready | 动作次数=1
[2026-05-31 01:14:14.423] [py_clob_client_v2] request error status=400 url=https://clob.polymarket.com/order body={"error":"not enough balance / allowance: the balance is not enough -\u003e balance: 511612, order amount: 2687360"}
[2026-05-31 01:14:14.423]   📗 YES下单: ❌ 错误 | 价格=$0.5200 | 数量=5.0份 | 原因: direct_clob_failed: PolyApiException[status_code=400, error_message={'error': 'not enough balance / allowance: the balance is not enough -> balance: 511612, order amount: 2687360'}]
[2026-05-31 01:14:14.424] 
[2026-05-31 01:14:14.424]   💤 等待 60s 后进行下次轮询...
[2026-05-31 01:15:14.430] 
[2026-05-31 01:15:14.433] ━━━━━━━━━━━━━━━━━━━━━━━━━━━━━━━━━━━━━━━━━━━━━━━━━━━━━━━━━━━━
[2026-05-31 01:15:14.433]   【 PreOpen 轮次 #7 】 2026-05-30 17:15:14 UTC
[2026-05-31 01:15:18.894] 
[2026-05-31 01:15:18.894]   🔍 【市场发现】共找到 6 个市场
[2026-05-31 01:15:18.894]      ├─ ❌ 过滤 [已开始] btc-updown-5m-1780160700 | 开始于 17:05:00 UTC | tts=-614s
[2026-05-31 01:15:18.894]      ├─ ❌ 过滤 [已开始] btc-updown-5m-1780161000 | 开始于 17:10:00 UTC | tts=-314s
[2026-05-31 01:15:18.894]      ├─ ❌ 过滤 [已开始] btc-updown-5m-1780161300 | 开始于 17:15:00 UTC | tts=-14s
[2026-05-31 01:15:18.895]      └─ ✅ 可交易 btc-updown-5m-1780161600 | 开始 17:20:00 UTC | 结束 17:25:00 UTC | tts=286s
[2026-05-31 01:15:18.895]      └─ ✅ 可交易 btc-updown-5m-1780161900 | 开始 17:25:00 UTC | 结束 17:30:00 UTC | tts=586s
[2026-05-31 01:15:18.895]      ├─ ❌ 过滤 [太远] btc-updown-5m-1780162200 | 开始于 17:30:00 UTC | tts=886s > 600s
[2026-05-31 01:15:18.895] 
[2026-05-31 01:15:18.895]   📊 【汇总】发现 6 个 | 可交易 1 个
[2026-05-31 01:15:18.895]      └─ 时间窗口外: 4
[2026-05-31 01:15:18.895] 
[2026-05-31 01:15:18.895]   📅 【所有市场时间表】(当前: 17:15:14 UTC)
[2026-05-31 01:15:18.895]      🔴 已开始 17:05:00 - 17:10:00 UTC | btc-updown-5m-1780160700 | 开始已过 614s | 已结束
[2026-05-31 01:15:18.896]      🔴 已开始 17:10:00 - 17:15:00 UTC | btc-updown-5m-1780161000 | 开始已过 314s | 已结束
[2026-05-31 01:15:18.896]      🔴 已开始 17:15:00 - 17:20:00 UTC | btc-updown-5m-1780161300 | 开始已过 14s | 286s后结束
[2026-05-31 01:15:18.896]      ✅ 可交易 17:20:00 - 17:25:00 UTC | btc-updown-5m-1780161600 | 开始286s后 | 586s后结束
[2026-05-31 01:15:18.896]      ✅ 可交易 17:25:00 - 17:30:00 UTC | btc-updown-5m-1780161900 | 开始586s后 | 886s后结束
[2026-05-31 01:15:18.896]      🔜 太远 17:30:00 - 17:35:00 UTC | btc-updown-5m-1780162200 | 开始886s后 | 1186s后结束
[2026-05-31 01:15:18.896]   ✨ 新发现事件: btc-updown-5m-1780161900 | 状态=已发现 | 距开始=586s | 距结束=886s
[2026-05-31 01:15:18.896]   🎯 目标事件: btc-updown-5m-1780161600 | 状态=已发现 | 距开始=286s | 距结束=586s
[2026-05-31 01:15:18.896]   ⏱  距离开始=285.6s | 状态=discovered | 动作次数=0
[2026-05-31 01:15:18.896]   🔄 事件状态: DISCOVERED → READY | btc-updown-5m-1780161600
[2026-05-31 01:15:20.398] [py_clob_client_v2] request error status=400 url=https://clob.polymarket.com/order body={"error":"not enough balance / allowance: the balance is not enough -\u003e balance: 511612, order amount: 2637460"}
[2026-05-31 01:15:20.399]   📗 YES下单: ❌ 错误 | 价格=$0.5100 | 数量=5.0份 | 原因: direct_clob_failed: PolyApiException[status_code=400, error_message={'error': 'not enough balance / allowance: the balance is not enough -> balance: 511612, order amount: 2637460'}]
[2026-05-31 01:15:30.017] 
[2026-05-31 01:15:30.018]   💤 等待 60s 后进行下次轮询...
[2026-05-31 01:16:30.027] 
[2026-05-31 01:16:30.030] ━━━━━━━━━━━━━━━━━━━━━━━━━━━━━━━━━━━━━━━━━━━━━━━━━━━━━━━━━━━━
[2026-05-31 01:16:30.031]   【 PreOpen 轮次 #8 】 2026-05-30 17:16:30 UTC
[2026-05-31 01:16:30.031]   🗑 Pre-GC removed: btc-updown-5m-1780161300 | reason=stale/untradeable
[2026-05-31 01:16:34.437] 
[2026-05-31 01:16:34.438]   🔍 【市场发现】共找到 6 个市场
[2026-05-31 01:16:34.438]      ├─ ❌ 过滤 [已开始] btc-updown-5m-1780160700 | 开始于 17:05:00 UTC | tts=-690s
[2026-05-31 01:16:34.438]      ├─ ❌ 过滤 [已开始] btc-updown-5m-1780161000 | 开始于 17:10:00 UTC | tts=-390s
[2026-05-31 01:16:34.438]      ├─ ❌ 过滤 [已开始] btc-updown-5m-1780161300 | 开始于 17:15:00 UTC | tts=-90s
[2026-05-31 01:16:34.438]      └─ ✅ 可交易 btc-updown-5m-1780161600 | 开始 17:20:00 UTC | 结束 17:25:00 UTC | tts=210s
[2026-05-31 01:16:34.439]      └─ ✅ 可交易 btc-updown-5m-1780161900 | 开始 17:25:00 UTC | 结束 17:30:00 UTC | tts=510s
[2026-05-31 01:16:34.439]      ├─ ❌ 过滤 [太远] btc-updown-5m-1780162200 | 开始于 17:30:00 UTC | tts=810s > 600s
[2026-05-31 01:16:34.439] 
[2026-05-31 01:16:34.439]   📊 【汇总】发现 6 个 | 可交易 0 个
[2026-05-31 01:16:34.439]      └─ 时间窗口外: 4
[2026-05-31 01:16:34.439] 
[2026-05-31 01:16:34.439]   📅 【所有市场时间表】(当前: 17:16:30 UTC)
[2026-05-31 01:16:34.439]      🔴 已开始 17:05:00 - 17:10:00 UTC | btc-updown-5m-1780160700 | 开始已过 690s | 已结束
[2026-05-31 01:16:34.439]      🔴 已开始 17:10:00 - 17:15:00 UTC | btc-updown-5m-1780161000 | 开始已过 390s | 已结束
[2026-05-31 01:16:34.439]      🔴 已开始 17:15:00 - 17:20:00 UTC | btc-updown-5m-1780161300 | 开始已过 90s | 210s后结束
[2026-05-31 01:16:34.439]      ✅ 可交易 17:20:00 - 17:25:00 UTC | btc-updown-5m-1780161600 | 开始210s后 | 510s后结束
[2026-05-31 01:16:34.439]      ✅ 可交易 17:25:00 - 17:30:00 UTC | btc-updown-5m-1780161900 | 开始510s后 | 810s后结束
[2026-05-31 01:16:34.440]      🔜 太远 17:30:00 - 17:35:00 UTC | btc-updown-5m-1780162200 | 开始810s后 | 1110s后结束
[2026-05-31 01:16:34.440]   🎯 目标事件: btc-updown-5m-1780161600 | 状态=就绪 | 距开始=210s | 距结束=510s
[2026-05-31 01:16:34.440]   ⏱  距离开始=210.0s | 状态=ready | 动作次数=1
[2026-05-31 01:16:36.718]   📗 YES下单: ✅ 已下单 | 价格=$0.5100 | 数量=5.0份 | 订单ID=0x575bb319acbd9e9913da7aa5f26e9cb51a14ed00c32dcd2e9ab6e9b7563a457a
[2026-05-31 01:16:36.718]   ✅ Bought 5.0 YES shares @ $0.510
[2026-05-31 01:16:43.040]   📙 NO挂单: ✅ 已下单 | 价格=$0.4000 | 数量=5.0份 | 订单ID=0x62fb4dd350c33a5014aa5b8d084c0ff7a910fb743a872532ec66663c6c447805
[2026-05-31 01:16:43.041]   ✅ Bought 5.0 NO shares @ $0.400
[2026-05-31 01:16:49.196]   🎯 live 事件进度: 2/200
[2026-05-31 01:16:49.196] 
[2026-05-31 01:16:49.196]   ✅ 【已下单】btc-updown-5m-1780161600
[2026-05-31 01:16:49.196]      📗 YES: 订单ID=0x575bb319acbd9e9913da7aa5f26e9cb51a14ed00c32dcd2e9ab6e9b7563a457a | 成交价=$0.5100
[2026-05-31 01:16:49.196]      📙 NO: 订单ID=0x62fb4dd350c33a5014aa5b8d084c0ff7a910fb743a872532ec66663c6c447805 | 成交价=$0.4000
[2026-05-31 01:16:49.196]      📍 当前状态: down_resting | 动作次数: 3
[2026-05-31 01:16:49.196]   📊 套利边缘: net=-0.4000 | 充足=True | edge=-0.4000 >= min=-0.5000; YES@0.510 cost=0.5100 + NO@0.400 cost=0.4000
[2026-05-31 01:16:49.196] 
[2026-05-31 01:16:49.196]   💤 等待 60s 后进行下次轮询...
[2026-05-31 01:17:49.199] 
[2026-05-31 01:17:49.201] ━━━━━━━━━━━━━━━━━━━━━━━━━━━━━━━━━━━━━━━━━━━━━━━━━━━━━━━━━━━━
[2026-05-31 01:17:49.201]   【 PreOpen 轮次 #9 】 2026-05-30 17:17:49 UTC
[2026-05-31 01:17:54.167] 
[2026-05-31 01:17:54.167]   🔍 【市场发现】共找到 5 个市场
[2026-05-31 01:17:54.168]      ├─ ❌ 过滤 [已开始] btc-updown-5m-1780161000 | 开始于 17:10:00 UTC | tts=-469s
[2026-05-31 01:17:54.168]      ├─ ❌ 过滤 [已开始] btc-updown-5m-1780161300 | 开始于 17:15:00 UTC | tts=-169s
[2026-05-31 01:17:54.168]      └─ ✅ 可交易 btc-updown-5m-1780161900 | 开始 17:25:00 UTC | 结束 17:30:00 UTC | tts=431s
[2026-05-31 01:17:54.168]      ├─ ❌ 过滤 [太远] btc-updown-5m-1780162200 | 开始于 17:30:00 UTC | tts=731s > 600s
[2026-05-31 01:17:54.168] 
[2026-05-31 01:17:54.168]   📊 【汇总】发现 5 个 | 可交易 0 个
[2026-05-31 01:17:54.168]      ├─ 已下单事件排除: 1
[2026-05-31 01:17:54.168]      └─ 时间窗口外: 3
[2026-05-31 01:17:54.169] 
[2026-05-31 01:17:54.169]   📅 【所有市场时间表】(当前: 17:17:49 UTC)
[2026-05-31 01:17:54.169]      🔴 已开始 17:10:00 - 17:15:00 UTC | btc-updown-5m-1780161000 | 开始已过 469s | 已结束
[2026-05-31 01:17:54.169]      🔴 已开始 17:15:00 - 17:20:00 UTC | btc-updown-5m-1780161300 | 开始已过 169s | 131s后结束
[2026-05-31 01:17:54.169]      ✅ 可交易 🧾已下单 17:20:00 - 17:25:00 UTC | btc-updown-5m-1780161600 | 开始131s后 | 431s后结束
[2026-05-31 01:17:54.169]      ✅ 可交易 17:25:00 - 17:30:00 UTC | btc-updown-5m-1780161900 | 开始431s后 | 731s后结束
[2026-05-31 01:17:54.169]      🔜 太远 17:30:00 - 17:35:00 UTC | btc-updown-5m-1780162200 | 开始731s后 | 1031s后结束
[2026-05-31 01:17:54.170]   🎯 目标事件: btc-updown-5m-1780161600 | 状态=NO挂单中 | 距开始=131s | 距结束=431s
[2026-05-31 01:17:54.170]   ⏱  距离开始=130.8s | 状态=down_resting | 动作次数=3
[2026-05-31 01:17:54.170]   循环检查: ⏭️ 跳过 | 价格=- | 数量=- | 原因: action_count=3 >= max=3
[2026-05-31 01:17:54.170] 
[2026-05-31 01:17:54.170]   ✅ 【已下单】btc-updown-5m-1780161600
[2026-05-31 01:17:54.170]      📗 YES: 订单ID=0x575bb319acbd9e9913da7aa5f26e9cb51a14ed00c32dcd2e9ab6e9b7563a457a | 成交价=$0.5100
[2026-05-31 01:17:54.170]      📙 NO: 订单ID=0x62fb4dd350c33a5014aa5b8d084c0ff7a910fb743a872532ec66663c6c447805 | 成交价=$0.4000
[2026-05-31 01:17:54.170]      📍 当前状态: down_resting | 动作次数: 3
[2026-05-31 01:17:54.170]   📊 套利边缘: net=-0.4000 | 充足=True | edge=-0.4000 >= min=-0.5000; YES@0.510 cost=0.5100 + NO@0.400 cost=0.4000
[2026-05-31 01:18:13.376] 
[2026-05-31 01:18:13.377]   💤 等待 60s 后进行下次轮询...
[2026-05-31 01:19:13.379] 
[2026-05-31 01:19:13.381] ━━━━━━━━━━━━━━━━━━━━━━━━━━━━━━━━━━━━━━━━━━━━━━━━━━━━━━━━━━━━
[2026-05-31 01:19:13.381]   【 PreOpen 轮次 #10 】 2026-05-30 17:19:13 UTC
[2026-05-31 01:19:18.152] 
[2026-05-31 01:19:18.152]   🔍 【市场发现】共找到 5 个市场
[2026-05-31 01:19:18.152]      ├─ ❌ 过滤 [已开始] btc-updown-5m-1780161000 | 开始于 17:10:00 UTC | tts=-553s
[2026-05-31 01:19:18.152]      ├─ ❌ 过滤 [已开始] btc-updown-5m-1780161300 | 开始于 17:15:00 UTC | tts=-253s
[2026-05-31 01:19:18.153]      └─ ✅ 可交易 btc-updown-5m-1780161900 | 开始 17:25:00 UTC | 结束 17:30:00 UTC | tts=347s
[2026-05-31 01:19:18.153]      ├─ ❌ 过滤 [太远] btc-updown-5m-1780162200 | 开始于 17:30:00 UTC | tts=647s > 600s
[2026-05-31 01:19:18.153] 
[2026-05-31 01:19:18.153]   📊 【汇总】发现 5 个 | 可交易 0 个
[2026-05-31 01:19:18.153]      ├─ 已下单事件排除: 1
[2026-05-31 01:19:18.153]      └─ 时间窗口外: 3
[2026-05-31 01:19:18.153] 
[2026-05-31 01:19:18.153]   📅 【所有市场时间表】(当前: 17:19:13 UTC)
[2026-05-31 01:19:18.154]      🔴 已开始 17:10:00 - 17:15:00 UTC | btc-updown-5m-1780161000 | 开始已过 553s | 已结束
[2026-05-31 01:19:18.154]      🔴 已开始 17:15:00 - 17:20:00 UTC | btc-updown-5m-1780161300 | 开始已过 253s | 47s后结束
[2026-05-31 01:19:18.154]      ✅ 可交易 🧾已下单 17:20:00 - 17:25:00 UTC | btc-updown-5m-1780161600 | 开始47s后 | 347s后结束
[2026-05-31 01:19:18.154]      ✅ 可交易 17:25:00 - 17:30:00 UTC | btc-updown-5m-1780161900 | 开始347s后 | 647s后结束
[2026-05-31 01:19:18.154]      🔜 太远 17:30:00 - 17:35:00 UTC | btc-updown-5m-1780162200 | 开始647s后 | 947s后结束
[2026-05-31 01:19:18.154]   🎯 目标事件: btc-updown-5m-1780161600 | 状态=NO挂单中 | 距开始=47s | 距结束=347s
[2026-05-31 01:19:18.154]   ⏱  距离开始=46.6s | 状态=down_resting | 动作次数=3
[2026-05-31 01:19:18.154]   循环检查: ⏭️ 跳过 | 价格=- | 数量=- | 原因: action_count=3 >= max=3
[2026-05-31 01:19:18.154] 
[2026-05-31 01:19:18.154]   ✅ 【已下单】btc-updown-5m-1780161600
[2026-05-31 01:19:18.154]      📗 YES: 订单ID=0x575bb319acbd9e9913da7aa5f26e9cb51a14ed00c32dcd2e9ab6e9b7563a457a | 成交价=$0.5100
[2026-05-31 01:19:18.154]      📙 NO: 订单ID=0x62fb4dd350c33a5014aa5b8d084c0ff7a910fb743a872532ec66663c6c447805 | 成交价=$0.4000
[2026-05-31 01:19:18.155]      📍 当前状态: down_resting | 动作次数: 3
[2026-05-31 01:19:18.155]   📊 套利边缘: net=-0.4000 | 充足=True | edge=-0.4000 >= min=-0.5000; YES@0.510 cost=0.5100 + NO@0.400 cost=0.4000
[2026-05-31 01:19:18.155] 
[2026-05-31 01:19:18.155]   💤 等待 60s 后进行下次轮询...
[2026-05-31 01:20:18.160] 
[2026-05-31 01:20:18.163] ━━━━━━━━━━━━━━━━━━━━━━━━━━━━━━━━━━━━━━━━━━━━━━━━━━━━━━━━━━━━
[2026-05-31 01:20:18.163]   【 PreOpen 轮次 #11 】 2026-05-30 17:20:18 UTC
[2026-05-31 01:20:23.283] 
[2026-05-31 01:20:23.283]   🔍 【市场发现】共找到 6 个市场
[2026-05-31 01:20:23.284]      ├─ ❌ 过滤 [已开始] btc-updown-5m-1780161000 | 开始于 17:10:00 UTC | tts=-618s
[2026-05-31 01:20:23.284]      ├─ ❌ 过滤 [已开始] btc-updown-5m-1780161300 | 开始于 17:15:00 UTC | tts=-318s
[2026-05-31 01:20:23.284]      └─ ✅ 可交易 btc-updown-5m-1780161900 | 开始 17:25:00 UTC | 结束 17:30:00 UTC | tts=282s
[2026-05-31 01:20:23.284]      └─ ✅ 可交易 btc-updown-5m-1780162200 | 开始 17:30:00 UTC | 结束 17:35:00 UTC | tts=582s
[2026-05-31 01:20:23.284]      ├─ ❌ 过滤 [太远] btc-updown-5m-1780162500 | 开始于 17:35:00 UTC | tts=882s > 600s
[2026-05-31 01:20:23.284] 
[2026-05-31 01:20:23.285]   📊 【汇总】发现 6 个 | 可交易 1 个
[2026-05-31 01:20:23.285]      ├─ 已下单事件排除: 1
[2026-05-31 01:20:23.285]      └─ 时间窗口外: 3
[2026-05-31 01:20:23.285] 
[2026-05-31 01:20:23.285]   📅 【所有市场时间表】(当前: 17:20:18 UTC)
[2026-05-31 01:20:23.285]      🔴 已开始 17:10:00 - 17:15:00 UTC | btc-updown-5m-1780161000 | 开始已过 618s | 已结束
[2026-05-31 01:20:23.285]      🔴 已开始 17:15:00 - 17:20:00 UTC | btc-updown-5m-1780161300 | 开始已过 318s | 已结束
[2026-05-31 01:20:23.285]      🔴 已开始 🧾已下单 17:20:00 - 17:25:00 UTC | btc-updown-5m-1780161600 | 开始已过 18s | 282s后结束
[2026-05-31 01:20:23.285]      ✅ 可交易 17:25:00 - 17:30:00 UTC | btc-updown-5m-1780161900 | 开始282s后 | 582s后结束
[2026-05-31 01:20:23.285]      ✅ 可交易 17:30:00 - 17:35:00 UTC | btc-updown-5m-1780162200 | 开始582s后 | 882s后结束
[2026-05-31 01:20:23.285]      🔜 太远 17:35:00 - 17:40:00 UTC | btc-updown-5m-1780162500 | 开始882s后 | 1182s后结束
[2026-05-31 01:20:23.285]   ✨ 新发现事件: btc-updown-5m-1780162200 | 状态=已发现 | 距开始=582s | 距结束=882s
[2026-05-31 01:20:23.285]   🎯 目标事件: btc-updown-5m-1780161900 | 状态=已发现 | 距开始=282s | 距结束=582s
[2026-05-31 01:20:23.285]   ⏱  距离开始=281.8s | 状态=discovered | 动作次数=0
[2026-05-31 01:20:23.285]   🔄 事件状态: DISCOVERED → READY | btc-updown-5m-1780161900
[2026-05-31 01:20:25.036] [py_clob_client_v2] request error status=400 url=https://clob.polymarket.com/order body={"error":"not enough balance / allowance: the balance is not enough -\u003e balance: 874152, order amount: 2637460"}
[2026-05-31 01:20:25.037]   📗 YES下单: ❌ 错误 | 价格=$0.5100 | 数量=5.0份 | 原因: direct_clob_failed: PolyApiException[status_code=400, error_message={'error': 'not enough balance / allowance: the balance is not enough -> balance: 874152, order amount: 2637460'}]
[2026-05-31 01:20:43.450] 
[2026-05-31 01:20:43.450]   💤 等待 60s 后进行下次轮询...
[2026-05-31 01:21:43.456] 
[2026-05-31 01:21:43.458] ━━━━━━━━━━━━━━━━━━━━━━━━━━━━━━━━━━━━━━━━━━━━━━━━━━━━━━━━━━━━
[2026-05-31 01:21:43.458]   【 PreOpen 轮次 #12 】 2026-05-30 17:21:43 UTC
[2026-05-31 01:21:43.459]   🗑 Pre-GC removed: btc-updown-5m-1780161600 | reason=stale/untradeable
[2026-05-31 01:21:48.846] 
[2026-05-31 01:21:48.846]   🔍 【市场发现】共找到 5 个市场
[2026-05-31 01:21:48.846]      ├─ ❌ 过滤 [已开始] btc-updown-5m-1780161300 | 开始于 17:15:00 UTC | tts=-403s
[2026-05-31 01:21:48.847]      ├─ ❌ 过滤 [已开始] btc-updown-5m-1780161600 | 开始于 17:20:00 UTC | tts=-103s
[2026-05-31 01:21:48.847]      └─ ✅ 可交易 btc-updown-5m-1780161900 | 开始 17:25:00 UTC | 结束 17:30:00 UTC | tts=197s
[2026-05-31 01:21:48.847]      └─ ✅ 可交易 btc-updown-5m-1780162200 | 开始 17:30:00 UTC | 结束 17:35:00 UTC | tts=497s
[2026-05-31 01:21:48.847]      ├─ ❌ 过滤 [太远] btc-updown-5m-1780162500 | 开始于 17:35:00 UTC | tts=797s > 600s
[2026-05-31 01:21:48.847] 
[2026-05-31 01:21:48.847]   📊 【汇总】发现 5 个 | 可交易 0 个
[2026-05-31 01:21:48.847]      └─ 时间窗口外: 3
[2026-05-31 01:21:48.847] 
[2026-05-31 01:21:48.847]   📅 【所有市场时间表】(当前: 17:21:43 UTC)
[2026-05-31 01:21:48.848]      🔴 已开始 17:15:00 - 17:20:00 UTC | btc-updown-5m-1780161300 | 开始已过 403s | 已结束
[2026-05-31 01:21:48.848]      🔴 已开始 17:20:00 - 17:25:00 UTC | btc-updown-5m-1780161600 | 开始已过 103s | 197s后结束
[2026-05-31 01:21:48.848]      ✅ 可交易 17:25:00 - 17:30:00 UTC | btc-updown-5m-1780161900 | 开始197s后 | 497s后结束
[2026-05-31 01:21:48.848]      ✅ 可交易 17:30:00 - 17:35:00 UTC | btc-updown-5m-1780162200 | 开始497s后 | 797s后结束
[2026-05-31 01:21:48.848]      🔜 太远 17:35:00 - 17:40:00 UTC | btc-updown-5m-1780162500 | 开始797s后 | 1097s后结束
[2026-05-31 01:21:48.848]   🎯 目标事件: btc-updown-5m-1780161900 | 状态=就绪 | 距开始=197s | 距结束=497s
[2026-05-31 01:21:48.848]   ⏱  距离开始=196.5s | 状态=ready | 动作次数=1
[2026-05-31 01:21:51.134] [py_clob_client_v2] request error status=400 url=https://clob.polymarket.com/order body={"error":"not enough balance / allowance: the balance is not enough -\u003e balance: 874152, order amount: 2637460"}
[2026-05-31 01:21:51.135]   📗 YES下单: ❌ 错误 | 价格=$0.5100 | 数量=5.0份 | 原因: direct_clob_failed: PolyApiException[status_code=400, error_message={'error': 'not enough balance / allowance: the balance is not enough -> balance: 874152, order amount: 2637460'}]
[2026-05-31 01:21:51.135] 
[2026-05-31 01:21:51.135]   💤 等待 60s 后进行下次轮询...
[2026-05-31 01:22:51.142] 
[2026-05-31 01:22:51.144] ━━━━━━━━━━━━━━━━━━━━━━━━━━━━━━━━━━━━━━━━━━━━━━━━━━━━━━━━━━━━
[2026-05-31 01:22:51.145]   【 PreOpen 轮次 #13 】 2026-05-30 17:22:51 UTC
[2026-05-31 01:22:56.159] 
[2026-05-31 01:22:56.159]   🔍 【市场发现】共找到 5 个市场
[2026-05-31 01:22:56.159]      ├─ ❌ 过滤 [已开始] btc-updown-5m-1780161300 | 开始于 17:15:00 UTC | tts=-471s
[2026-05-31 01:22:56.159]      ├─ ❌ 过滤 [已开始] btc-updown-5m-1780161600 | 开始于 17:20:00 UTC | tts=-171s
[2026-05-31 01:22:56.159]      └─ ✅ 可交易 btc-updown-5m-1780161900 | 开始 17:25:00 UTC | 结束 17:30:00 UTC | tts=129s
[2026-05-31 01:22:56.160]      └─ ✅ 可交易 btc-updown-5m-1780162200 | 开始 17:30:00 UTC | 结束 17:35:00 UTC | tts=429s
[2026-05-31 01:22:56.160]      ├─ ❌ 过滤 [太远] btc-updown-5m-1780162500 | 开始于 17:35:00 UTC | tts=729s > 600s
[2026-05-31 01:22:56.160] 
[2026-05-31 01:22:56.160]   📊 【汇总】发现 5 个 | 可交易 0 个
[2026-05-31 01:22:56.160]      └─ 时间窗口外: 3
[2026-05-31 01:22:56.160] 
[2026-05-31 01:22:56.160]   📅 【所有市场时间表】(当前: 17:22:51 UTC)
[2026-05-31 01:22:56.160]      🔴 已开始 17:15:00 - 17:20:00 UTC | btc-updown-5m-1780161300 | 开始已过 471s | 已结束
[2026-05-31 01:22:56.160]      🔴 已开始 17:20:00 - 17:25:00 UTC | btc-updown-5m-1780161600 | 开始已过 171s | 129s后结束
[2026-05-31 01:22:56.160]      ✅ 可交易 17:25:00 - 17:30:00 UTC | btc-updown-5m-1780161900 | 开始129s后 | 429s后结束
[2026-05-31 01:22:56.160]      ✅ 可交易 17:30:00 - 17:35:00 UTC | btc-updown-5m-1780162200 | 开始429s后 | 729s后结束
[2026-05-31 01:22:56.160]      🔜 太远 17:35:00 - 17:40:00 UTC | btc-updown-5m-1780162500 | 开始729s后 | 1029s后结束
[2026-05-31 01:22:56.161]   🎯 目标事件: btc-updown-5m-1780161900 | 状态=就绪 | 距开始=129s | 距结束=429s
[2026-05-31 01:22:56.161]   ⏱  距离开始=128.9s | 状态=ready | 动作次数=1
[2026-05-31 01:22:57.398] [py_clob_client_v2] request error status=400 url=https://clob.polymarket.com/order body={"error":"not enough balance / allowance: the balance is not enough -\u003e balance: 874152, order amount: 2985260"}
[2026-05-31 01:22:57.399]   📗 YES下单: ❌ 错误 | 价格=$0.5800 | 数量=5.0份 | 原因: direct_clob_failed: PolyApiException[status_code=400, error_message={'error': 'not enough balance / allowance: the balance is not enough -> balance: 874152, order amount: 2985260'}]
[2026-05-31 01:23:07.764]   🧾 结算回填: 已追加 2 条 settled 记录到 trades.csv
[2026-05-31 01:23:07.765] 
[2026-05-31 01:23:07.765]   💤 等待 60s 后进行下次轮询...
[2026-05-31 01:24:07.766] 
[2026-05-31 01:24:07.768] ━━━━━━━━━━━━━━━━━━━━━━━━━━━━━━━━━━━━━━━━━━━━━━━━━━━━━━━━━━━━
[2026-05-31 01:24:07.768]   【 PreOpen 轮次 #14 】 2026-05-30 17:24:07 UTC
[2026-05-31 01:24:12.122] 
[2026-05-31 01:24:12.122]   🔍 【市场发现】共找到 5 个市场
[2026-05-31 01:24:12.122]      ├─ ❌ 过滤 [已开始] btc-updown-5m-1780161300 | 开始于 17:15:00 UTC | tts=-548s
[2026-05-31 01:24:12.122]      ├─ ❌ 过滤 [已开始] btc-updown-5m-1780161600 | 开始于 17:20:00 UTC | tts=-248s
[2026-05-31 01:24:12.122]      └─ ✅ 可交易 btc-updown-5m-1780161900 | 开始 17:25:00 UTC | 结束 17:30:00 UTC | tts=52s
[2026-05-31 01:24:12.122]      └─ ✅ 可交易 btc-updown-5m-1780162200 | 开始 17:30:00 UTC | 结束 17:35:00 UTC | tts=352s
[2026-05-31 01:24:12.123]      ├─ ❌ 过滤 [太远] btc-updown-5m-1780162500 | 开始于 17:35:00 UTC | tts=652s > 600s
[2026-05-31 01:24:12.123] 
[2026-05-31 01:24:12.123]   📊 【汇总】发现 5 个 | 可交易 0 个
[2026-05-31 01:24:12.123]      └─ 时间窗口外: 3
[2026-05-31 01:24:12.123] 
[2026-05-31 01:24:12.123]   📅 【所有市场时间表】(当前: 17:24:07 UTC)
[2026-05-31 01:24:12.123]      🔴 已开始 17:15:00 - 17:20:00 UTC | btc-updown-5m-1780161300 | 开始已过 548s | 已结束
[2026-05-31 01:24:12.123]      🔴 已开始 17:20:00 - 17:25:00 UTC | btc-updown-5m-1780161600 | 开始已过 248s | 52s后结束
[2026-05-31 01:24:12.123]      ✅ 可交易 17:25:00 - 17:30:00 UTC | btc-updown-5m-1780161900 | 开始52s后 | 352s后结束
[2026-05-31 01:24:12.123]      ✅ 可交易 17:30:00 - 17:35:00 UTC | btc-updown-5m-1780162200 | 开始352s后 | 652s后结束
[2026-05-31 01:24:12.123]      🔜 太远 17:35:00 - 17:40:00 UTC | btc-updown-5m-1780162500 | 开始652s后 | 952s后结束
[2026-05-31 01:24:12.123]   🎯 目标事件: btc-updown-5m-1780161900 | 状态=就绪 | 距开始=52s | 距结束=352s
[2026-05-31 01:24:12.123]   ⏱  距离开始=52.2s | 状态=ready | 动作次数=1
[2026-05-31 01:24:13.759] [py_clob_client_v2] request error status=400 url=https://clob.polymarket.com/order body={"error":"not enough balance / allowance: the balance is not enough -\u003e balance: 874152, order amount: 2687360"}
[2026-05-31 01:24:13.760]   📗 YES下单: ❌ 错误 | 价格=$0.5200 | 数量=5.0份 | 原因: direct_clob_failed: PolyApiException[status_code=400, error_message={'error': 'not enough balance / allowance: the balance is not enough -> balance: 874152, order amount: 2687360'}]
[2026-05-31 01:24:13.760] 
[2026-05-31 01:24:13.760]   💤 等待 60s 后进行下次轮询...
[2026-05-31 01:25:13.766] 
[2026-05-31 01:25:13.768] ━━━━━━━━━━━━━━━━━━━━━━━━━━━━━━━━━━━━━━━━━━━━━━━━━━━━━━━━━━━━
[2026-05-31 01:25:13.768]   【 PreOpen 轮次 #15 】 2026-05-30 17:25:13 UTC
[2026-05-31 01:25:18.198] 
[2026-05-31 01:25:18.198]   🔍 【市场发现】共找到 6 个市场
[2026-05-31 01:25:18.198]      ├─ ❌ 过滤 [已开始] btc-updown-5m-1780161300 | 开始于 17:15:00 UTC | tts=-614s
[2026-05-31 01:25:18.198]      ├─ ❌ 过滤 [已开始] btc-updown-5m-1780161600 | 开始于 17:20:00 UTC | tts=-314s
[2026-05-31 01:25:18.198]      ├─ ❌ 过滤 [已开始] btc-updown-5m-1780161900 | 开始于 17:25:00 UTC | tts=-14s
[2026-05-31 01:25:18.199]      └─ ✅ 可交易 btc-updown-5m-1780162200 | 开始 17:30:00 UTC | 结束 17:35:00 UTC | tts=286s
[2026-05-31 01:25:18.199]      └─ ✅ 可交易 btc-updown-5m-1780162500 | 开始 17:35:00 UTC | 结束 17:40:00 UTC | tts=586s
[2026-05-31 01:25:18.199]      ├─ ❌ 过滤 [太远] btc-updown-5m-1780162800 | 开始于 17:40:00 UTC | tts=886s > 600s
[2026-05-31 01:25:18.199] 
[2026-05-31 01:25:18.199]   📊 【汇总】发现 6 个 | 可交易 1 个
[2026-05-31 01:25:18.199]      └─ 时间窗口外: 4
[2026-05-31 01:25:18.199] 
[2026-05-31 01:25:18.199]   📅 【所有市场时间表】(当前: 17:25:13 UTC)
[2026-05-31 01:25:18.199]      🔴 已开始 17:15:00 - 17:20:00 UTC | btc-updown-5m-1780161300 | 开始已过 614s | 已结束
[2026-05-31 01:25:18.200]      🔴 已开始 17:20:00 - 17:25:00 UTC | btc-updown-5m-1780161600 | 开始已过 314s | 已结束
[2026-05-31 01:25:18.200]      🔴 已开始 17:25:00 - 17:30:00 UTC | btc-updown-5m-1780161900 | 开始已过 14s | 286s后结束
[2026-05-31 01:25:18.200]      ✅ 可交易 17:30:00 - 17:35:00 UTC | btc-updown-5m-1780162200 | 开始286s后 | 586s后结束
[2026-05-31 01:25:18.200]      ✅ 可交易 17:35:00 - 17:40:00 UTC | btc-updown-5m-1780162500 | 开始586s后 | 886s后结束
[2026-05-31 01:25:18.200]      🔜 太远 17:40:00 - 17:45:00 UTC | btc-updown-5m-1780162800 | 开始886s后 | 1186s后结束
[2026-05-31 01:25:18.200]   ✨ 新发现事件: btc-updown-5m-1780162500 | 状态=已发现 | 距开始=586s | 距结束=886s
[2026-05-31 01:25:18.200]   🎯 目标事件: btc-updown-5m-1780162200 | 状态=已发现 | 距开始=286s | 距结束=586s
[2026-05-31 01:25:18.200]   ⏱  距离开始=286.2s | 状态=discovered | 动作次数=0
[2026-05-31 01:25:18.200]   🔄 事件状态: DISCOVERED → READY | btc-updown-5m-1780162200
[2026-05-31 01:25:19.700] [py_clob_client_v2] request error status=400 url=https://clob.polymarket.com/order body={"error":"not enough balance / allowance: the balance is not enough -\u003e balance: 874152, order amount: 2637460"}
[2026-05-31 01:25:19.701]   📗 YES下单: ❌ 错误 | 价格=$0.5100 | 数量=5.0份 | 原因: direct_clob_failed: PolyApiException[status_code=400, error_message={'error': 'not enough balance / allowance: the balance is not enough -> balance: 874152, order amount: 2637460'}]
[2026-05-31 01:25:28.602] 
[2026-05-31 01:25:28.604]   💤 等待 60s 后进行下次轮询...
[2026-05-31 01:26:28.609] 
[2026-05-31 01:26:28.612] ━━━━━━━━━━━━━━━━━━━━━━━━━━━━━━━━━━━━━━━━━━━━━━━━━━━━━━━━━━━━
[2026-05-31 01:26:28.612]   【 PreOpen 轮次 #16 】 2026-05-30 17:26:28 UTC
[2026-05-31 01:26:28.613]   🗑 Pre-GC removed: btc-updown-5m-1780161900 | reason=stale/untradeable
[2026-05-31 01:26:33.453] 
[2026-05-31 01:26:33.453]   🔍 【市场发现】共找到 5 个市场
[2026-05-31 01:26:33.454]      ├─ ❌ 过滤 [已开始] btc-updown-5m-1780161600 | 开始于 17:20:00 UTC | tts=-389s
[2026-05-31 01:26:33.454]      ├─ ❌ 过滤 [已开始] btc-updown-5m-1780161900 | 开始于 17:25:00 UTC | tts=-89s
[2026-05-31 01:26:33.454]      └─ ✅ 可交易 btc-updown-5m-1780162200 | 开始 17:30:00 UTC | 结束 17:35:00 UTC | tts=211s
[2026-05-31 01:26:33.454]      └─ ✅ 可交易 btc-updown-5m-1780162500 | 开始 17:35:00 UTC | 结束 17:40:00 UTC | tts=511s
[2026-05-31 01:26:33.455]      ├─ ❌ 过滤 [太远] btc-updown-5m-1780162800 | 开始于 17:40:00 UTC | tts=811s > 600s
[2026-05-31 01:26:33.455] 
[2026-05-31 01:26:33.455]   📊 【汇总】发现 5 个 | 可交易 0 个
[2026-05-31 01:26:33.455]      └─ 时间窗口外: 3
[2026-05-31 01:26:33.455] 
[2026-05-31 01:26:33.455]   📅 【所有市场时间表】(当前: 17:26:28 UTC)
[2026-05-31 01:26:33.455]      🔴 已开始 17:20:00 - 17:25:00 UTC | btc-updown-5m-1780161600 | 开始已过 389s | 已结束
[2026-05-31 01:26:33.455]      🔴 已开始 17:25:00 - 17:30:00 UTC | btc-updown-5m-1780161900 | 开始已过 89s | 211s后结束
[2026-05-31 01:26:33.455]      ✅ 可交易 17:30:00 - 17:35:00 UTC | btc-updown-5m-1780162200 | 开始211s后 | 511s后结束
[2026-05-31 01:26:33.455]      ✅ 可交易 17:35:00 - 17:40:00 UTC | btc-updown-5m-1780162500 | 开始511s后 | 811s后结束
[2026-05-31 01:26:33.455]      🔜 太远 17:40:00 - 17:45:00 UTC | btc-updown-5m-1780162800 | 开始811s后 | 1111s后结束
[2026-05-31 01:26:33.456]   🎯 目标事件: btc-updown-5m-1780162200 | 状态=就绪 | 距开始=211s | 距结束=511s
[2026-05-31 01:26:33.456]   ⏱  距离开始=211.4s | 状态=ready | 动作次数=1
[2026-05-31 01:26:35.741]   📗 YES下单: ✅ 已下单 | 价格=$0.5000 | 数量=5.0份 | 订单ID=0x41cc3f4cddf9ddb6889f5b8405f973c70bd270efa3753b8426023b931b0b77aa
[2026-05-31 01:26:35.742]   ✅ Bought 5.0 YES shares @ $0.500
[2026-05-31 01:26:42.145]   📙 NO挂单: ✅ 已下单 | 价格=$0.4000 | 数量=5.0份 | 订单ID=0xdb6b84f9dc48e229eb41d7d0bad039d9310f95141ae8dcc9973edf80e7a21e3f
[2026-05-31 01:26:42.145]   ✅ Bought 5.0 NO shares @ $0.400
[2026-05-31 01:26:48.719]   🎯 live 事件进度: 3/200
[2026-05-31 01:26:48.719] 
[2026-05-31 01:26:48.719]   ✅ 【已下单】btc-updown-5m-1780162200
[2026-05-31 01:26:48.719]      📗 YES: 订单ID=0x41cc3f4cddf9ddb6889f5b8405f973c70bd270efa3753b8426023b931b0b77aa | 成交价=$0.5000
[2026-05-31 01:26:48.719]      📙 NO: 订单ID=0xdb6b84f9dc48e229eb41d7d0bad039d9310f95141ae8dcc9973edf80e7a21e3f | 成交价=$0.4000
[2026-05-31 01:26:48.719]      📍 当前状态: down_resting | 动作次数: 3
[2026-05-31 01:26:48.719]   📊 套利边缘: net=-0.4000 | 充足=True | edge=-0.4000 >= min=-0.5000; YES@0.500 cost=0.5000 + NO@0.400 cost=0.4000
[2026-05-31 01:26:48.719] 
[2026-05-31 01:26:48.719]   💤 等待 60s 后进行下次轮询...
[2026-05-31 01:27:48.723] 
[2026-05-31 01:27:48.725] ━━━━━━━━━━━━━━━━━━━━━━━━━━━━━━━━━━━━━━━━━━━━━━━━━━━━━━━━━━━━
[2026-05-31 01:27:48.725]   【 PreOpen 轮次 #17 】 2026-05-30 17:27:48 UTC
[2026-05-31 01:27:53.662] 
[2026-05-31 01:27:53.662]   🔍 【市场发现】共找到 5 个市场
[2026-05-31 01:27:53.663]      ├─ ❌ 过滤 [已开始] btc-updown-5m-1780161600 | 开始于 17:20:00 UTC | tts=-469s
[2026-05-31 01:27:53.663]      ├─ ❌ 过滤 [已开始] btc-updown-5m-1780161900 | 开始于 17:25:00 UTC | tts=-169s
[2026-05-31 01:27:53.663]      └─ ✅ 可交易 btc-updown-5m-1780162500 | 开始 17:35:00 UTC | 结束 17:40:00 UTC | tts=431s
[2026-05-31 01:27:53.664]      ├─ ❌ 过滤 [太远] btc-updown-5m-1780162800 | 开始于 17:40:00 UTC | tts=731s > 600s
[2026-05-31 01:27:53.664] 
[2026-05-31 01:27:53.664]   📊 【汇总】发现 5 个 | 可交易 0 个
[2026-05-31 01:27:53.664]      ├─ 已下单事件排除: 1
[2026-05-31 01:27:53.664]      └─ 时间窗口外: 3
[2026-05-31 01:27:53.664] 
[2026-05-31 01:27:53.664]   📅 【所有市场时间表】(当前: 17:27:48 UTC)
[2026-05-31 01:27:53.664]      🔴 已开始 17:20:00 - 17:25:00 UTC | btc-updown-5m-1780161600 | 开始已过 469s | 已结束
[2026-05-31 01:27:53.665]      🔴 已开始 17:25:00 - 17:30:00 UTC | btc-updown-5m-1780161900 | 开始已过 169s | 131s后结束
[2026-05-31 01:27:53.665]      ✅ 可交易 🧾已下单 17:30:00 - 17:35:00 UTC | btc-updown-5m-1780162200 | 开始131s后 | 431s后结束
[2026-05-31 01:27:53.665]      ✅ 可交易 17:35:00 - 17:40:00 UTC | btc-updown-5m-1780162500 | 开始431s后 | 731s后结束
[2026-05-31 01:27:53.665]      🔜 太远 17:40:00 - 17:45:00 UTC | btc-updown-5m-1780162800 | 开始731s后 | 1031s后结束
[2026-05-31 01:27:53.665]   🎯 目标事件: btc-updown-5m-1780162200 | 状态=NO挂单中 | 距开始=131s | 距结束=431s
[2026-05-31 01:27:53.665]   ⏱  距离开始=131.3s | 状态=down_resting | 动作次数=3
[2026-05-31 01:27:53.665]   循环检查: ⏭️ 跳过 | 价格=- | 数量=- | 原因: action_count=3 >= max=3
[2026-05-31 01:27:53.665] 
[2026-05-31 01:27:53.665]   ✅ 【已下单】btc-updown-5m-1780162200
[2026-05-31 01:27:53.665]      📗 YES: 订单ID=0x41cc3f4cddf9ddb6889f5b8405f973c70bd270efa3753b8426023b931b0b77aa | 成交价=$0.5000
[2026-05-31 01:27:53.665]      📙 NO: 订单ID=0xdb6b84f9dc48e229eb41d7d0bad039d9310f95141ae8dcc9973edf80e7a21e3f | 成交价=$0.4000
[2026-05-31 01:27:53.666]      📍 当前状态: down_resting | 动作次数: 3
[2026-05-31 01:27:53.666]   📊 套利边缘: net=-0.4000 | 充足=True | edge=-0.4000 >= min=-0.5000; YES@0.500 cost=0.5000 + NO@0.400 cost=0.4000
[2026-05-31 01:28:11.334] 
[2026-05-31 01:28:11.335]   💤 等待 60s 后进行下次轮询...
[2026-05-31 01:29:11.339] 
[2026-05-31 01:29:11.341] ━━━━━━━━━━━━━━━━━━━━━━━━━━━━━━━━━━━━━━━━━━━━━━━━━━━━━━━━━━━━
[2026-05-31 01:29:11.342]   【 PreOpen 轮次 #18 】 2026-05-30 17:29:11 UTC
[2026-05-31 01:29:16.576] 
[2026-05-31 01:29:16.576]   🔍 【市场发现】共找到 5 个市场
[2026-05-31 01:29:16.576]      ├─ ❌ 过滤 [已开始] btc-updown-5m-1780161600 | 开始于 17:20:00 UTC | tts=-551s
[2026-05-31 01:29:16.577]      ├─ ❌ 过滤 [已开始] btc-updown-5m-1780161900 | 开始于 17:25:00 UTC | tts=-251s
[2026-05-31 01:29:16.577]      └─ ✅ 可交易 btc-updown-5m-1780162500 | 开始 17:35:00 UTC | 结束 17:40:00 UTC | tts=349s
[2026-05-31 01:29:16.577]      ├─ ❌ 过滤 [太远] btc-updown-5m-1780162800 | 开始于 17:40:00 UTC | tts=649s > 600s
[2026-05-31 01:29:16.577] 
[2026-05-31 01:29:16.577]   📊 【汇总】发现 5 个 | 可交易 0 个
[2026-05-31 01:29:16.577]      ├─ 已下单事件排除: 1
[2026-05-31 01:29:16.577]      └─ 时间窗口外: 3
[2026-05-31 01:29:16.577] 
[2026-05-31 01:29:16.577]   📅 【所有市场时间表】(当前: 17:29:11 UTC)
[2026-05-31 01:29:16.578]      🔴 已开始 17:20:00 - 17:25:00 UTC | btc-updown-5m-1780161600 | 开始已过 551s | 已结束
[2026-05-31 01:29:16.578]      🔴 已开始 17:25:00 - 17:30:00 UTC | btc-updown-5m-1780161900 | 开始已过 251s | 49s后结束
[2026-05-31 01:29:16.578]      ✅ 可交易 🧾已下单 17:30:00 - 17:35:00 UTC | btc-updown-5m-1780162200 | 开始49s后 | 349s后结束
[2026-05-31 01:29:16.578]      ✅ 可交易 17:35:00 - 17:40:00 UTC | btc-updown-5m-1780162500 | 开始349s后 | 649s后结束
[2026-05-31 01:29:16.578]      🔜 太远 17:40:00 - 17:45:00 UTC | btc-updown-5m-1780162800 | 开始649s后 | 949s后结束
[2026-05-31 01:29:16.578]   🎯 目标事件: btc-updown-5m-1780162200 | 状态=NO挂单中 | 距开始=49s | 距结束=349s
[2026-05-31 01:29:16.578]   ⏱  距离开始=48.7s | 状态=down_resting | 动作次数=3
[2026-05-31 01:29:16.578]   循环检查: ⏭️ 跳过 | 价格=- | 数量=- | 原因: action_count=3 >= max=3
[2026-05-31 01:29:16.578] 
[2026-05-31 01:29:16.578]   ✅ 【已下单】btc-updown-5m-1780162200
[2026-05-31 01:29:16.578]      📗 YES: 订单ID=0x41cc3f4cddf9ddb6889f5b8405f973c70bd270efa3753b8426023b931b0b77aa | 成交价=$0.5000
[2026-05-31 01:29:16.578]      📙 NO: 订单ID=0xdb6b84f9dc48e229eb41d7d0bad039d9310f95141ae8dcc9973edf80e7a21e3f | 成交价=$0.4000
[2026-05-31 01:29:16.578]      📍 当前状态: down_resting | 动作次数: 3
[2026-05-31 01:29:16.579]   📊 套利边缘: net=-0.4000 | 充足=True | edge=-0.4000 >= min=-0.5000; YES@0.500 cost=0.5000 + NO@0.400 cost=0.4000
[2026-05-31 01:29:16.579] 
[2026-05-31 01:29:16.579]   💤 等待 60s 后进行下次轮询...
[2026-05-31 01:30:16.590] 
[2026-05-31 01:30:16.592] ━━━━━━━━━━━━━━━━━━━━━━━━━━━━━━━━━━━━━━━━━━━━━━━━━━━━━━━━━━━━
[2026-05-31 01:30:16.592]   【 PreOpen 轮次 #19 】 2026-05-30 17:30:16 UTC
[2026-05-31 01:30:21.221] 
[2026-05-31 01:30:21.221]   🔍 【市场发现】共找到 6 个市场
[2026-05-31 01:30:21.221]      ├─ ❌ 过滤 [已开始] btc-updown-5m-1780161600 | 开始于 17:20:00 UTC | tts=-617s
[2026-05-31 01:30:21.221]      ├─ ❌ 过滤 [已开始] btc-updown-5m-1780161900 | 开始于 17:25:00 UTC | tts=-317s
[2026-05-31 01:30:21.222]      └─ ✅ 可交易 btc-updown-5m-1780162500 | 开始 17:35:00 UTC | 结束 17:40:00 UTC | tts=283s
[2026-05-31 01:30:21.222]      └─ ✅ 可交易 btc-updown-5m-1780162800 | 开始 17:40:00 UTC | 结束 17:45:00 UTC | tts=583s
[2026-05-31 01:30:21.222]      ├─ ❌ 过滤 [太远] btc-updown-5m-1780163100 | 开始于 17:45:00 UTC | tts=883s > 600s
[2026-05-31 01:30:21.222] 
[2026-05-31 01:30:21.222]   📊 【汇总】发现 6 个 | 可交易 1 个
[2026-05-31 01:30:21.222]      ├─ 已下单事件排除: 1
[2026-05-31 01:30:21.222]      └─ 时间窗口外: 3
[2026-05-31 01:30:21.222] 
[2026-05-31 01:30:21.222]   📅 【所有市场时间表】(当前: 17:30:16 UTC)
[2026-05-31 01:30:21.222]      🔴 已开始 17:20:00 - 17:25:00 UTC | btc-updown-5m-1780161600 | 开始已过 617s | 已结束
[2026-05-31 01:30:21.222]      🔴 已开始 17:25:00 - 17:30:00 UTC | btc-updown-5m-1780161900 | 开始已过 317s | 已结束
[2026-05-31 01:30:21.222]      🔴 已开始 🧾已下单 17:30:00 - 17:35:00 UTC | btc-updown-5m-1780162200 | 开始已过 17s | 283s后结束
[2026-05-31 01:30:21.222]      ✅ 可交易 17:35:00 - 17:40:00 UTC | btc-updown-5m-1780162500 | 开始283s后 | 583s后结束
[2026-05-31 01:30:21.222]      ✅ 可交易 17:40:00 - 17:45:00 UTC | btc-updown-5m-1780162800 | 开始583s后 | 883s后结束
[2026-05-31 01:30:21.222]      🔜 太远 17:45:00 - 17:50:00 UTC | btc-updown-5m-1780163100 | 开始883s后 | 1183s后结束
[2026-05-31 01:30:21.223]   ✨ 新发现事件: btc-updown-5m-1780162800 | 状态=已发现 | 距开始=583s | 距结束=883s
[2026-05-31 01:30:21.224]   🎯 目标事件: btc-updown-5m-1780162500 | 状态=已发现 | 距开始=283s | 距结束=583s
[2026-05-31 01:30:21.224]   ⏱  距离开始=283.4s | 状态=discovered | 动作次数=0
[2026-05-31 01:30:21.225]   🔄 事件状态: DISCOVERED → READY | btc-updown-5m-1780162500
[2026-05-31 01:30:23.968] [py_clob_client_v2] request error status=400 url=https://clob.polymarket.com/order body={"error":"not enough balance / allowance: the balance is not enough -\u003e balance: 3286652, sum of matched orders: 2587500, order amount (inc. fees): 2000000"}
[2026-05-31 01:30:23.969]   📗 YES下单: ✅ 已下单 | 价格=$0.5000 | 数量=5.0份 | 订单ID=0xd0f69a6286b3d59cc5ccf5e10d064a9acdaf8e947242f6d9036850a1d77c06e3
[2026-05-31 01:30:23.969]   ✅ Bought 5.0 YES shares @ $0.500
[2026-05-31 01:30:40.311]   📙 NO挂单: ❌ 错误 | 价格=$0.4000 | 数量=5.0份 | 原因: direct_clob_failed: PolyApiException[status_code=400, error_message={'error': 'not enough balance / allowance: the balance is not enough -> balance: 3286652, sum of matched orders: 2587500, order amount (inc. fees): 2000000'}]
[2026-05-31 01:30:40.312]   🎯 live 事件进度: 4/200
[2026-05-31 01:30:40.312] 
[2026-05-31 01:30:40.312]   ✅ 【已下单】btc-updown-5m-1780162500
[2026-05-31 01:30:40.312]      📗 YES: 订单ID=0xd0f69a6286b3d59cc5ccf5e10d064a9acdaf8e947242f6d9036850a1d77c06e3 | 成交价=$0.5000
[2026-05-31 01:30:40.312]      📍 当前状态: yes_placed | 动作次数: 2
[2026-05-31 01:30:55.279]   🧾 结算回填: 已追加 2 条 settled 记录到 trades.csv
[2026-05-31 01:30:55.280] 
[2026-05-31 01:30:55.280]   💤 等待 60s 后进行下次轮询...
[2026-05-31 01:31:55.319] 
[2026-05-31 01:31:55.321] ━━━━━━━━━━━━━━━━━━━━━━━━━━━━━━━━━━━━━━━━━━━━━━━━━━━━━━━━━━━━
[2026-05-31 01:31:55.321]   【 PreOpen 轮次 #20 】 2026-05-30 17:31:55 UTC
[2026-05-31 01:31:55.322]   🗑 Pre-GC removed: btc-updown-5m-1780162200 | reason=stale/untradeable
[2026-05-31 01:32:01.761] 
[2026-05-31 01:32:01.761]   🔍 【市场发现】共找到 6 个市场
[2026-05-31 01:32:01.762]      ├─ ❌ 过滤 [已开始] btc-updown-5m-1780161600 | 开始于 17:20:00 UTC | tts=-715s
[2026-05-31 01:32:01.762]      ├─ ❌ 过滤 [已开始] btc-updown-5m-1780161900 | 开始于 17:25:00 UTC | tts=-415s
[2026-05-31 01:32:01.762]      ├─ ❌ 过滤 [已开始] btc-updown-5m-1780162200 | 开始于 17:30:00 UTC | tts=-115s
[2026-05-31 01:32:01.762]      └─ ✅ 可交易 btc-updown-5m-1780162800 | 开始 17:40:00 UTC | 结束 17:45:00 UTC | tts=485s
[2026-05-31 01:32:01.763]      ├─ ❌ 过滤 [太远] btc-updown-5m-1780163100 | 开始于 17:45:00 UTC | tts=785s > 600s
[2026-05-31 01:32:01.763] 
[2026-05-31 01:32:01.763]   📊 【汇总】发现 6 个 | 可交易 0 个
[2026-05-31 01:32:01.763]      ├─ 已下单事件排除: 1
[2026-05-31 01:32:01.763]      └─ 时间窗口外: 4
[2026-05-31 01:32:01.763] 
[2026-05-31 01:32:01.763]   📅 【所有市场时间表】(当前: 17:31:55 UTC)
[2026-05-31 01:32:01.763]      🔴 已开始 17:20:00 - 17:25:00 UTC | btc-updown-5m-1780161600 | 开始已过 715s | 已结束
[2026-05-31 01:32:01.763]      🔴 已开始 17:25:00 - 17:30:00 UTC | btc-updown-5m-1780161900 | 开始已过 415s | 已结束
[2026-05-31 01:32:01.763]      🔴 已开始 17:30:00 - 17:35:00 UTC | btc-updown-5m-1780162200 | 开始已过 115s | 185s后结束
[2026-05-31 01:32:01.763]      ✅ 可交易 🧾已下单 17:35:00 - 17:40:00 UTC | btc-updown-5m-1780162500 | 开始185s后 | 485s后结束
[2026-05-31 01:32:01.763]      ✅ 可交易 17:40:00 - 17:45:00 UTC | btc-updown-5m-1780162800 | 开始485s后 | 785s后结束
[2026-05-31 01:32:01.763]      🔜 太远 17:45:00 - 17:50:00 UTC | btc-updown-5m-1780163100 | 开始785s后 | 1085s后结束
[2026-05-31 01:32:01.764]   🎯 目标事件: btc-updown-5m-1780162500 | 状态=YES已下单 | 距开始=185s | 距结束=485s
[2026-05-31 01:32:01.764]   ⏱  距离开始=184.7s | 状态=yes_placed | 动作次数=2
[2026-05-31 01:32:02.493] [py_clob_client_v2] request error status=400 url=https://clob.polymarket.com/order body={"error":"not enough balance / allowance: the balance is not enough -\u003e balance: 699152, order amount: 2000000"}
[2026-05-31 01:32:02.494]   📙 NO挂单: ❌ 错误 | 价格=$0.4000 | 数量=5.0份 | 原因: direct_clob_failed: PolyApiException[status_code=400, error_message={'error': 'not enough balance / allowance: the balance is not enough -> balance: 699152, order amount: 2000000'}]
[2026-05-31 01:32:02.498] 
[2026-05-31 01:32:02.499]   ✅ 【已下单】btc-updown-5m-1780162500
[2026-05-31 01:32:02.499]      📗 YES: 订单ID=0xd0f69a6286b3d59cc5ccf5e10d064a9acdaf8e947242f6d9036850a1d77c06e3 | 成交价=$0.5000
[2026-05-31 01:32:02.500]      📍 当前状态: yes_placed | 动作次数: 2
[2026-05-31 01:32:02.500] 
[2026-05-31 01:32:02.500]   💤 等待 60s 后进行下次轮询...
[2026-05-31 01:33:02.505] 
[2026-05-31 01:33:02.507] ━━━━━━━━━━━━━━━━━━━━━━━━━━━━━━━━━━━━━━━━━━━━━━━━━━━━━━━━━━━━
[2026-05-31 01:33:02.508]   【 PreOpen 轮次 #21 】 2026-05-30 17:33:02 UTC
[2026-05-31 01:33:07.485] 
[2026-05-31 01:33:07.485]   🔍 【市场发现】共找到 5 个市场
[2026-05-31 01:33:07.486]      ├─ ❌ 过滤 [已开始] btc-updown-5m-1780161900 | 开始于 17:25:00 UTC | tts=-483s
[2026-05-31 01:33:07.486]      ├─ ❌ 过滤 [已开始] btc-updown-5m-1780162200 | 开始于 17:30:00 UTC | tts=-183s
[2026-05-31 01:33:07.486]      └─ ✅ 可交易 btc-updown-5m-1780162800 | 开始 17:40:00 UTC | 结束 17:45:00 UTC | tts=417s
[2026-05-31 01:33:07.486]      ├─ ❌ 过滤 [太远] btc-updown-5m-1780163100 | 开始于 17:45:00 UTC | tts=717s > 600s
[2026-05-31 01:33:07.486] 
[2026-05-31 01:33:07.486]   📊 【汇总】发现 5 个 | 可交易 0 个
[2026-05-31 01:33:07.486]      ├─ 已下单事件排除: 1
[2026-05-31 01:33:07.486]      └─ 时间窗口外: 3
[2026-05-31 01:33:07.487] 
[2026-05-31 01:33:07.487]   📅 【所有市场时间表】(当前: 17:33:02 UTC)
[2026-05-31 01:33:07.487]      🔴 已开始 17:25:00 - 17:30:00 UTC | btc-updown-5m-1780161900 | 开始已过 483s | 已结束
[2026-05-31 01:33:07.487]      🔴 已开始 17:30:00 - 17:35:00 UTC | btc-updown-5m-1780162200 | 开始已过 183s | 117s后结束
[2026-05-31 01:33:07.487]      ✅ 可交易 🧾已下单 17:35:00 - 17:40:00 UTC | btc-updown-5m-1780162500 | 开始117s后 | 417s后结束
[2026-05-31 01:33:07.487]      ✅ 可交易 17:40:00 - 17:45:00 UTC | btc-updown-5m-1780162800 | 开始417s后 | 717s后结束
[2026-05-31 01:33:07.487]      🔜 太远 17:45:00 - 17:50:00 UTC | btc-updown-5m-1780163100 | 开始717s后 | 1017s后结束
[2026-05-31 01:33:07.487]   🎯 目标事件: btc-updown-5m-1780162500 | 状态=YES已下单 | 距开始=117s | 距结束=417s
[2026-05-31 01:33:07.488]   ⏱  距离开始=117.5s | 状态=yes_placed | 动作次数=2
[2026-05-31 01:33:08.439] [py_clob_client_v2] request error status=400 url=https://clob.polymarket.com/order body={"error":"not enough balance / allowance: the balance is not enough -\u003e balance: 699152, order amount: 2000000"}
[2026-05-31 01:33:08.440]   📙 NO挂单: ❌ 错误 | 价格=$0.4000 | 数量=5.0份 | 原因: direct_clob_failed: PolyApiException[status_code=400, error_message={'error': 'not enough balance / allowance: the balance is not enough -> balance: 699152, order amount: 2000000'}]
[2026-05-31 01:33:08.440] 
[2026-05-31 01:33:08.440]   ✅ 【已下单】btc-updown-5m-1780162500
[2026-05-31 01:33:08.440]      📗 YES: 订单ID=0xd0f69a6286b3d59cc5ccf5e10d064a9acdaf8e947242f6d9036850a1d77c06e3 | 成交价=$0.5000
[2026-05-31 01:33:08.440]      📍 当前状态: yes_placed | 动作次数: 2
[2026-05-31 01:33:20.975] 
[2026-05-31 01:33:20.977]   💤 等待 60s 后进行下次轮询...
[2026-05-31 01:34:20.989] 
[2026-05-31 01:34:21.006] ━━━━━━━━━━━━━━━━━━━━━━━━━━━━━━━━━━━━━━━━━━━━━━━━━━━━━━━━━━━━
[2026-05-31 01:34:21.009]   【 PreOpen 轮次 #22 】 2026-05-30 17:34:20 UTC
[2026-05-31 01:34:25.654] 
[2026-05-31 01:34:25.654]   🔍 【市场发现】共找到 5 个市场
[2026-05-31 01:34:25.654]      ├─ ❌ 过滤 [已开始] btc-updown-5m-1780161900 | 开始于 17:25:00 UTC | tts=-561s
[2026-05-31 01:34:25.654]      ├─ ❌ 过滤 [已开始] btc-updown-5m-1780162200 | 开始于 17:30:00 UTC | tts=-261s
[2026-05-31 01:34:25.655]      └─ ✅ 可交易 btc-updown-5m-1780162800 | 开始 17:40:00 UTC | 结束 17:45:00 UTC | tts=339s
[2026-05-31 01:34:25.655]      ├─ ❌ 过滤 [太远] btc-updown-5m-1780163100 | 开始于 17:45:00 UTC | tts=639s > 600s
[2026-05-31 01:34:25.655] 
[2026-05-31 01:34:25.655]   📊 【汇总】发现 5 个 | 可交易 0 个
[2026-05-31 01:34:25.655]      ├─ 已下单事件排除: 1
[2026-05-31 01:34:25.655]      └─ 时间窗口外: 3
[2026-05-31 01:34:25.655] 
[2026-05-31 01:34:25.655]   📅 【所有市场时间表】(当前: 17:34:20 UTC)
[2026-05-31 01:34:25.655]      🔴 已开始 17:25:00 - 17:30:00 UTC | btc-updown-5m-1780161900 | 开始已过 561s | 已结束
[2026-05-31 01:34:25.655]      🔴 已开始 17:30:00 - 17:35:00 UTC | btc-updown-5m-1780162200 | 开始已过 261s | 39s后结束
[2026-05-31 01:34:25.655]      ✅ 可交易 🧾已下单 17:35:00 - 17:40:00 UTC | btc-updown-5m-1780162500 | 开始39s后 | 339s后结束
[2026-05-31 01:34:25.655]      ✅ 可交易 17:40:00 - 17:45:00 UTC | btc-updown-5m-1780162800 | 开始339s后 | 639s后结束
[2026-05-31 01:34:25.656]      🔜 太远 17:45:00 - 17:50:00 UTC | btc-updown-5m-1780163100 | 开始639s后 | 939s后结束
[2026-05-31 01:34:25.656]   🎯 目标事件: btc-updown-5m-1780162500 | 状态=YES已下单 | 距开始=39s | 距结束=339s
[2026-05-31 01:34:25.656]   ⏱  距离开始=39.0s | 状态=yes_placed | 动作次数=2
[2026-05-31 01:34:26.373] [py_clob_client_v2] request error status=400 url=https://clob.polymarket.com/order body={"error":"not enough balance / allowance: the balance is not enough -\u003e balance: 699152, order amount: 2000000"}
[2026-05-31 01:34:26.374]   📙 NO挂单: ❌ 错误 | 价格=$0.4000 | 数量=5.0份 | 原因: direct_clob_failed: PolyApiException[status_code=400, error_message={'error': 'not enough balance / allowance: the balance is not enough -> balance: 699152, order amount: 2000000'}]
[2026-05-31 01:34:26.375] 
[2026-05-31 01:34:26.375]   ✅ 【已下单】btc-updown-5m-1780162500
[2026-05-31 01:34:26.375]      📗 YES: 订单ID=0xd0f69a6286b3d59cc5ccf5e10d064a9acdaf8e947242f6d9036850a1d77c06e3 | 成交价=$0.5000
[2026-05-31 01:34:26.375]      📍 当前状态: yes_placed | 动作次数: 2
[2026-05-31 01:34:26.375] 
[2026-05-31 01:34:26.375]   💤 等待 60s 后进行下次轮询...
[2026-05-31 01:35:26.383] 
[2026-05-31 01:35:26.386] ━━━━━━━━━━━━━━━━━━━━━━━━━━━━━━━━━━━━━━━━━━━━━━━━━━━━━━━━━━━━
[2026-05-31 01:35:26.386]   【 PreOpen 轮次 #23 】 2026-05-30 17:35:26 UTC
[2026-05-31 01:35:30.841] 
[2026-05-31 01:35:30.841]   🔍 【市场发现】共找到 6 个市场
[2026-05-31 01:35:30.841]      ├─ ❌ 过滤 [已开始] btc-updown-5m-1780161900 | 开始于 17:25:00 UTC | tts=-626s
[2026-05-31 01:35:30.841]      ├─ ❌ 过滤 [已开始] btc-updown-5m-1780162200 | 开始于 17:30:00 UTC | tts=-326s
[2026-05-31 01:35:30.842]      └─ ✅ 可交易 btc-updown-5m-1780162800 | 开始 17:40:00 UTC | 结束 17:45:00 UTC | tts=274s
[2026-05-31 01:35:30.842]      └─ ✅ 可交易 btc-updown-5m-1780163100 | 开始 17:45:00 UTC | 结束 17:50:00 UTC | tts=574s
[2026-05-31 01:35:30.842]      ├─ ❌ 过滤 [太远] btc-updown-5m-1780163400 | 开始于 17:50:00 UTC | tts=874s > 600s
[2026-05-31 01:35:30.842] 
[2026-05-31 01:35:30.842]   📊 【汇总】发现 6 个 | 可交易 1 个
[2026-05-31 01:35:30.842]      ├─ 已下单事件排除: 1
[2026-05-31 01:35:30.842]      └─ 时间窗口外: 3
[2026-05-31 01:35:30.842] 
[2026-05-31 01:35:30.842]   📅 【所有市场时间表】(当前: 17:35:26 UTC)
[2026-05-31 01:35:30.842]      🔴 已开始 17:25:00 - 17:30:00 UTC | btc-updown-5m-1780161900 | 开始已过 626s | 已结束
[2026-05-31 01:35:30.842]      🔴 已开始 17:30:00 - 17:35:00 UTC | btc-updown-5m-1780162200 | 开始已过 326s | 已结束
[2026-05-31 01:35:30.842]      🔴 已开始 🧾已下单 17:35:00 - 17:40:00 UTC | btc-updown-5m-1780162500 | 开始已过 26s | 274s后结束
[2026-05-31 01:35:30.843]      ✅ 可交易 17:40:00 - 17:45:00 UTC | btc-updown-5m-1780162800 | 开始274s后 | 574s后结束
[2026-05-31 01:35:30.843]      ✅ 可交易 17:45:00 - 17:50:00 UTC | btc-updown-5m-1780163100 | 开始574s后 | 874s后结束
[2026-05-31 01:35:30.843]      🔜 太远 17:50:00 - 17:55:00 UTC | btc-updown-5m-1780163400 | 开始874s后 | 1174s后结束
[2026-05-31 01:35:30.843]   ✨ 新发现事件: btc-updown-5m-1780163100 | 状态=已发现 | 距开始=574s | 距结束=874s
[2026-05-31 01:35:30.843]   🎯 目标事件: btc-updown-5m-1780162800 | 状态=已发现 | 距开始=274s | 距结束=574s
[2026-05-31 01:35:30.843]   ⏱  距离开始=273.6s | 状态=discovered | 动作次数=0
[2026-05-31 01:35:30.843]   🔄 事件状态: DISCOVERED → READY | btc-updown-5m-1780162800
[2026-05-31 01:35:32.528] [py_clob_client_v2] request error status=400 url=https://clob.polymarket.com/order body={"error":"not enough balance / allowance: the balance is not enough -\u003e balance: 699152, order amount: 2637460"}
[2026-05-31 01:35:32.528]   📗 YES下单: ❌ 错误 | 价格=$0.5100 | 数量=5.0份 | 原因: direct_clob_failed: PolyApiException[status_code=400, error_message={'error': 'not enough balance / allowance: the balance is not enough -> balance: 699152, order amount: 2637460'}]
[2026-05-31 01:35:46.163] 
[2026-05-31 01:35:46.164]   💤 等待 60s 后进行下次轮询...
[2026-05-31 01:36:46.169] 
[2026-05-31 01:36:46.171] ━━━━━━━━━━━━━━━━━━━━━━━━━━━━━━━━━━━━━━━━━━━━━━━━━━━━━━━━━━━━
[2026-05-31 01:36:46.172]   【 PreOpen 轮次 #24 】 2026-05-30 17:36:46 UTC
[2026-05-31 01:36:46.172]   🗑 Pre-GC removed: btc-updown-5m-1780162500 | reason=stale/untradeable
[2026-05-31 01:36:50.541] 
[2026-05-31 01:36:50.542]   🔍 【市场发现】共找到 5 个市场
[2026-05-31 01:36:50.542]      ├─ ❌ 过滤 [已开始] btc-updown-5m-1780162200 | 开始于 17:30:00 UTC | tts=-406s
[2026-05-31 01:36:50.542]      ├─ ❌ 过滤 [已开始] btc-updown-5m-1780162500 | 开始于 17:35:00 UTC | tts=-106s
[2026-05-31 01:36:50.542]      └─ ✅ 可交易 btc-updown-5m-1780162800 | 开始 17:40:00 UTC | 结束 17:45:00 UTC | tts=194s
[2026-05-31 01:36:50.542]      └─ ✅ 可交易 btc-updown-5m-1780163100 | 开始 17:45:00 UTC | 结束 17:50:00 UTC | tts=494s
[2026-05-31 01:36:50.542]      ├─ ❌ 过滤 [太远] btc-updown-5m-1780163400 | 开始于 17:50:00 UTC | tts=794s > 600s
[2026-05-31 01:36:50.542] 
[2026-05-31 01:36:50.542]   📊 【汇总】发现 5 个 | 可交易 0 个
[2026-05-31 01:36:50.542]      └─ 时间窗口外: 3
[2026-05-31 01:36:50.542] 
[2026-05-31 01:36:50.542]   📅 【所有市场时间表】(当前: 17:36:46 UTC)
[2026-05-31 01:36:50.542]      🔴 已开始 17:30:00 - 17:35:00 UTC | btc-updown-5m-1780162200 | 开始已过 406s | 已结束
[2026-05-31 01:36:50.543]      🔴 已开始 17:35:00 - 17:40:00 UTC | btc-updown-5m-1780162500 | 开始已过 106s | 194s后结束
[2026-05-31 01:36:50.543]      ✅ 可交易 17:40:00 - 17:45:00 UTC | btc-updown-5m-1780162800 | 开始194s后 | 494s后结束
[2026-05-31 01:36:50.543]      ✅ 可交易 17:45:00 - 17:50:00 UTC | btc-updown-5m-1780163100 | 开始494s后 | 794s后结束
[2026-05-31 01:36:50.543]      🔜 太远 17:50:00 - 17:55:00 UTC | btc-updown-5m-1780163400 | 开始794s后 | 1094s后结束
[2026-05-31 01:36:50.543]   🎯 目标事件: btc-updown-5m-1780162800 | 状态=就绪 | 距开始=194s | 距结束=494s
[2026-05-31 01:36:50.543]   ⏱  距离开始=193.8s | 状态=ready | 动作次数=1
[2026-05-31 01:36:52.022] [py_clob_client_v2] request error status=400 url=https://clob.polymarket.com/order body={"error":"not enough balance / allowance: the balance is not enough -\u003e balance: 699152, order amount: 2637460"}
[2026-05-31 01:36:52.023]   📗 YES下单: ❌ 错误 | 价格=$0.5100 | 数量=5.0份 | 原因: direct_clob_failed: PolyApiException[status_code=400, error_message={'error': 'not enough balance / allowance: the balance is not enough -> balance: 699152, order amount: 2637460'}]
[2026-05-31 01:36:52.023] 
[2026-05-31 01:36:52.023]   💤 等待 60s 后进行下次轮询...
[2026-05-31 01:37:52.025] 
[2026-05-31 01:37:52.027] ━━━━━━━━━━━━━━━━━━━━━━━━━━━━━━━━━━━━━━━━━━━━━━━━━━━━━━━━━━━━
[2026-05-31 01:37:52.027]   【 PreOpen 轮次 #25 】 2026-05-30 17:37:52 UTC
[2026-05-31 01:37:56.790] 
[2026-05-31 01:37:56.790]   🔍 【市场发现】共找到 4 个市场
[2026-05-31 01:37:56.791]      ├─ ❌ 过滤 [已开始] btc-updown-5m-1780162500 | 开始于 17:35:00 UTC | tts=-172s
[2026-05-31 01:37:56.791]      └─ ✅ 可交易 btc-updown-5m-1780162800 | 开始 17:40:00 UTC | 结束 17:45:00 UTC | tts=128s
[2026-05-31 01:37:56.791]      └─ ✅ 可交易 btc-updown-5m-1780163100 | 开始 17:45:00 UTC | 结束 17:50:00 UTC | tts=428s
[2026-05-31 01:37:56.791]      ├─ ❌ 过滤 [太远] btc-updown-5m-1780163400 | 开始于 17:50:00 UTC | tts=728s > 600s
[2026-05-31 01:37:56.791] 
[2026-05-31 01:37:56.792]   📊 【汇总】发现 4 个 | 可交易 0 个
[2026-05-31 01:37:56.792]      └─ 时间窗口外: 2
[2026-05-31 01:37:56.792] 
[2026-05-31 01:37:56.792]   📅 【所有市场时间表】(当前: 17:37:52 UTC)
[2026-05-31 01:37:56.792]      🔴 已开始 17:35:00 - 17:40:00 UTC | btc-updown-5m-1780162500 | 开始已过 172s | 128s后结束
[2026-05-31 01:37:56.792]      ✅ 可交易 17:40:00 - 17:45:00 UTC | btc-updown-5m-1780162800 | 开始128s后 | 428s后结束
[2026-05-31 01:37:56.792]      ✅ 可交易 17:45:00 - 17:50:00 UTC | btc-updown-5m-1780163100 | 开始428s后 | 728s后结束
[2026-05-31 01:37:56.792]      🔜 太远 17:50:00 - 17:55:00 UTC | btc-updown-5m-1780163400 | 开始728s后 | 1028s后结束
[2026-05-31 01:37:56.792]   🎯 目标事件: btc-updown-5m-1780162800 | 状态=就绪 | 距开始=128s | 距结束=428s
[2026-05-31 01:37:56.792]   ⏱  距离开始=128.0s | 状态=ready | 动作次数=1
[2026-05-31 01:37:58.098] [py_clob_client_v2] request error status=400 url=https://clob.polymarket.com/order body={"error":"not enough balance / allowance: the balance is not enough -\u003e balance: 699152, order amount: 2637460"}
[2026-05-31 01:37:58.098]   📗 YES下单: ❌ 错误 | 价格=$0.5100 | 数量=5.0份 | 原因: direct_clob_failed: PolyApiException[status_code=400, error_message={'error': 'not enough balance / allowance: the balance is not enough -> balance: 699152, order amount: 2637460'}]
[2026-05-31 01:38:04.592]   🧾 结算回填: 已追加 2 条 settled 记录到 trades.csv
[2026-05-31 01:38:04.592] 
[2026-05-31 01:38:04.593]   💤 等待 60s 后进行下次轮询...
[2026-05-31 01:39:04.598] 
[2026-05-31 01:39:04.600] ━━━━━━━━━━━━━━━━━━━━━━━━━━━━━━━━━━━━━━━━━━━━━━━━━━━━━━━━━━━━
[2026-05-31 01:39:04.600]   【 PreOpen 轮次 #26 】 2026-05-30 17:39:04 UTC
[2026-05-31 01:39:09.798] 
[2026-05-31 01:39:09.798]   🔍 【市场发现】共找到 4 个市场
[2026-05-31 01:39:09.798]      ├─ ❌ 过滤 [已开始] btc-updown-5m-1780162500 | 开始于 17:35:00 UTC | tts=-245s
[2026-05-31 01:39:09.799]      └─ ✅ 可交易 btc-updown-5m-1780162800 | 开始 17:40:00 UTC | 结束 17:45:00 UTC | tts=55s
[2026-05-31 01:39:09.799]      └─ ✅ 可交易 btc-updown-5m-1780163100 | 开始 17:45:00 UTC | 结束 17:50:00 UTC | tts=355s
[2026-05-31 01:39:09.799]      ├─ ❌ 过滤 [太远] btc-updown-5m-1780163400 | 开始于 17:50:00 UTC | tts=655s > 600s
[2026-05-31 01:39:09.799] 
[2026-05-31 01:39:09.799]   📊 【汇总】发现 4 个 | 可交易 0 个
[2026-05-31 01:39:09.799]      └─ 时间窗口外: 2
[2026-05-31 01:39:09.799] 
[2026-05-31 01:39:09.800]   📅 【所有市场时间表】(当前: 17:39:04 UTC)
[2026-05-31 01:39:09.800]      🔴 已开始 17:35:00 - 17:40:00 UTC | btc-updown-5m-1780162500 | 开始已过 245s | 55s后结束
[2026-05-31 01:39:09.800]      ✅ 可交易 17:40:00 - 17:45:00 UTC | btc-updown-5m-1780162800 | 开始55s后 | 355s后结束
[2026-05-31 01:39:09.800]      ✅ 可交易 17:45:00 - 17:50:00 UTC | btc-updown-5m-1780163100 | 开始355s后 | 655s后结束
[2026-05-31 01:39:09.800]      🔜 太远 17:50:00 - 17:55:00 UTC | btc-updown-5m-1780163400 | 开始655s后 | 955s后结束
[2026-05-31 01:39:09.800]   🎯 目标事件: btc-updown-5m-1780162800 | 状态=就绪 | 距开始=55s | 距结束=355s
[2026-05-31 01:39:09.800]   ⏱  距离开始=55.4s | 状态=ready | 动作次数=1
[2026-05-31 01:39:11.580] [py_clob_client_v2] request error status=400 url=https://clob.polymarket.com/order body={"error":"not enough balance / allowance: the balance is not enough -\u003e balance: 699152, order amount: 2637460"}
[2026-05-31 01:39:11.580]   📗 YES下单: ❌ 错误 | 价格=$0.5100 | 数量=5.0份 | 原因: direct_clob_failed: PolyApiException[status_code=400, error_message={'error': 'not enough balance / allowance: the balance is not enough -> balance: 699152, order amount: 2637460'}]
[2026-05-31 01:39:11.581] 
[2026-05-31 01:39:11.581]   💤 等待 60s 后进行下次轮询...
[2026-05-31 01:40:11.588] 
[2026-05-31 01:40:11.590] ━━━━━━━━━━━━━━━━━━━━━━━━━━━━━━━━━━━━━━━━━━━━━━━━━━━━━━━━━━━━
[2026-05-31 01:40:11.592]   【 PreOpen 轮次 #27 】 2026-05-30 17:40:11 UTC
[2026-05-31 01:40:18.734] 
[2026-05-31 01:40:18.734]   🔍 【市场发现】共找到 5 个市场
[2026-05-31 01:40:18.734]      ├─ ❌ 过滤 [已开始] btc-updown-5m-1780162500 | 开始于 17:35:00 UTC | tts=-312s
[2026-05-31 01:40:18.735]      ├─ ❌ 过滤 [已开始] btc-updown-5m-1780162800 | 开始于 17:40:00 UTC | tts=-12s
[2026-05-31 01:40:18.735]      └─ ✅ 可交易 btc-updown-5m-1780163100 | 开始 17:45:00 UTC | 结束 17:50:00 UTC | tts=288s
[2026-05-31 01:40:18.735]      └─ ✅ 可交易 btc-updown-5m-1780163400 | 开始 17:50:00 UTC | 结束 17:55:00 UTC | tts=588s
[2026-05-31 01:40:18.735]      ├─ ❌ 过滤 [太远] btc-updown-5m-1780163700 | 开始于 17:55:00 UTC | tts=888s > 600s
[2026-05-31 01:40:18.735] 
[2026-05-31 01:40:18.735]   📊 【汇总】发现 5 个 | 可交易 1 个
[2026-05-31 01:40:18.735]      └─ 时间窗口外: 3
[2026-05-31 01:40:18.735] 
[2026-05-31 01:40:18.735]   📅 【所有市场时间表】(当前: 17:40:11 UTC)
[2026-05-31 01:40:18.735]      🔴 已开始 17:35:00 - 17:40:00 UTC | btc-updown-5m-1780162500 | 开始已过 312s | 已结束
[2026-05-31 01:40:18.735]      🔴 已开始 17:40:00 - 17:45:00 UTC | btc-updown-5m-1780162800 | 开始已过 12s | 288s后结束
[2026-05-31 01:40:18.735]      ✅ 可交易 17:45:00 - 17:50:00 UTC | btc-updown-5m-1780163100 | 开始288s后 | 588s后结束
[2026-05-31 01:40:18.735]      ✅ 可交易 17:50:00 - 17:55:00 UTC | btc-updown-5m-1780163400 | 开始588s后 | 888s后结束
[2026-05-31 01:40:18.735]      🔜 太远 17:55:00 - 18:00:00 UTC | btc-updown-5m-1780163700 | 开始888s后 | 1188s后结束
[2026-05-31 01:40:18.735]   ✨ 新发现事件: btc-updown-5m-1780163400 | 状态=已发现 | 距开始=588s | 距结束=888s
[2026-05-31 01:40:18.735]   🎯 目标事件: btc-updown-5m-1780163100 | 状态=已发现 | 距开始=288s | 距结束=588s
[2026-05-31 01:40:18.735]   ⏱  距离开始=288.4s | 状态=discovered | 动作次数=0
[2026-05-31 01:40:18.735]   🔄 事件状态: DISCOVERED → READY | btc-updown-5m-1780163100
[2026-05-31 01:40:20.151] [py_clob_client_v2] request error status=400 url=https://clob.polymarket.com/order body={"error":"not enough balance / allowance: the balance is not enough -\u003e balance: 699152, order amount: 2637460"}
[2026-05-31 01:40:20.151]   📗 YES下单: ❌ 错误 | 价格=$0.5100 | 数量=5.0份 | 原因: direct_clob_failed: PolyApiException[status_code=400, error_message={'error': 'not enough balance / allowance: the balance is not enough -> balance: 699152, order amount: 2637460'}]
[2026-05-31 01:40:26.315] 
[2026-05-31 01:40:26.315]   💤 等待 60s 后进行下次轮询...
[2026-05-31 01:41:26.317] 
[2026-05-31 01:41:26.319] ━━━━━━━━━━━━━━━━━━━━━━━━━━━━━━━━━━━━━━━━━━━━━━━━━━━━━━━━━━━━
[2026-05-31 01:41:26.319]   【 PreOpen 轮次 #28 】 2026-05-30 17:41:26 UTC
[2026-05-31 01:41:26.320]   🗑 Pre-GC removed: btc-updown-5m-1780162800 | reason=stale/untradeable
[2026-05-31 01:41:35.015] 
[2026-05-31 01:41:35.015]   🔍 【市场发现】共找到 5 个市场
[2026-05-31 01:41:35.015]      ├─ ❌ 过滤 [已开始] btc-updown-5m-1780162500 | 开始于 17:35:00 UTC | tts=-386s
[2026-05-31 01:41:35.015]      ├─ ❌ 过滤 [已开始] btc-updown-5m-1780162800 | 开始于 17:40:00 UTC | tts=-86s
[2026-05-31 01:41:35.016]      └─ ✅ 可交易 btc-updown-5m-1780163100 | 开始 17:45:00 UTC | 结束 17:50:00 UTC | tts=214s
[2026-05-31 01:41:35.016]      └─ ✅ 可交易 btc-updown-5m-1780163400 | 开始 17:50:00 UTC | 结束 17:55:00 UTC | tts=514s
[2026-05-31 01:41:35.016]      ├─ ❌ 过滤 [太远] btc-updown-5m-1780163700 | 开始于 17:55:00 UTC | tts=814s > 600s
[2026-05-31 01:41:35.016] 
[2026-05-31 01:41:35.016]   📊 【汇总】发现 5 个 | 可交易 0 个
[2026-05-31 01:41:35.016]      └─ 时间窗口外: 3
[2026-05-31 01:41:35.016] 
[2026-05-31 01:41:35.016]   📅 【所有市场时间表】(当前: 17:41:26 UTC)
[2026-05-31 01:41:35.016]      🔴 已开始 17:35:00 - 17:40:00 UTC | btc-updown-5m-1780162500 | 开始已过 386s | 已结束
[2026-05-31 01:41:35.016]      🔴 已开始 17:40:00 - 17:45:00 UTC | btc-updown-5m-1780162800 | 开始已过 86s | 214s后结束
[2026-05-31 01:41:35.016]      ✅ 可交易 17:45:00 - 17:50:00 UTC | btc-updown-5m-1780163100 | 开始214s后 | 514s后结束
[2026-05-31 01:41:35.016]      ✅ 可交易 17:50:00 - 17:55:00 UTC | btc-updown-5m-1780163400 | 开始514s后 | 814s后结束
[2026-05-31 01:41:35.016]      🔜 太远 17:55:00 - 18:00:00 UTC | btc-updown-5m-1780163700 | 开始814s后 | 1114s后结束
[2026-05-31 01:41:35.017]   🎯 目标事件: btc-updown-5m-1780163100 | 状态=就绪 | 距开始=214s | 距结束=514s
[2026-05-31 01:41:35.017]   ⏱  距离开始=213.7s | 状态=ready | 动作次数=1
[2026-05-31 01:41:37.169]   📗 YES下单: ✅ 已下单 | 价格=$0.5100 | 数量=5.0份 | 订单ID=0x674aa709aeb725936d794781ef3a249d2106b6bd7e198a318e9d5b58e9df18fb
[2026-05-31 01:41:37.169]   ✅ Bought 5.0 YES shares @ $0.510
[2026-05-31 01:41:44.981]   📙 NO挂单: ✅ 已下单 | 价格=$0.4000 | 数量=5.0份 | 订单ID=0x26106e1d11bf56dcd325554138f42f31febf90f3095df6b2af89b22bdce1ef00
[2026-05-31 01:41:44.981]   ✅ Bought 5.0 NO shares @ $0.400
[2026-05-31 01:42:01.482]   🎯 live 事件进度: 5/200
[2026-05-31 01:42:01.482] 
[2026-05-31 01:42:01.483]   ✅ 【已下单】btc-updown-5m-1780163100
[2026-05-31 01:42:01.483]      📗 YES: 订单ID=0x674aa709aeb725936d794781ef3a249d2106b6bd7e198a318e9d5b58e9df18fb | 成交价=$0.5100
[2026-05-31 01:42:01.483]      📙 NO: 订单ID=0x26106e1d11bf56dcd325554138f42f31febf90f3095df6b2af89b22bdce1ef00 | 成交价=$0.4000
[2026-05-31 01:42:01.483]      📍 当前状态: down_resting | 动作次数: 3
[2026-05-31 01:42:01.483]   📊 套利边缘: net=-0.4000 | 充足=True | edge=-0.4000 >= min=-0.5000; YES@0.510 cost=0.5100 + NO@0.400 cost=0.4000
[2026-05-31 01:42:01.483] 
[2026-05-31 01:42:01.483]   💤 等待 60s 后进行下次轮询...
[2026-05-31 01:43:01.498] 
[2026-05-31 01:43:01.499] ━━━━━━━━━━━━━━━━━━━━━━━━━━━━━━━━━━━━━━━━━━━━━━━━━━━━━━━━━━━━
[2026-05-31 01:43:01.500]   【 PreOpen 轮次 #29 】 2026-05-30 17:43:01 UTC
[2026-05-31 01:43:06.520] 
[2026-05-31 01:43:06.521]   🔍 【市场发现】共找到 5 个市场
[2026-05-31 01:43:06.521]      ├─ ❌ 过滤 [已开始] btc-updown-5m-1780162500 | 开始于 17:35:00 UTC | tts=-481s
[2026-05-31 01:43:06.521]      ├─ ❌ 过滤 [已开始] btc-updown-5m-1780162800 | 开始于 17:40:00 UTC | tts=-181s
[2026-05-31 01:43:06.521]      └─ ✅ 可交易 btc-updown-5m-1780163400 | 开始 17:50:00 UTC | 结束 17:55:00 UTC | tts=419s
[2026-05-31 01:43:06.522]      ├─ ❌ 过滤 [太远] btc-updown-5m-1780163700 | 开始于 17:55:00 UTC | tts=719s > 600s
[2026-05-31 01:43:06.522] 
[2026-05-31 01:43:06.522]   📊 【汇总】发现 5 个 | 可交易 0 个
[2026-05-31 01:43:06.522]      ├─ 已下单事件排除: 1
[2026-05-31 01:43:06.522]      └─ 时间窗口外: 3
[2026-05-31 01:43:06.522] 
[2026-05-31 01:43:06.522]   📅 【所有市场时间表】(当前: 17:43:01 UTC)
[2026-05-31 01:43:06.522]      🔴 已开始 17:35:00 - 17:40:00 UTC | btc-updown-5m-1780162500 | 开始已过 481s | 已结束
[2026-05-31 01:43:06.522]      🔴 已开始 17:40:00 - 17:45:00 UTC | btc-updown-5m-1780162800 | 开始已过 181s | 119s后结束
[2026-05-31 01:43:06.523]      ✅ 可交易 🧾已下单 17:45:00 - 17:50:00 UTC | btc-updown-5m-1780163100 | 开始119s后 | 419s后结束
[2026-05-31 01:43:06.523]      ✅ 可交易 17:50:00 - 17:55:00 UTC | btc-updown-5m-1780163400 | 开始419s后 | 719s后结束
[2026-05-31 01:43:06.523]      🔜 太远 17:55:00 - 18:00:00 UTC | btc-updown-5m-1780163700 | 开始719s后 | 1019s后结束
[2026-05-31 01:43:06.523]   🎯 目标事件: btc-updown-5m-1780163100 | 状态=NO挂单中 | 距开始=119s | 距结束=419s
[2026-05-31 01:43:06.523]   ⏱  距离开始=118.5s | 状态=down_resting | 动作次数=3
[2026-05-31 01:43:06.523]   循环检查: ⏭️ 跳过 | 价格=- | 数量=- | 原因: action_count=3 >= max=3
[2026-05-31 01:43:06.523] 
[2026-05-31 01:43:06.523]   ✅ 【已下单】btc-updown-5m-1780163100
[2026-05-31 01:43:06.523]      📗 YES: 订单ID=0x674aa709aeb725936d794781ef3a249d2106b6bd7e198a318e9d5b58e9df18fb | 成交价=$0.5100
[2026-05-31 01:43:06.523]      📙 NO: 订单ID=0x26106e1d11bf56dcd325554138f42f31febf90f3095df6b2af89b22bdce1ef00 | 成交价=$0.4000
[2026-05-31 01:43:06.524]      📍 当前状态: down_resting | 动作次数: 3
[2026-05-31 01:43:06.524]   📊 套利边缘: net=-0.4000 | 充足=True | edge=-0.4000 >= min=-0.5000; YES@0.510 cost=0.5100 + NO@0.400 cost=0.4000
[2026-05-31 01:43:20.127] 
[2026-05-31 01:43:20.128]   💤 等待 60s 后进行下次轮询...
[2026-05-31 01:44:20.133] 
[2026-05-31 01:44:20.135] ━━━━━━━━━━━━━━━━━━━━━━━━━━━━━━━━━━━━━━━━━━━━━━━━━━━━━━━━━━━━
[2026-05-31 01:44:20.135]   【 PreOpen 轮次 #30 】 2026-05-30 17:44:20 UTC
[2026-05-31 01:44:25.380] 
[2026-05-31 01:44:25.380]   🔍 【市场发现】共找到 4 个市场
[2026-05-31 01:44:25.380]      ├─ ❌ 过滤 [已开始] btc-updown-5m-1780162800 | 开始于 17:40:00 UTC | tts=-260s
[2026-05-31 01:44:25.380]      └─ ✅ 可交易 btc-updown-5m-1780163400 | 开始 17:50:00 UTC | 结束 17:55:00 UTC | tts=340s
[2026-05-31 01:44:25.380]      ├─ ❌ 过滤 [太远] btc-updown-5m-1780163700 | 开始于 17:55:00 UTC | tts=640s > 600s
[2026-05-31 01:44:25.381] 
[2026-05-31 01:44:25.381]   📊 【汇总】发现 4 个 | 可交易 0 个
[2026-05-31 01:44:25.381]      ├─ 已下单事件排除: 1
[2026-05-31 01:44:25.381]      └─ 时间窗口外: 2
[2026-05-31 01:44:25.381] 
[2026-05-31 01:44:25.381]   📅 【所有市场时间表】(当前: 17:44:20 UTC)
[2026-05-31 01:44:25.381]      🔴 已开始 17:40:00 - 17:45:00 UTC | btc-updown-5m-1780162800 | 开始已过 260s | 40s后结束
[2026-05-31 01:44:25.381]      ✅ 可交易 🧾已下单 17:45:00 - 17:50:00 UTC | btc-updown-5m-1780163100 | 开始40s后 | 340s后结束
[2026-05-31 01:44:25.381]      ✅ 可交易 17:50:00 - 17:55:00 UTC | btc-updown-5m-1780163400 | 开始340s后 | 640s后结束
[2026-05-31 01:44:25.381]      🔜 太远 17:55:00 - 18:00:00 UTC | btc-updown-5m-1780163700 | 开始640s后 | 940s后结束
[2026-05-31 01:44:25.382]   🎯 目标事件: btc-updown-5m-1780163100 | 状态=NO挂单中 | 距开始=40s | 距结束=340s
[2026-05-31 01:44:25.382]   ⏱  距离开始=39.9s | 状态=down_resting | 动作次数=3
[2026-05-31 01:44:25.382]   循环检查: ⏭️ 跳过 | 价格=- | 数量=- | 原因: action_count=3 >= max=3
[2026-05-31 01:44:25.382] 
[2026-05-31 01:44:25.382]   ✅ 【已下单】btc-updown-5m-1780163100
[2026-05-31 01:44:25.382]      📗 YES: 订单ID=0x674aa709aeb725936d794781ef3a249d2106b6bd7e198a318e9d5b58e9df18fb | 成交价=$0.5100
[2026-05-31 01:44:25.382]      📙 NO: 订单ID=0x26106e1d11bf56dcd325554138f42f31febf90f3095df6b2af89b22bdce1ef00 | 成交价=$0.4000
[2026-05-31 01:44:25.382]      📍 当前状态: down_resting | 动作次数: 3
[2026-05-31 01:44:25.382]   📊 套利边缘: net=-0.4000 | 充足=True | edge=-0.4000 >= min=-0.5000; YES@0.510 cost=0.5100 + NO@0.400 cost=0.4000
[2026-05-31 01:44:25.382] 
[2026-05-31 01:44:25.382]   💤 等待 60s 后进行下次轮询...
[2026-05-31 01:45:25.388] 
[2026-05-31 01:45:25.390] ━━━━━━━━━━━━━━━━━━━━━━━━━━━━━━━━━━━━━━━━━━━━━━━━━━━━━━━━━━━━
[2026-05-31 01:45:25.390]   【 PreOpen 轮次 #31 】 2026-05-30 17:45:25 UTC
[2026-05-31 01:45:31.900] 
[2026-05-31 01:45:31.901]   🔍 【市场发现】共找到 5 个市场
[2026-05-31 01:45:31.901]      ├─ ❌ 过滤 [已开始] btc-updown-5m-1780162800 | 开始于 17:40:00 UTC | tts=-325s
[2026-05-31 01:45:31.901]      └─ ✅ 可交易 btc-updown-5m-1780163400 | 开始 17:50:00 UTC | 结束 17:55:00 UTC | tts=275s
[2026-05-31 01:45:31.901]      └─ ✅ 可交易 btc-updown-5m-1780163700 | 开始 17:55:00 UTC | 结束 18:00:00 UTC | tts=575s
[2026-05-31 01:45:31.902]      ├─ ❌ 过滤 [太远] btc-updown-5m-1780164000 | 开始于 18:00:00 UTC | tts=875s > 600s
[2026-05-31 01:45:31.902] 
[2026-05-31 01:45:31.902]   📊 【汇总】发现 5 个 | 可交易 1 个
[2026-05-31 01:45:31.902]      ├─ 已下单事件排除: 1
[2026-05-31 01:45:31.902]      └─ 时间窗口外: 2
[2026-05-31 01:45:31.902] 
[2026-05-31 01:45:31.902]   📅 【所有市场时间表】(当前: 17:45:25 UTC)
[2026-05-31 01:45:31.902]      🔴 已开始 17:40:00 - 17:45:00 UTC | btc-updown-5m-1780162800 | 开始已过 325s | 已结束
[2026-05-31 01:45:31.902]      🔴 已开始 🧾已下单 17:45:00 - 17:50:00 UTC | btc-updown-5m-1780163100 | 开始已过 25s | 275s后结束
[2026-05-31 01:45:31.902]      ✅ 可交易 17:50:00 - 17:55:00 UTC | btc-updown-5m-1780163400 | 开始275s后 | 575s后结束
[2026-05-31 01:45:31.903]      ✅ 可交易 17:55:00 - 18:00:00 UTC | btc-updown-5m-1780163700 | 开始575s后 | 875s后结束
[2026-05-31 01:45:31.903]      🔜 太远 18:00:00 - 18:05:00 UTC | btc-updown-5m-1780164000 | 开始875s后 | 1175s后结束
[2026-05-31 01:45:31.903]   ✨ 新发现事件: btc-updown-5m-1780163700 | 状态=已发现 | 距开始=575s | 距结束=875s
[2026-05-31 01:45:31.903]   🎯 目标事件: btc-updown-5m-1780163400 | 状态=已发现 | 距开始=275s | 距结束=575s
[2026-05-31 01:45:31.903]   ⏱  距离开始=274.6s | 状态=discovered | 动作次数=0
[2026-05-31 01:45:31.903]   🔄 事件状态: DISCOVERED → READY | btc-updown-5m-1780163400
[2026-05-31 01:45:34.417] [py_clob_client_v2] request error status=400 url=https://clob.polymarket.com/order body={"error":"not enough balance / allowance: the balance is not enough -\u003e balance: 3061692, sum of matched orders: 2000000, order amount (inc. fees): 2637460"}
[2026-05-31 01:45:34.418]   📗 YES下单: ❌ 错误 | 价格=$0.5100 | 数量=5.0份 | 原因: direct_clob_failed: PolyApiException[status_code=400, error_message={'error': 'not enough balance / allowance: the balance is not enough -> balance: 3061692, sum of matched orders: 2000000, order amount (inc. fees): 2637460'}]
[2026-05-31 01:45:46.870]   🧾 结算回填: 已追加 1 条 settled 记录到 trades.csv
[2026-05-31 01:45:46.871] 
[2026-05-31 01:45:46.871]   💤 等待 60s 后进行下次轮询...
[2026-05-31 01:46:46.874] 
[2026-05-31 01:46:46.876] ━━━━━━━━━━━━━━━━━━━━━━━━━━━━━━━━━━━━━━━━━━━━━━━━━━━━━━━━━━━━
[2026-05-31 01:46:46.877]   【 PreOpen 轮次 #32 】 2026-05-30 17:46:46 UTC
[2026-05-31 01:46:46.877]   🗑 Pre-GC removed: btc-updown-5m-1780163100 | reason=stale/untradeable
[2026-05-31 01:46:53.133] 
[2026-05-31 01:46:53.134]   🔍 【市场发现】共找到 5 个市场
[2026-05-31 01:46:53.134]      ├─ ❌ 过滤 [已开始] btc-updown-5m-1780162800 | 开始于 17:40:00 UTC | tts=-407s
[2026-05-31 01:46:53.134]      ├─ ❌ 过滤 [已开始] btc-updown-5m-1780163100 | 开始于 17:45:00 UTC | tts=-107s
[2026-05-31 01:46:53.135]      └─ ✅ 可交易 btc-updown-5m-1780163400 | 开始 17:50:00 UTC | 结束 17:55:00 UTC | tts=193s
[2026-05-31 01:46:53.135]      └─ ✅ 可交易 btc-updown-5m-1780163700 | 开始 17:55:00 UTC | 结束 18:00:00 UTC | tts=493s
[2026-05-31 01:46:53.135]      ├─ ❌ 过滤 [太远] btc-updown-5m-1780164000 | 开始于 18:00:00 UTC | tts=793s > 600s
[2026-05-31 01:46:53.135] 
[2026-05-31 01:46:53.135]   📊 【汇总】发现 5 个 | 可交易 0 个
[2026-05-31 01:46:53.135]      └─ 时间窗口外: 3
[2026-05-31 01:46:53.135] 
[2026-05-31 01:46:53.135]   📅 【所有市场时间表】(当前: 17:46:46 UTC)
[2026-05-31 01:46:53.135]      🔴 已开始 17:40:00 - 17:45:00 UTC | btc-updown-5m-1780162800 | 开始已过 407s | 已结束
[2026-05-31 01:46:53.135]      🔴 已开始 17:45:00 - 17:50:00 UTC | btc-updown-5m-1780163100 | 开始已过 107s | 193s后结束
[2026-05-31 01:46:53.135]      ✅ 可交易 17:50:00 - 17:55:00 UTC | btc-updown-5m-1780163400 | 开始193s后 | 493s后结束
[2026-05-31 01:46:53.136]      ✅ 可交易 17:55:00 - 18:00:00 UTC | btc-updown-5m-1780163700 | 开始493s后 | 793s后结束
[2026-05-31 01:46:53.136]      🔜 太远 18:00:00 - 18:05:00 UTC | btc-updown-5m-1780164000 | 开始793s后 | 1093s后结束
[2026-05-31 01:46:53.136]   🎯 目标事件: btc-updown-5m-1780163400 | 状态=就绪 | 距开始=193s | 距结束=493s
[2026-05-31 01:46:53.136]   ⏱  距离开始=193.1s | 状态=ready | 动作次数=1
[2026-05-31 01:46:54.439] [py_clob_client_v2] request error status=400 url=https://clob.polymarket.com/order body={"error":"not enough balance / allowance: the balance is not enough -\u003e balance: 1061692, order amount: 2637460"}
[2026-05-31 01:46:54.439]   📗 YES下单: ❌ 错误 | 价格=$0.5100 | 数量=5.0份 | 原因: direct_clob_failed: PolyApiException[status_code=400, error_message={'error': 'not enough balance / allowance: the balance is not enough -> balance: 1061692, order amount: 2637460'}]
[2026-05-31 01:46:54.439] 
[2026-05-31 01:46:54.440]   💤 等待 60s 后进行下次轮询...
[2026-05-31 01:47:14.176] 
[2026-05-31 01:47:14.177] 【PreOpen Loop】Stopped by user.
