[2026-05-30 23:23:47.307] 📁 日志目录: /Users/yuliang/project/poly-refactor/poly-simmer-fast-loop/main/runs/2026-05-30-23-23-47_dryrun
[2026-05-30 23:23:47.308] 📄 日志文件: /Users/yuliang/project/poly-refactor/poly-simmer-fast-loop/main/runs/2026-05-30-23-23-47_dryrun/output.log
[2026-05-30 23:23:47.308] ============================================================
[2026-05-30 23:23:47.308] 
[2026-05-30 23:23:47.308] ════════════════════════════════════════════════════════════
[2026-05-30 23:23:47.308]   【 PreOpen Loop 预开盘循环 】
[2026-05-30 23:23:47.308] ════════════════════════════════════════════════════════════
[2026-05-30 23:23:47.308]   模式: 模拟交易
[2026-05-30 23:23:47.308]   品种: BTC | 窗口: 5m
[2026-05-30 23:23:47.308]   ── 轮询参数 ──
[2026-05-30 23:23:47.308]   • 轮询间隔: 60s
[2026-05-30 23:23:47.308]   • 预开盘提前时间 (lead_time): 600s
[2026-05-30 23:23:47.308]   • 垃圾回收宽限期 (gc_grace): 60s
[2026-05-30 23:23:47.308]   ── YES 主单参数 ──
[2026-05-30 23:23:47.308]   • 买入数量: 10.0 份
[2026-05-30 23:23:47.308]   • 最高价格: $0.92
[2026-05-30 23:23:47.308]   ── NO 对冲参数 ──
[2026-05-30 23:23:47.308]   • 静态对冲价格: $0.4
[2026-05-30 23:23:47.308]   • 切换 TTL 阈值: 40s
[2026-05-30 23:23:47.308]   • 最大 FAK 价格: $0.42
[2026-05-30 23:23:47.308]   • 最小套利边缘: -0.5
[2026-05-30 23:23:47.308] ────────────────────────────────────────────────────────────
[2026-05-30 23:23:47.308] 
[2026-05-30 23:23:47.308] ━━━━━━━━━━━━━━━━━━━━━━━━━━━━━━━━━━━━━━━━━━━━━━━━━━━━━━━━━━━━
[2026-05-30 23:23:47.308]   【 PreOpen 轮次 #1 】 2026-05-30 15:23:47 UTC
[2026-05-30 23:23:54.080] 
[2026-05-30 23:23:54.081]   🔍 【市场发现】共找到 4 个市场
[2026-05-30 23:23:54.081]      ├─ ❌ 过滤 [已开始] btc-updown-5m-1780154400 | 开始于 15:20:00 UTC | tts=-227s
[2026-05-30 23:23:54.081]      └─ ✅ 可交易 btc-updown-5m-1780154700 | 开始 15:25:00 UTC | 结束 15:30:00 UTC | tts=73s
[2026-05-30 23:23:54.081]      └─ ✅ 可交易 btc-updown-5m-1780155000 | 开始 15:30:00 UTC | 结束 15:35:00 UTC | tts=373s
[2026-05-30 23:23:54.081]      ├─ ❌ 过滤 [太远] btc-updown-5m-1780155300 | 开始于 15:35:00 UTC | tts=673s > 600s
[2026-05-30 23:23:54.081] 
[2026-05-30 23:23:54.081]   📊 【汇总】发现 4 个 | 可交易 2 个
[2026-05-30 23:23:54.082]      └─ 时间窗口外: 2
[2026-05-30 23:23:54.082] 
[2026-05-30 23:23:54.082]   📅 【所有市场时间表】(当前: 15:23:47 UTC)
[2026-05-30 23:23:54.082]      🔴 已开始 15:20:00 - 15:25:00 UTC | btc-updown-5m-1780154400 | 开始已过 227s | 73s后结束
[2026-05-30 23:23:54.082]      ✅ 可交易 15:25:00 - 15:30:00 UTC | btc-updown-5m-1780154700 | 开始73s后 | 373s后结束
[2026-05-30 23:23:54.082]      ✅ 可交易 15:30:00 - 15:35:00 UTC | btc-updown-5m-1780155000 | 开始373s后 | 673s后结束
[2026-05-30 23:23:54.082]      🔜 太远 15:35:00 - 15:40:00 UTC | btc-updown-5m-1780155300 | 开始673s后 | 973s后结束
[2026-05-30 23:23:54.082]   ✨ 新发现事件: btc-updown-5m-1780154700 | 状态=已发现 | 距开始=73s | 距结束=373s
[2026-05-30 23:23:54.082]   ✨ 新发现事件: btc-updown-5m-1780155000 | 状态=已发现 | 距开始=373s | 距结束=673s
[2026-05-30 23:23:54.082]   📦 事件池: 2 个 | 本轮发现=2 | GC移除=0
[2026-05-30 23:23:54.082]   🎯 目标事件: btc-updown-5m-1780154700 | 状态=已发现 | 距开始=73s | 距结束=373s
[2026-05-30 23:23:54.082]   ⏱  距离开始=72.7s | 状态=discovered | 动作次数=0
[2026-05-30 23:23:54.082]   🔄 事件状态: DISCOVERED → READY | btc-updown-5m-1780154700
[2026-05-30 23:23:55.041]   📗 YES下单: ✅ 已下单 | 价格=$0.5200 | 数量=10.0份 | 订单ID=DRY-0x225284-YES
[2026-05-30 23:23:55.041]   ✅ [PAPER] Bought 10.0 YES shares @ $0.520
[2026-05-30 23:24:07.117]   📙 NO挂单: ✅ 已下单 | 价格=$0.4000 | 数量=10.0份 | 订单ID=DRY-0x225284-DOWN
[2026-05-30 23:24:07.117]   ✅ [PAPER] Bought 10.0 NO shares @ $0.400
[2026-05-30 23:24:16.368] 
[2026-05-30 23:24:16.368]   ✅ 【已下单】btc-updown-5m-1780154700
[2026-05-30 23:24:16.368]      📗 YES: 订单ID=DRY-0x225284-YES | 成交价=$0.5200
[2026-05-30 23:24:16.368]      📙 NO: 订单ID=DRY-0x225284-DOWN | 成交价=$N/A
[2026-05-30 23:24:16.368]      📍 当前状态: down_resting | 动作次数: 3
[2026-05-30 23:24:16.369]   📊 套利边缘: net=-0.4000 | 充足=True | edge=-0.4000 >= min=-0.5000; YES@0.520 cost=0.5200 + NO@0.400 cost=0.4000
[2026-05-30 23:24:16.369] 
[2026-05-30 23:24:16.369]   💤 等待 60s 后进行下次轮询...
[2026-05-30 23:25:16.375] 
[2026-05-30 23:25:16.384] ━━━━━━━━━━━━━━━━━━━━━━━━━━━━━━━━━━━━━━━━━━━━━━━━━━━━━━━━━━━━
[2026-05-30 23:25:16.392]   【 PreOpen 轮次 #2 】 2026-05-30 15:25:16 UTC
[2026-05-30 23:25:25.044] 
[2026-05-30 23:25:25.044]   🔍 【市场发现】共找到 6 个市场
[2026-05-30 23:25:25.044]      ├─ ❌ 过滤 [已开始] btc-updown-5m-1780154100 | 开始于 15:15:00 UTC | tts=-616s
[2026-05-30 23:25:25.044]      ├─ ❌ 过滤 [已开始] btc-updown-5m-1780154400 | 开始于 15:20:00 UTC | tts=-316s
[2026-05-30 23:25:25.044]      └─ ✅ 可交易 btc-updown-5m-1780155000 | 开始 15:30:00 UTC | 结束 15:35:00 UTC | tts=284s
[2026-05-30 23:25:25.044]      └─ ✅ 可交易 btc-updown-5m-1780155300 | 开始 15:35:00 UTC | 结束 15:40:00 UTC | tts=584s
[2026-05-30 23:25:25.044]      ├─ ❌ 过滤 [太远] btc-updown-5m-1780155600 | 开始于 15:40:00 UTC | tts=884s > 600s
[2026-05-30 23:25:25.045] 
[2026-05-30 23:25:25.045]   📊 【汇总】发现 6 个 | 可交易 1 个
[2026-05-30 23:25:25.045]      ├─ 已下单事件排除: 1
[2026-05-30 23:25:25.045]      └─ 时间窗口外: 3
[2026-05-30 23:25:25.045] 
[2026-05-30 23:25:25.045]   📅 【所有市场时间表】(当前: 15:25:16 UTC)
[2026-05-30 23:25:25.045]      🔴 已开始 15:15:00 - 15:20:00 UTC | btc-updown-5m-1780154100 | 开始已过 616s | 已结束
[2026-05-30 23:25:25.045]      🔴 已开始 15:20:00 - 15:25:00 UTC | btc-updown-5m-1780154400 | 开始已过 316s | 已结束
[2026-05-30 23:25:25.045]      🔴 已开始 🧾已下单 15:25:00 - 15:30:00 UTC | btc-updown-5m-1780154700 | 开始已过 16s | 284s后结束
[2026-05-30 23:25:25.045]      ✅ 可交易 15:30:00 - 15:35:00 UTC | btc-updown-5m-1780155000 | 开始284s后 | 584s后结束
[2026-05-30 23:25:25.045]      ✅ 可交易 15:35:00 - 15:40:00 UTC | btc-updown-5m-1780155300 | 开始584s后 | 884s后结束
[2026-05-30 23:25:25.045]      🔜 太远 15:40:00 - 15:45:00 UTC | btc-updown-5m-1780155600 | 开始884s后 | 1184s后结束
[2026-05-30 23:25:25.045]   ✨ 新发现事件: btc-updown-5m-1780155300 | 状态=已发现 | 距开始=584s | 距结束=884s
[2026-05-30 23:25:25.045]   📦 事件池: 3 个 | 本轮发现=1 | GC移除=0
[2026-05-30 23:25:25.045]   🎯 目标事件: btc-updown-5m-1780155000 | 状态=已发现 | 距开始=284s | 距结束=584s
[2026-05-30 23:25:25.045]   ⏱  距离开始=283.6s | 状态=discovered | 动作次数=0
[2026-05-30 23:25:25.045]   🔄 事件状态: DISCOVERED → READY | btc-updown-5m-1780155000
[2026-05-30 23:25:25.700]   📗 YES下单: ✅ 已下单 | 价格=$0.5100 | 数量=10.0份 | 订单ID=DRY-0x9c1d2a-YES
[2026-05-30 23:25:25.700]   ✅ [PAPER] Bought 10.0 YES shares @ $0.510
[2026-05-30 23:25:37.996]   📙 NO挂单: ✅ 已下单 | 价格=$0.4000 | 数量=10.0份 | 订单ID=DRY-0x9c1d2a-DOWN
[2026-05-30 23:25:37.997]   ✅ [PAPER] Bought 10.0 NO shares @ $0.400
[2026-05-30 23:25:46.391] 
[2026-05-30 23:25:46.392]   ✅ 【已下单】btc-updown-5m-1780155000
[2026-05-30 23:25:46.392]      📗 YES: 订单ID=DRY-0x9c1d2a-YES | 成交价=$0.5100
[2026-05-30 23:25:46.392]      📙 NO: 订单ID=DRY-0x9c1d2a-DOWN | 成交价=$N/A
[2026-05-30 23:25:46.392]      📍 当前状态: down_resting | 动作次数: 3
[2026-05-30 23:25:46.392]   📊 套利边缘: net=-0.4000 | 充足=True | edge=-0.4000 >= min=-0.5000; YES@0.510 cost=0.5100 + NO@0.400 cost=0.4000
[2026-05-30 23:25:46.392] 
[2026-05-30 23:25:46.392]   💤 等待 60s 后进行下次轮询...
[2026-05-30 23:26:46.396] 
[2026-05-30 23:26:46.398] ━━━━━━━━━━━━━━━━━━━━━━━━━━━━━━━━━━━━━━━━━━━━━━━━━━━━━━━━━━━━
[2026-05-30 23:26:46.399]   【 PreOpen 轮次 #3 】 2026-05-30 15:26:46 UTC
[2026-05-30 23:26:46.399]   🗑 Pre-GC removed: btc-updown-5m-1780154700 | reason=stale/untradeable
[2026-05-30 23:26:53.305] 
[2026-05-30 23:26:53.305]   🔍 【市场发现】共找到 4 个市场
[2026-05-30 23:26:53.306]      ├─ ❌ 过滤 [已开始] btc-updown-5m-1780154400 | 开始于 15:20:00 UTC | tts=-406s
[2026-05-30 23:26:53.306]      ├─ ❌ 过滤 [已开始] btc-updown-5m-1780154700 | 开始于 15:25:00 UTC | tts=-106s
[2026-05-30 23:26:53.306]      └─ ✅ 可交易 btc-updown-5m-1780155300 | 开始 15:35:00 UTC | 结束 15:40:00 UTC | tts=494s
[2026-05-30 23:26:53.306] 
[2026-05-30 23:26:53.306]   📊 【汇总】发现 4 个 | 可交易 0 个
[2026-05-30 23:26:53.306]      ├─ 已下单事件排除: 1
[2026-05-30 23:26:53.307]      └─ 时间窗口外: 2
[2026-05-30 23:26:53.307] 
[2026-05-30 23:26:53.307]   📅 【所有市场时间表】(当前: 15:26:46 UTC)
[2026-05-30 23:26:53.307]      🔴 已开始 15:20:00 - 15:25:00 UTC | btc-updown-5m-1780154400 | 开始已过 406s | 已结束
[2026-05-30 23:26:53.307]      🔴 已开始 15:25:00 - 15:30:00 UTC | btc-updown-5m-1780154700 | 开始已过 106s | 194s后结束
[2026-05-30 23:26:53.307]      ✅ 可交易 🧾已下单 15:30:00 - 15:35:00 UTC | btc-updown-5m-1780155000 | 开始194s后 | 494s后结束
[2026-05-30 23:26:53.307]      ✅ 可交易 15:35:00 - 15:40:00 UTC | btc-updown-5m-1780155300 | 开始494s后 | 794s后结束
[2026-05-30 23:26:53.307]   📦 事件池: 2 个 | 本轮发现=0 | GC移除=0
[2026-05-30 23:26:53.307]   🎯 目标事件: btc-updown-5m-1780155000 | 状态=NO挂单中 | 距开始=194s | 距结束=494s
[2026-05-30 23:26:53.307]   ⏱  距离开始=193.6s | 状态=down_resting | 动作次数=3
[2026-05-30 23:26:53.308]   循环检查: ⏭️ 跳过 | 价格=- | 数量=- | 原因: action_count=3 >= max=3
[2026-05-30 23:26:53.308] 
[2026-05-30 23:26:53.308]   ✅ 【已下单】btc-updown-5m-1780155000
[2026-05-30 23:26:53.308]      📗 YES: 订单ID=DRY-0x9c1d2a-YES | 成交价=$0.5100
[2026-05-30 23:26:53.308]      📙 NO: 订单ID=DRY-0x9c1d2a-DOWN | 成交价=$N/A
[2026-05-30 23:26:53.308]      📍 当前状态: down_resting | 动作次数: 3
[2026-05-30 23:26:53.308]   📊 套利边缘: net=-0.4000 | 充足=True | edge=-0.4000 >= min=-0.5000; YES@0.510 cost=0.5100 + NO@0.400 cost=0.4000
[2026-05-30 23:27:14.438] 
[2026-05-30 23:27:14.439]   💤 等待 60s 后进行下次轮询...
[2026-05-30 23:28:14.444] 
[2026-05-30 23:28:14.448] ━━━━━━━━━━━━━━━━━━━━━━━━━━━━━━━━━━━━━━━━━━━━━━━━━━━━━━━━━━━━
[2026-05-30 23:28:14.449]   【 PreOpen 轮次 #4 】 2026-05-30 15:28:14 UTC
[2026-05-30 23:28:21.125] 
[2026-05-30 23:28:21.125]   🔍 【市场发现】共找到 5 个市场
[2026-05-30 23:28:21.126]      ├─ ❌ 过滤 [已开始] btc-updown-5m-1780154400 | 开始于 15:20:00 UTC | tts=-494s
[2026-05-30 23:28:21.126]      ├─ ❌ 过滤 [已开始] btc-updown-5m-1780154700 | 开始于 15:25:00 UTC | tts=-194s
[2026-05-30 23:28:21.126]      └─ ✅ 可交易 btc-updown-5m-1780155300 | 开始 15:35:00 UTC | 结束 15:40:00 UTC | tts=406s
[2026-05-30 23:28:21.127]      ├─ ❌ 过滤 [太远] btc-updown-5m-1780155600 | 开始于 15:40:00 UTC | tts=706s > 600s
[2026-05-30 23:28:21.127] 
[2026-05-30 23:28:21.127]   📊 【汇总】发现 5 个 | 可交易 0 个
[2026-05-30 23:28:21.127]      ├─ 已下单事件排除: 1
[2026-05-30 23:28:21.127]      └─ 时间窗口外: 3
[2026-05-30 23:28:21.127] 
[2026-05-30 23:28:21.127]   📅 【所有市场时间表】(当前: 15:28:14 UTC)
[2026-05-30 23:28:21.127]      🔴 已开始 15:20:00 - 15:25:00 UTC | btc-updown-5m-1780154400 | 开始已过 494s | 已结束
[2026-05-30 23:28:21.127]      🔴 已开始 15:25:00 - 15:30:00 UTC | btc-updown-5m-1780154700 | 开始已过 194s | 106s后结束
[2026-05-30 23:28:21.127]      ✅ 可交易 🧾已下单 15:30:00 - 15:35:00 UTC | btc-updown-5m-1780155000 | 开始106s后 | 406s后结束
[2026-05-30 23:28:21.127]      ✅ 可交易 15:35:00 - 15:40:00 UTC | btc-updown-5m-1780155300 | 开始406s后 | 706s后结束
[2026-05-30 23:28:21.127]      🔜 太远 15:40:00 - 15:45:00 UTC | btc-updown-5m-1780155600 | 开始706s后 | 1006s后结束
[2026-05-30 23:28:21.127]   📦 事件池: 2 个 | 本轮发现=0 | GC移除=0
[2026-05-30 23:28:21.128]   🎯 目标事件: btc-updown-5m-1780155000 | 状态=NO挂单中 | 距开始=106s | 距结束=406s
[2026-05-30 23:28:21.128]   ⏱  距离开始=105.6s | 状态=down_resting | 动作次数=3
[2026-05-30 23:28:21.128]   循环检查: ⏭️ 跳过 | 价格=- | 数量=- | 原因: action_count=3 >= max=3
[2026-05-30 23:28:21.128] 
[2026-05-30 23:28:21.128]   ✅ 【已下单】btc-updown-5m-1780155000
[2026-05-30 23:28:21.128]      📗 YES: 订单ID=DRY-0x9c1d2a-YES | 成交价=$0.5100
[2026-05-30 23:28:21.128]      📙 NO: 订单ID=DRY-0x9c1d2a-DOWN | 成交价=$N/A
[2026-05-30 23:28:21.128]      📍 当前状态: down_resting | 动作次数: 3
[2026-05-30 23:28:21.128]   📊 套利边缘: net=-0.4000 | 充足=True | edge=-0.4000 >= min=-0.5000; YES@0.510 cost=0.5100 + NO@0.400 cost=0.4000
[2026-05-30 23:28:21.128] 
[2026-05-30 23:28:21.128]   💤 等待 60s 后进行下次轮询...
[2026-05-30 23:29:21.133] 
[2026-05-30 23:29:21.136] ━━━━━━━━━━━━━━━━━━━━━━━━━━━━━━━━━━━━━━━━━━━━━━━━━━━━━━━━━━━━
[2026-05-30 23:29:21.136]   【 PreOpen 轮次 #5 】 2026-05-30 15:29:21 UTC
[2026-05-30 23:29:27.214] 
[2026-05-30 23:29:27.214]   🔍 【市场发现】共找到 4 个市场
[2026-05-30 23:29:27.214]      ├─ ❌ 过滤 [已开始] btc-updown-5m-1780154400 | 开始于 15:20:00 UTC | tts=-561s
[2026-05-30 23:29:27.214]      ├─ ❌ 过滤 [已开始] btc-updown-5m-1780154700 | 开始于 15:25:00 UTC | tts=-261s
[2026-05-30 23:29:27.214]      └─ ✅ 可交易 btc-updown-5m-1780155300 | 开始 15:35:00 UTC | 结束 15:40:00 UTC | tts=339s
[2026-05-30 23:29:27.214] 
[2026-05-30 23:29:27.214]   📊 【汇总】发现 4 个 | 可交易 0 个
[2026-05-30 23:29:27.214]      ├─ 已下单事件排除: 1
[2026-05-30 23:29:27.214]      └─ 时间窗口外: 2
[2026-05-30 23:29:27.214] 
[2026-05-30 23:29:27.214]   📅 【所有市场时间表】(当前: 15:29:21 UTC)
[2026-05-30 23:29:27.214]      🔴 已开始 15:20:00 - 15:25:00 UTC | btc-updown-5m-1780154400 | 开始已过 561s | 已结束
[2026-05-30 23:29:27.214]      🔴 已开始 15:25:00 - 15:30:00 UTC | btc-updown-5m-1780154700 | 开始已过 261s | 39s后结束
[2026-05-30 23:29:27.214]      ✅ 可交易 🧾已下单 15:30:00 - 15:35:00 UTC | btc-updown-5m-1780155000 | 开始39s后 | 339s后结束
[2026-05-30 23:29:27.214]      ✅ 可交易 15:35:00 - 15:40:00 UTC | btc-updown-5m-1780155300 | 开始339s后 | 639s后结束
[2026-05-30 23:29:27.214]   📦 事件池: 2 个 | 本轮发现=0 | GC移除=0
[2026-05-30 23:29:27.214]   🎯 目标事件: btc-updown-5m-1780155000 | 状态=NO挂单中 | 距开始=39s | 距结束=339s
[2026-05-30 23:29:27.214]   ⏱  距离开始=38.9s | 状态=down_resting | 动作次数=3
[2026-05-30 23:29:27.214]   循环检查: ⏭️ 跳过 | 价格=- | 数量=- | 原因: action_count=3 >= max=3
[2026-05-30 23:29:27.214] 
[2026-05-30 23:29:27.214]   ✅ 【已下单】btc-updown-5m-1780155000
[2026-05-30 23:29:27.214]      📗 YES: 订单ID=DRY-0x9c1d2a-YES | 成交价=$0.5100
[2026-05-30 23:29:27.214]      📙 NO: 订单ID=DRY-0x9c1d2a-DOWN | 成交价=$N/A
[2026-05-30 23:29:27.214]      📍 当前状态: down_resting | 动作次数: 3
[2026-05-30 23:29:27.215]   📊 套利边缘: net=-0.4000 | 充足=True | edge=-0.4000 >= min=-0.5000; YES@0.510 cost=0.5100 + NO@0.400 cost=0.4000
[2026-05-30 23:29:49.210] 
[2026-05-30 23:29:49.212]   💤 等待 60s 后进行下次轮询...
[2026-05-30 23:30:49.235] 
[2026-05-30 23:30:49.238] ━━━━━━━━━━━━━━━━━━━━━━━━━━━━━━━━━━━━━━━━━━━━━━━━━━━━━━━━━━━━
[2026-05-30 23:30:49.238]   【 PreOpen 轮次 #6 】 2026-05-30 15:30:49 UTC
[2026-05-30 23:30:57.016] 
[2026-05-30 23:30:57.016]   🔍 【市场发现】共找到 5 个市场
[2026-05-30 23:30:57.017]      ├─ ❌ 过滤 [已开始] btc-updown-5m-1780154700 | 开始于 15:25:00 UTC | tts=-349s
[2026-05-30 23:30:57.017]      └─ ✅ 可交易 btc-updown-5m-1780155300 | 开始 15:35:00 UTC | 结束 15:40:00 UTC | tts=251s
[2026-05-30 23:30:57.017]      └─ ✅ 可交易 btc-updown-5m-1780155600 | 开始 15:40:00 UTC | 结束 15:45:00 UTC | tts=551s
[2026-05-30 23:30:57.018]      ├─ ❌ 过滤 [太远] btc-updown-5m-1780155900 | 开始于 15:45:00 UTC | tts=851s > 600s
[2026-05-30 23:30:57.018] 
[2026-05-30 23:30:57.018]   📊 【汇总】发现 5 个 | 可交易 1 个
[2026-05-30 23:30:57.018]      ├─ 已下单事件排除: 1
[2026-05-30 23:30:57.018]      └─ 时间窗口外: 2
[2026-05-30 23:30:57.018] 
[2026-05-30 23:30:57.018]   📅 【所有市场时间表】(当前: 15:30:49 UTC)
[2026-05-30 23:30:57.018]      🔴 已开始 15:25:00 - 15:30:00 UTC | btc-updown-5m-1780154700 | 开始已过 349s | 已结束
[2026-05-30 23:30:57.018]      🔴 已开始 🧾已下单 15:30:00 - 15:35:00 UTC | btc-updown-5m-1780155000 | 开始已过 49s | 251s后结束
[2026-05-30 23:30:57.018]      ✅ 可交易 15:35:00 - 15:40:00 UTC | btc-updown-5m-1780155300 | 开始251s后 | 551s后结束
[2026-05-30 23:30:57.018]      ✅ 可交易 15:40:00 - 15:45:00 UTC | btc-updown-5m-1780155600 | 开始551s后 | 851s后结束
[2026-05-30 23:30:57.018]      🔜 太远 15:45:00 - 15:50:00 UTC | btc-updown-5m-1780155900 | 开始851s后 | 1151s后结束
[2026-05-30 23:30:57.018]   ✨ 新发现事件: btc-updown-5m-1780155600 | 状态=已发现 | 距开始=551s | 距结束=851s
[2026-05-30 23:30:57.019]   📦 事件池: 3 个 | 本轮发现=1 | GC移除=0
[2026-05-30 23:30:57.019]   🎯 目标事件: btc-updown-5m-1780155300 | 状态=已发现 | 距开始=251s | 距结束=551s
[2026-05-30 23:30:57.019]   ⏱  距离开始=250.8s | 状态=discovered | 动作次数=0
[2026-05-30 23:30:57.019]   🔄 事件状态: DISCOVERED → READY | btc-updown-5m-1780155300
[2026-05-30 23:30:57.716]   📗 YES下单: ✅ 已下单 | 价格=$0.5100 | 数量=10.0份 | 订单ID=DRY-0x32d628-YES
[2026-05-30 23:30:57.717]   ✅ [PAPER] Bought 10.0 YES shares @ $0.510
[2026-05-30 23:31:11.013]   📙 NO挂单: ✅ 已下单 | 价格=$0.4000 | 数量=10.0份 | 订单ID=DRY-0x32d628-DOWN
[2026-05-30 23:31:11.013]   ✅ [PAPER] Bought 10.0 NO shares @ $0.400
[2026-05-30 23:31:19.945] 
[2026-05-30 23:31:19.947]   ✅ 【已下单】btc-updown-5m-1780155300
[2026-05-30 23:31:19.947]      📗 YES: 订单ID=DRY-0x32d628-YES | 成交价=$0.5100
[2026-05-30 23:31:19.947]      📙 NO: 订单ID=DRY-0x32d628-DOWN | 成交价=$N/A
[2026-05-30 23:31:19.947]      📍 当前状态: down_resting | 动作次数: 3
[2026-05-30 23:31:19.947]   📊 套利边缘: net=-0.4000 | 充足=True | edge=-0.4000 >= min=-0.5000; YES@0.510 cost=0.5100 + NO@0.400 cost=0.4000
[2026-05-30 23:31:19.947] 
[2026-05-30 23:31:19.947]   💤 等待 60s 后进行下次轮询...
[2026-05-30 23:32:19.955] 
[2026-05-30 23:32:19.962] ━━━━━━━━━━━━━━━━━━━━━━━━━━━━━━━━━━━━━━━━━━━━━━━━━━━━━━━━━━━━
[2026-05-30 23:32:19.963]   【 PreOpen 轮次 #7 】 2026-05-30 15:32:19 UTC
[2026-05-30 23:32:19.964]   🗑 Pre-GC removed: btc-updown-5m-1780155000 | reason=stale/untradeable
[2026-05-30 23:32:24.774] 
[2026-05-30 23:32:24.774]   🔍 【市场发现】共找到 5 个市场
[2026-05-30 23:32:24.775]      ├─ ❌ 过滤 [已开始] btc-updown-5m-1780154700 | 开始于 15:25:00 UTC | tts=-440s
[2026-05-30 23:32:24.775]      ├─ ❌ 过滤 [已开始] btc-updown-5m-1780155000 | 开始于 15:30:00 UTC | tts=-140s
[2026-05-30 23:32:24.775]      └─ ✅ 可交易 btc-updown-5m-1780155600 | 开始 15:40:00 UTC | 结束 15:45:00 UTC | tts=460s
[2026-05-30 23:32:24.775]      ├─ ❌ 过滤 [太远] btc-updown-5m-1780155900 | 开始于 15:45:00 UTC | tts=760s > 600s
[2026-05-30 23:32:24.775] 
[2026-05-30 23:32:24.775]   📊 【汇总】发现 5 个 | 可交易 0 个
[2026-05-30 23:32:24.776]      ├─ 已下单事件排除: 1
[2026-05-30 23:32:24.776]      └─ 时间窗口外: 3
[2026-05-30 23:32:24.776] 
[2026-05-30 23:32:24.776]   📅 【所有市场时间表】(当前: 15:32:19 UTC)
[2026-05-30 23:32:24.776]      🔴 已开始 15:25:00 - 15:30:00 UTC | btc-updown-5m-1780154700 | 开始已过 440s | 已结束
[2026-05-30 23:32:24.776]      🔴 已开始 15:30:00 - 15:35:00 UTC | btc-updown-5m-1780155000 | 开始已过 140s | 160s后结束
[2026-05-30 23:32:24.776]      ✅ 可交易 🧾已下单 15:35:00 - 15:40:00 UTC | btc-updown-5m-1780155300 | 开始160s后 | 460s后结束
[2026-05-30 23:32:24.776]      ✅ 可交易 15:40:00 - 15:45:00 UTC | btc-updown-5m-1780155600 | 开始460s后 | 760s后结束
[2026-05-30 23:32:24.776]      🔜 太远 15:45:00 - 15:50:00 UTC | btc-updown-5m-1780155900 | 开始760s后 | 1060s后结束
[2026-05-30 23:32:24.777]   📦 事件池: 2 个 | 本轮发现=0 | GC移除=0
[2026-05-30 23:32:24.777]   🎯 目标事件: btc-updown-5m-1780155300 | 状态=NO挂单中 | 距开始=160s | 距结束=460s
[2026-05-30 23:32:24.777]   ⏱  距离开始=160.0s | 状态=down_resting | 动作次数=3
[2026-05-30 23:32:24.777]   循环检查: ⏭️ 跳过 | 价格=- | 数量=- | 原因: action_count=3 >= max=3
[2026-05-30 23:32:24.777] 
[2026-05-30 23:32:24.777]   ✅ 【已下单】btc-updown-5m-1780155300
[2026-05-30 23:32:24.777]      📗 YES: 订单ID=DRY-0x32d628-YES | 成交价=$0.5100
[2026-05-30 23:32:24.777]      📙 NO: 订单ID=DRY-0x32d628-DOWN | 成交价=$N/A
[2026-05-30 23:32:24.777]      📍 当前状态: down_resting | 动作次数: 3
[2026-05-30 23:32:24.777]   📊 套利边缘: net=-0.4000 | 充足=True | edge=-0.4000 >= min=-0.5000; YES@0.510 cost=0.5100 + NO@0.400 cost=0.4000
[2026-05-30 23:32:56.976] 
[2026-05-30 23:32:56.977]   💤 等待 60s 后进行下次轮询...
[2026-05-30 23:33:56.980] 
[2026-05-30 23:33:56.981] ━━━━━━━━━━━━━━━━━━━━━━━━━━━━━━━━━━━━━━━━━━━━━━━━━━━━━━━━━━━━
[2026-05-30 23:33:56.982]   【 PreOpen 轮次 #8 】 2026-05-30 15:33:56 UTC
[2026-05-30 23:34:03.250] 
[2026-05-30 23:34:03.250]   🔍 【市场发现】共找到 4 个市场
[2026-05-30 23:34:03.250]      ├─ ❌ 过滤 [已开始] btc-updown-5m-1780155000 | 开始于 15:30:00 UTC | tts=-237s
[2026-05-30 23:34:03.250]      └─ ✅ 可交易 btc-updown-5m-1780155600 | 开始 15:40:00 UTC | 结束 15:45:00 UTC | tts=363s
[2026-05-30 23:34:03.251]      ├─ ❌ 过滤 [太远] btc-updown-5m-1780155900 | 开始于 15:45:00 UTC | tts=663s > 600s
[2026-05-30 23:34:03.251] 
[2026-05-30 23:34:03.251]   📊 【汇总】发现 4 个 | 可交易 0 个
[2026-05-30 23:34:03.251]      ├─ 已下单事件排除: 1
[2026-05-30 23:34:03.251]      └─ 时间窗口外: 2
[2026-05-30 23:34:03.251] 
[2026-05-30 23:34:03.251]   📅 【所有市场时间表】(当前: 15:33:56 UTC)
[2026-05-30 23:34:03.251]      🔴 已开始 15:30:00 - 15:35:00 UTC | btc-updown-5m-1780155000 | 开始已过 237s | 63s后结束
[2026-05-30 23:34:03.251]      ✅ 可交易 🧾已下单 15:35:00 - 15:40:00 UTC | btc-updown-5m-1780155300 | 开始63s后 | 363s后结束
[2026-05-30 23:34:03.251]      ✅ 可交易 15:40:00 - 15:45:00 UTC | btc-updown-5m-1780155600 | 开始363s后 | 663s后结束
[2026-05-30 23:34:03.251]      🔜 太远 15:45:00 - 15:50:00 UTC | btc-updown-5m-1780155900 | 开始663s后 | 963s后结束
[2026-05-30 23:34:03.251]   📦 事件池: 2 个 | 本轮发现=0 | GC移除=0
[2026-05-30 23:34:03.251]   🎯 目标事件: btc-updown-5m-1780155300 | 状态=NO挂单中 | 距开始=63s | 距结束=363s
[2026-05-30 23:34:03.252]   ⏱  距离开始=63.0s | 状态=down_resting | 动作次数=3
[2026-05-30 23:34:03.252]   循环检查: ⏭️ 跳过 | 价格=- | 数量=- | 原因: action_count=3 >= max=3
[2026-05-30 23:34:03.252] 
[2026-05-30 23:34:03.252]   ✅ 【已下单】btc-updown-5m-1780155300
[2026-05-30 23:34:03.252]      📗 YES: 订单ID=DRY-0x32d628-YES | 成交价=$0.5100
[2026-05-30 23:34:03.252]      📙 NO: 订单ID=DRY-0x32d628-DOWN | 成交价=$N/A
[2026-05-30 23:34:03.252]      📍 当前状态: down_resting | 动作次数: 3
[2026-05-30 23:34:03.252]   📊 套利边缘: net=-0.4000 | 充足=True | edge=-0.4000 >= min=-0.5000; YES@0.510 cost=0.5100 + NO@0.400 cost=0.4000
[2026-05-30 23:34:03.252] 
[2026-05-30 23:34:03.252]   💤 等待 60s 后进行下次轮询...
[2026-05-30 23:35:03.258] 
[2026-05-30 23:35:03.260] ━━━━━━━━━━━━━━━━━━━━━━━━━━━━━━━━━━━━━━━━━━━━━━━━━━━━━━━━━━━━
[2026-05-30 23:35:03.260]   【 PreOpen 轮次 #9 】 2026-05-30 15:35:03 UTC
[2026-05-30 23:35:09.200] 
[2026-05-30 23:35:09.200]   🔍 【市场发现】共找到 6 个市场
[2026-05-30 23:35:09.200]      ├─ ❌ 过滤 [已开始] btc-updown-5m-1780154700 | 开始于 15:25:00 UTC | tts=-603s
[2026-05-30 23:35:09.200]      ├─ ❌ 过滤 [已开始] btc-updown-5m-1780155000 | 开始于 15:30:00 UTC | tts=-303s
[2026-05-30 23:35:09.201]      └─ ✅ 可交易 btc-updown-5m-1780155600 | 开始 15:40:00 UTC | 结束 15:45:00 UTC | tts=297s
[2026-05-30 23:35:09.201]      └─ ✅ 可交易 btc-updown-5m-1780155900 | 开始 15:45:00 UTC | 结束 15:50:00 UTC | tts=597s
[2026-05-30 23:35:09.201]      ├─ ❌ 过滤 [太远] btc-updown-5m-1780156200 | 开始于 15:50:00 UTC | tts=897s > 600s
[2026-05-30 23:35:09.202] 
[2026-05-30 23:35:09.202]   📊 【汇总】发现 6 个 | 可交易 1 个
[2026-05-30 23:35:09.202]      ├─ 已下单事件排除: 1
[2026-05-30 23:35:09.202]      └─ 时间窗口外: 3
[2026-05-30 23:35:09.202] 
[2026-05-30 23:35:09.202]   📅 【所有市场时间表】(当前: 15:35:03 UTC)
[2026-05-30 23:35:09.202]      🔴 已开始 15:25:00 - 15:30:00 UTC | btc-updown-5m-1780154700 | 开始已过 603s | 已结束
[2026-05-30 23:35:09.202]      🔴 已开始 15:30:00 - 15:35:00 UTC | btc-updown-5m-1780155000 | 开始已过 303s | 已结束
[2026-05-30 23:35:09.202]      🔴 已开始 🧾已下单 15:35:00 - 15:40:00 UTC | btc-updown-5m-1780155300 | 开始已过 3s | 297s后结束
[2026-05-30 23:35:09.202]      ✅ 可交易 15:40:00 - 15:45:00 UTC | btc-updown-5m-1780155600 | 开始297s后 | 597s后结束
[2026-05-30 23:35:09.202]      ✅ 可交易 15:45:00 - 15:50:00 UTC | btc-updown-5m-1780155900 | 开始597s后 | 897s后结束
[2026-05-30 23:35:09.202]      🔜 太远 15:50:00 - 15:55:00 UTC | btc-updown-5m-1780156200 | 开始897s后 | 1197s后结束
[2026-05-30 23:35:09.203]   ✨ 新发现事件: btc-updown-5m-1780155900 | 状态=已发现 | 距开始=597s | 距结束=897s
[2026-05-30 23:35:09.203]   📦 事件池: 3 个 | 本轮发现=1 | GC移除=0
[2026-05-30 23:35:09.203]   🎯 目标事件: btc-updown-5m-1780155600 | 状态=已发现 | 距开始=297s | 距结束=597s
[2026-05-30 23:35:09.203]   ⏱  距离开始=296.7s | 状态=discovered | 动作次数=0
[2026-05-30 23:35:09.203]   🔄 事件状态: DISCOVERED → READY | btc-updown-5m-1780155600
[2026-05-30 23:35:09.967]   📗 YES下单: ✅ 已下单 | 价格=$0.5100 | 数量=10.0份 | 订单ID=DRY-0xd3be4c-YES
[2026-05-30 23:35:09.967]   ✅ [PAPER] Bought 10.0 YES shares @ $0.510
[2026-05-30 23:35:18.584]   📙 NO挂单: ✅ 已下单 | 价格=$0.4000 | 数量=10.0份 | 订单ID=DRY-0xd3be4c-DOWN
[2026-05-30 23:35:18.584]   ✅ [PAPER] Bought 10.0 NO shares @ $0.400
[2026-05-30 23:35:28.333] 
[2026-05-30 23:35:28.333]   ✅ 【已下单】btc-updown-5m-1780155600
[2026-05-30 23:35:28.333]      📗 YES: 订单ID=DRY-0xd3be4c-YES | 成交价=$0.5100
[2026-05-30 23:35:28.333]      📙 NO: 订单ID=DRY-0xd3be4c-DOWN | 成交价=$N/A
[2026-05-30 23:35:28.333]      📍 当前状态: down_resting | 动作次数: 3
[2026-05-30 23:35:28.333]   📊 套利边缘: net=-0.4000 | 充足=True | edge=-0.4000 >= min=-0.5000; YES@0.510 cost=0.5100 + NO@0.400 cost=0.4000
[2026-05-30 23:35:30.595] 
[2026-05-30 23:35:30.595]   💤 等待 60s 后进行下次轮询...
[2026-05-30 23:36:30.598] 
[2026-05-30 23:36:30.601] ━━━━━━━━━━━━━━━━━━━━━━━━━━━━━━━━━━━━━━━━━━━━━━━━━━━━━━━━━━━━
[2026-05-30 23:36:30.601]   【 PreOpen 轮次 #10 】 2026-05-30 15:36:30 UTC
[2026-05-30 23:36:30.602]   🗑 Pre-GC removed: btc-updown-5m-1780155300 | reason=stale/untradeable
[2026-05-30 23:36:36.051] 
[2026-05-30 23:36:36.052]   🔍 【市场发现】共找到 5 个市场
[2026-05-30 23:36:36.052]      ├─ ❌ 过滤 [已开始] btc-updown-5m-1780155000 | 开始于 15:30:00 UTC | tts=-391s
[2026-05-30 23:36:36.052]      ├─ ❌ 过滤 [已开始] btc-updown-5m-1780155300 | 开始于 15:35:00 UTC | tts=-91s
[2026-05-30 23:36:36.052]      └─ ✅ 可交易 btc-updown-5m-1780155900 | 开始 15:45:00 UTC | 结束 15:50:00 UTC | tts=509s
[2026-05-30 23:36:36.053]      ├─ ❌ 过滤 [太远] btc-updown-5m-1780156200 | 开始于 15:50:00 UTC | tts=809s > 600s
[2026-05-30 23:36:36.053] 
[2026-05-30 23:36:36.053]   📊 【汇总】发现 5 个 | 可交易 0 个
[2026-05-30 23:36:36.053]      ├─ 已下单事件排除: 1
[2026-05-30 23:36:36.053]      └─ 时间窗口外: 3
[2026-05-30 23:36:36.053] 
[2026-05-30 23:36:36.053]   📅 【所有市场时间表】(当前: 15:36:30 UTC)
[2026-05-30 23:36:36.054]      🔴 已开始 15:30:00 - 15:35:00 UTC | btc-updown-5m-1780155000 | 开始已过 391s | 已结束
[2026-05-30 23:36:36.054]      🔴 已开始 15:35:00 - 15:40:00 UTC | btc-updown-5m-1780155300 | 开始已过 91s | 209s后结束
[2026-05-30 23:36:36.054]      ✅ 可交易 🧾已下单 15:40:00 - 15:45:00 UTC | btc-updown-5m-1780155600 | 开始209s后 | 509s后结束
[2026-05-30 23:36:36.054]      ✅ 可交易 15:45:00 - 15:50:00 UTC | btc-updown-5m-1780155900 | 开始509s后 | 809s后结束
[2026-05-30 23:36:36.054]      🔜 太远 15:50:00 - 15:55:00 UTC | btc-updown-5m-1780156200 | 开始809s后 | 1109s后结束
[2026-05-30 23:36:36.054]   📦 事件池: 2 个 | 本轮发现=0 | GC移除=0
[2026-05-30 23:36:36.054]   🎯 目标事件: btc-updown-5m-1780155600 | 状态=NO挂单中 | 距开始=209s | 距结束=509s
[2026-05-30 23:36:36.054]   ⏱  距离开始=209.4s | 状态=down_resting | 动作次数=3
[2026-05-30 23:36:36.055]   循环检查: ⏭️ 跳过 | 价格=- | 数量=- | 原因: action_count=3 >= max=3
[2026-05-30 23:36:36.055] 
[2026-05-30 23:36:36.055]   ✅ 【已下单】btc-updown-5m-1780155600
[2026-05-30 23:36:36.055]      📗 YES: 订单ID=DRY-0xd3be4c-YES | 成交价=$0.5100
[2026-05-30 23:36:36.055]      📙 NO: 订单ID=DRY-0xd3be4c-DOWN | 成交价=$N/A
[2026-05-30 23:36:36.055]      📍 当前状态: down_resting | 动作次数: 3
[2026-05-30 23:36:36.055]   📊 套利边缘: net=-0.4000 | 充足=True | edge=-0.4000 >= min=-0.5000; YES@0.510 cost=0.5100 + NO@0.400 cost=0.4000
[2026-05-30 23:36:36.055] 
[2026-05-30 23:36:36.055]   💤 等待 60s 后进行下次轮询...
[2026-05-30 23:37:36.058] 
[2026-05-30 23:37:36.059] ━━━━━━━━━━━━━━━━━━━━━━━━━━━━━━━━━━━━━━━━━━━━━━━━━━━━━━━━━━━━
[2026-05-30 23:37:36.059]   【 PreOpen 轮次 #11 】 2026-05-30 15:37:36 UTC
[2026-05-30 23:37:41.020] 
[2026-05-30 23:37:41.020]   🔍 【市场发现】共找到 5 个市场
[2026-05-30 23:37:41.020]      ├─ ❌ 过滤 [已开始] btc-updown-5m-1780155000 | 开始于 15:30:00 UTC | tts=-456s
[2026-05-30 23:37:41.020]      ├─ ❌ 过滤 [已开始] btc-updown-5m-1780155300 | 开始于 15:35:00 UTC | tts=-156s
[2026-05-30 23:37:41.020]      └─ ✅ 可交易 btc-updown-5m-1780155900 | 开始 15:45:00 UTC | 结束 15:50:00 UTC | tts=444s
[2026-05-30 23:37:41.020]      ├─ ❌ 过滤 [太远] btc-updown-5m-1780156200 | 开始于 15:50:00 UTC | tts=744s > 600s
[2026-05-30 23:37:41.020] 
[2026-05-30 23:37:41.021]   📊 【汇总】发现 5 个 | 可交易 0 个
[2026-05-30 23:37:41.021]      ├─ 已下单事件排除: 1
[2026-05-30 23:37:41.021]      └─ 时间窗口外: 3
[2026-05-30 23:37:41.021] 
[2026-05-30 23:37:41.021]   📅 【所有市场时间表】(当前: 15:37:36 UTC)
[2026-05-30 23:37:41.021]      🔴 已开始 15:30:00 - 15:35:00 UTC | btc-updown-5m-1780155000 | 开始已过 456s | 已结束
[2026-05-30 23:37:41.021]      🔴 已开始 15:35:00 - 15:40:00 UTC | btc-updown-5m-1780155300 | 开始已过 156s | 144s后结束
[2026-05-30 23:37:41.021]      ✅ 可交易 🧾已下单 15:40:00 - 15:45:00 UTC | btc-updown-5m-1780155600 | 开始144s后 | 444s后结束
[2026-05-30 23:37:41.021]      ✅ 可交易 15:45:00 - 15:50:00 UTC | btc-updown-5m-1780155900 | 开始444s后 | 744s后结束
[2026-05-30 23:37:41.021]      🔜 太远 15:50:00 - 15:55:00 UTC | btc-updown-5m-1780156200 | 开始744s后 | 1044s后结束
[2026-05-30 23:37:41.021]   📦 事件池: 2 个 | 本轮发现=0 | GC移除=0
[2026-05-30 23:37:41.022]   🎯 目标事件: btc-updown-5m-1780155600 | 状态=NO挂单中 | 距开始=144s | 距结束=444s
[2026-05-30 23:37:41.022]   ⏱  距离开始=143.9s | 状态=down_resting | 动作次数=3
[2026-05-30 23:37:41.022]   循环检查: ⏭️ 跳过 | 价格=- | 数量=- | 原因: action_count=3 >= max=3
[2026-05-30 23:37:41.022] 
[2026-05-30 23:37:41.022]   ✅ 【已下单】btc-updown-5m-1780155600
[2026-05-30 23:37:41.022]      📗 YES: 订单ID=DRY-0xd3be4c-YES | 成交价=$0.5100
[2026-05-30 23:37:41.022]      📙 NO: 订单ID=DRY-0xd3be4c-DOWN | 成交价=$N/A
[2026-05-30 23:37:41.022]      📍 当前状态: down_resting | 动作次数: 3
[2026-05-30 23:37:41.022]   📊 套利边缘: net=-0.4000 | 充足=True | edge=-0.4000 >= min=-0.5000; YES@0.510 cost=0.5100 + NO@0.400 cost=0.4000
[2026-05-30 23:37:42.120] 
[2026-05-30 23:37:42.120]   💤 等待 60s 后进行下次轮询...
[2026-05-30 23:38:42.127] 
[2026-05-30 23:38:42.130] ━━━━━━━━━━━━━━━━━━━━━━━━━━━━━━━━━━━━━━━━━━━━━━━━━━━━━━━━━━━━
[2026-05-30 23:38:42.130]   【 PreOpen 轮次 #12 】 2026-05-30 15:38:42 UTC
[2026-05-30 23:38:48.104] 
[2026-05-30 23:38:48.105]   🔍 【市场发现】共找到 5 个市场
[2026-05-30 23:38:48.105]      ├─ ❌ 过滤 [已开始] btc-updown-5m-1780155000 | 开始于 15:30:00 UTC | tts=-522s
[2026-05-30 23:38:48.105]      ├─ ❌ 过滤 [已开始] btc-updown-5m-1780155300 | 开始于 15:35:00 UTC | tts=-222s
[2026-05-30 23:38:48.105]      └─ ✅ 可交易 btc-updown-5m-1780155900 | 开始 15:45:00 UTC | 结束 15:50:00 UTC | tts=378s
[2026-05-30 23:38:48.105]      ├─ ❌ 过滤 [太远] btc-updown-5m-1780156200 | 开始于 15:50:00 UTC | tts=678s > 600s
[2026-05-30 23:38:48.105] 
[2026-05-30 23:38:48.105]   📊 【汇总】发现 5 个 | 可交易 0 个
[2026-05-30 23:38:48.105]      ├─ 已下单事件排除: 1
[2026-05-30 23:38:48.105]      └─ 时间窗口外: 3
[2026-05-30 23:38:48.106] 
[2026-05-30 23:38:48.106]   📅 【所有市场时间表】(当前: 15:38:42 UTC)
[2026-05-30 23:38:48.106]      🔴 已开始 15:30:00 - 15:35:00 UTC | btc-updown-5m-1780155000 | 开始已过 522s | 已结束
[2026-05-30 23:38:48.106]      🔴 已开始 15:35:00 - 15:40:00 UTC | btc-updown-5m-1780155300 | 开始已过 222s | 78s后结束
[2026-05-30 23:38:48.106]      ✅ 可交易 🧾已下单 15:40:00 - 15:45:00 UTC | btc-updown-5m-1780155600 | 开始78s后 | 378s后结束
[2026-05-30 23:38:48.106]      ✅ 可交易 15:45:00 - 15:50:00 UTC | btc-updown-5m-1780155900 | 开始378s后 | 678s后结束
[2026-05-30 23:38:48.106]      🔜 太远 15:50:00 - 15:55:00 UTC | btc-updown-5m-1780156200 | 开始678s后 | 978s后结束
[2026-05-30 23:38:48.106]   📦 事件池: 2 个 | 本轮发现=0 | GC移除=0
[2026-05-30 23:38:48.106]   🎯 目标事件: btc-updown-5m-1780155600 | 状态=NO挂单中 | 距开始=78s | 距结束=378s
[2026-05-30 23:38:48.106]   ⏱  距离开始=77.9s | 状态=down_resting | 动作次数=3
[2026-05-30 23:38:48.106]   循环检查: ⏭️ 跳过 | 价格=- | 数量=- | 原因: action_count=3 >= max=3
[2026-05-30 23:38:48.106] 
[2026-05-30 23:38:48.106]   ✅ 【已下单】btc-updown-5m-1780155600
[2026-05-30 23:38:48.107]      📗 YES: 订单ID=DRY-0xd3be4c-YES | 成交价=$0.5100
[2026-05-30 23:38:48.107]      📙 NO: 订单ID=DRY-0xd3be4c-DOWN | 成交价=$N/A
[2026-05-30 23:38:48.107]      📍 当前状态: down_resting | 动作次数: 3
[2026-05-30 23:38:48.107]   📊 套利边缘: net=-0.4000 | 充足=True | edge=-0.4000 >= min=-0.5000; YES@0.510 cost=0.5100 + NO@0.400 cost=0.4000
[2026-05-30 23:38:48.107] 
[2026-05-30 23:38:48.107]   💤 等待 60s 后进行下次轮询...
[2026-05-30 23:39:48.114] 
[2026-05-30 23:39:48.117] ━━━━━━━━━━━━━━━━━━━━━━━━━━━━━━━━━━━━━━━━━━━━━━━━━━━━━━━━━━━━
[2026-05-30 23:39:48.117]   【 PreOpen 轮次 #13 】 2026-05-30 15:39:48 UTC
[2026-05-30 23:39:54.046] 
[2026-05-30 23:39:54.047]   🔍 【市场发现】共找到 3 个市场
[2026-05-30 23:39:54.047]      ├─ ❌ 过滤 [已开始] btc-updown-5m-1780155000 | 开始于 15:30:00 UTC | tts=-588s
[2026-05-30 23:39:54.048]      ├─ ❌ 过滤 [已开始] btc-updown-5m-1780155300 | 开始于 15:35:00 UTC | tts=-288s
[2026-05-30 23:39:54.048]      ├─ ❌ 过滤 [太远] btc-updown-5m-1780156200 | 开始于 15:50:00 UTC | tts=612s > 600s
[2026-05-30 23:39:54.048] 
[2026-05-30 23:39:54.048]   📊 【汇总】发现 3 个 | 可交易 0 个
[2026-05-30 23:39:54.048]      └─ 时间窗口外: 3
[2026-05-30 23:39:54.048] 
[2026-05-30 23:39:54.048]   📅 【所有市场时间表】(当前: 15:39:48 UTC)
[2026-05-30 23:39:54.048]      🔴 已开始 15:30:00 - 15:35:00 UTC | btc-updown-5m-1780155000 | 开始已过 588s | 已结束
[2026-05-30 23:39:54.048]      🔴 已开始 15:35:00 - 15:40:00 UTC | btc-updown-5m-1780155300 | 开始已过 288s | 12s后结束
[2026-05-30 23:39:54.048]      🔜 太远 15:50:00 - 15:55:00 UTC | btc-updown-5m-1780156200 | 开始612s后 | 912s后结束
[2026-05-30 23:39:54.049]   📦 事件池: 2 个 | 本轮发现=0 | GC移除=0
[2026-05-30 23:39:54.049]   🎯 目标事件: btc-updown-5m-1780155600 | 状态=NO挂单中 | 距开始=12s | 距结束=312s
[2026-05-30 23:39:54.049]   ⏱  距离开始=11.9s | 状态=down_resting | 动作次数=3
[2026-05-30 23:39:54.049]   循环检查: ⏭️ 跳过 | 价格=- | 数量=- | 原因: action_count=3 >= max=3
[2026-05-30 23:39:54.049] 
[2026-05-30 23:39:54.049]   ✅ 【已下单】btc-updown-5m-1780155600
[2026-05-30 23:39:54.049]      📗 YES: 订单ID=DRY-0xd3be4c-YES | 成交价=$0.5100
[2026-05-30 23:39:54.049]      📙 NO: 订单ID=DRY-0xd3be4c-DOWN | 成交价=$N/A
[2026-05-30 23:39:54.049]      📍 当前状态: down_resting | 动作次数: 3
[2026-05-30 23:39:54.049]   📊 套利边缘: net=-0.4000 | 充足=True | edge=-0.4000 >= min=-0.5000; YES@0.510 cost=0.5100 + NO@0.400 cost=0.4000
[2026-05-30 23:39:55.424] 
[2026-05-30 23:39:55.424]   💤 等待 60s 后进行下次轮询...
[2026-05-30 23:40:55.432] 
[2026-05-30 23:40:55.435] ━━━━━━━━━━━━━━━━━━━━━━━━━━━━━━━━━━━━━━━━━━━━━━━━━━━━━━━━━━━━
[2026-05-30 23:40:55.436]   【 PreOpen 轮次 #14 】 2026-05-30 15:40:55 UTC
[2026-05-30 23:41:01.658] 
[2026-05-30 23:41:01.660]   🔍 【市场发现】共找到 6 个市场
[2026-05-30 23:41:01.660]      ├─ ❌ 过滤 [已开始] btc-updown-5m-1780155000 | 开始于 15:30:00 UTC | tts=-655s
[2026-05-30 23:41:01.660]      ├─ ❌ 过滤 [已开始] btc-updown-5m-1780155300 | 开始于 15:35:00 UTC | tts=-355s
[2026-05-30 23:41:01.660]      └─ ✅ 可交易 btc-updown-5m-1780155900 | 开始 15:45:00 UTC | 结束 15:50:00 UTC | tts=245s
[2026-05-30 23:41:01.661]      └─ ✅ 可交易 btc-updown-5m-1780156200 | 开始 15:50:00 UTC | 结束 15:55:00 UTC | tts=545s
[2026-05-30 23:41:01.661]      ├─ ❌ 过滤 [太远] btc-updown-5m-1780156500 | 开始于 15:55:00 UTC | tts=845s > 600s
[2026-05-30 23:41:01.661] 
[2026-05-30 23:41:01.661]   📊 【汇总】发现 6 个 | 可交易 1 个
[2026-05-30 23:41:01.661]      ├─ 已下单事件排除: 1
[2026-05-30 23:41:01.661]      └─ 时间窗口外: 3
[2026-05-30 23:41:01.661] 
[2026-05-30 23:41:01.661]   📅 【所有市场时间表】(当前: 15:40:55 UTC)
[2026-05-30 23:41:01.661]      🔴 已开始 15:30:00 - 15:35:00 UTC | btc-updown-5m-1780155000 | 开始已过 655s | 已结束
[2026-05-30 23:41:01.661]      🔴 已开始 15:35:00 - 15:40:00 UTC | btc-updown-5m-1780155300 | 开始已过 355s | 已结束
[2026-05-30 23:41:01.661]      🔴 已开始 🧾已下单 15:40:00 - 15:45:00 UTC | btc-updown-5m-1780155600 | 开始已过 55s | 245s后结束
[2026-05-30 23:41:01.661]      ✅ 可交易 15:45:00 - 15:50:00 UTC | btc-updown-5m-1780155900 | 开始245s后 | 545s后结束
[2026-05-30 23:41:01.662]      ✅ 可交易 15:50:00 - 15:55:00 UTC | btc-updown-5m-1780156200 | 开始545s后 | 845s后结束
[2026-05-30 23:41:01.662]      🔜 太远 15:55:00 - 16:00:00 UTC | btc-updown-5m-1780156500 | 开始845s后 | 1145s后结束
[2026-05-30 23:41:01.662]   ✨ 新发现事件: btc-updown-5m-1780156200 | 状态=已发现 | 距开始=545s | 距结束=845s
[2026-05-30 23:41:01.662]   📦 事件池: 3 个 | 本轮发现=1 | GC移除=0
[2026-05-30 23:41:01.662]   🎯 目标事件: btc-updown-5m-1780155900 | 状态=已发现 | 距开始=245s | 距结束=545s
[2026-05-30 23:41:01.662]   ⏱  距离开始=244.6s | 状态=discovered | 动作次数=0
[2026-05-30 23:41:01.662]   🔄 事件状态: DISCOVERED → READY | btc-updown-5m-1780155900
[2026-05-30 23:41:02.376]   📗 YES下单: ✅ 已下单 | 价格=$0.5100 | 数量=10.0份 | 订单ID=DRY-0x48066c-YES
[2026-05-30 23:41:02.377]   ✅ [PAPER] Bought 10.0 YES shares @ $0.510
[2026-05-30 23:41:11.838]   📙 NO挂单: ✅ 已下单 | 价格=$0.4000 | 数量=10.0份 | 订单ID=DRY-0x48066c-DOWN
[2026-05-30 23:41:11.839]   ✅ [PAPER] Bought 10.0 NO shares @ $0.400
[2026-05-30 23:41:22.934] 
[2026-05-30 23:41:22.934]   ✅ 【已下单】btc-updown-5m-1780155900
[2026-05-30 23:41:22.935]      📗 YES: 订单ID=DRY-0x48066c-YES | 成交价=$0.5100
[2026-05-30 23:41:22.935]      📙 NO: 订单ID=DRY-0x48066c-DOWN | 成交价=$N/A
[2026-05-30 23:41:22.935]      📍 当前状态: down_resting | 动作次数: 3
[2026-05-30 23:41:22.935]   📊 套利边缘: net=-0.4000 | 充足=True | edge=-0.4000 >= min=-0.5000; YES@0.510 cost=0.5100 + NO@0.400 cost=0.4000
[2026-05-30 23:41:22.935] 
[2026-05-30 23:41:22.935]   💤 等待 60s 后进行下次轮询...
[2026-05-30 23:42:22.938] 
[2026-05-30 23:42:22.941] ━━━━━━━━━━━━━━━━━━━━━━━━━━━━━━━━━━━━━━━━━━━━━━━━━━━━━━━━━━━━
[2026-05-30 23:42:22.941]   【 PreOpen 轮次 #15 】 2026-05-30 15:42:22 UTC
[2026-05-30 23:42:22.942]   🗑 Pre-GC removed: btc-updown-5m-1780155600 | reason=stale/untradeable
[2026-05-30 23:42:31.871] 
[2026-05-30 23:42:31.872]   🔍 【市场发现】共找到 5 个市场
[2026-05-30 23:42:31.872]      ├─ ❌ 过滤 [已开始] btc-updown-5m-1780155000 | 开始于 15:30:00 UTC | tts=-743s
[2026-05-30 23:42:31.872]      ├─ ❌ 过滤 [已开始] btc-updown-5m-1780155300 | 开始于 15:35:00 UTC | tts=-443s
[2026-05-30 23:42:31.873]      ├─ ❌ 过滤 [已开始] btc-updown-5m-1780155600 | 开始于 15:40:00 UTC | tts=-143s
[2026-05-30 23:42:31.873]      └─ ✅ 可交易 btc-updown-5m-1780156200 | 开始 15:50:00 UTC | 结束 15:55:00 UTC | tts=457s
[2026-05-30 23:42:31.873]      ├─ ❌ 过滤 [太远] btc-updown-5m-1780156500 | 开始于 15:55:00 UTC | tts=757s > 600s
[2026-05-30 23:42:31.873] 
[2026-05-30 23:42:31.873]   📊 【汇总】发现 5 个 | 可交易 0 个
[2026-05-30 23:42:31.873]      └─ 时间窗口外: 4
[2026-05-30 23:42:31.873] 
[2026-05-30 23:42:31.874]   📅 【所有市场时间表】(当前: 15:42:22 UTC)
[2026-05-30 23:42:31.874]      🔴 已开始 15:30:00 - 15:35:00 UTC | btc-updown-5m-1780155000 | 开始已过 743s | 已结束
[2026-05-30 23:42:31.874]      🔴 已开始 15:35:00 - 15:40:00 UTC | btc-updown-5m-1780155300 | 开始已过 443s | 已结束
[2026-05-30 23:42:31.874]      🔴 已开始 15:40:00 - 15:45:00 UTC | btc-updown-5m-1780155600 | 开始已过 143s | 157s后结束
[2026-05-30 23:42:31.874]      ✅ 可交易 15:50:00 - 15:55:00 UTC | btc-updown-5m-1780156200 | 开始457s后 | 757s后结束
[2026-05-30 23:42:31.874]      🔜 太远 15:55:00 - 16:00:00 UTC | btc-updown-5m-1780156500 | 开始757s后 | 1057s后结束
[2026-05-30 23:42:31.874]   📦 事件池: 2 个 | 本轮发现=0 | GC移除=0
[2026-05-30 23:42:31.874]   🎯 目标事件: btc-updown-5m-1780155900 | 状态=NO挂单中 | 距开始=157s | 距结束=457s
[2026-05-30 23:42:31.875]   ⏱  距离开始=157.1s | 状态=down_resting | 动作次数=3
[2026-05-30 23:42:31.875]   循环检查: ⏭️ 跳过 | 价格=- | 数量=- | 原因: action_count=3 >= max=3
[2026-05-30 23:42:31.875] 
[2026-05-30 23:42:31.875]   ✅ 【已下单】btc-updown-5m-1780155900
[2026-05-30 23:42:31.875]      📗 YES: 订单ID=DRY-0x48066c-YES | 成交价=$0.5100
[2026-05-30 23:42:31.875]      📙 NO: 订单ID=DRY-0x48066c-DOWN | 成交价=$N/A
[2026-05-30 23:42:31.875]      📍 当前状态: down_resting | 动作次数: 3
[2026-05-30 23:42:31.875]   📊 套利边缘: net=-0.4000 | 充足=True | edge=-0.4000 >= min=-0.5000; YES@0.510 cost=0.5100 + NO@0.400 cost=0.4000
[2026-05-30 23:42:33.675] 
[2026-05-30 23:42:33.675]   💤 等待 60s 后进行下次轮询...
[2026-05-30 23:43:33.680] 
[2026-05-30 23:43:33.683] ━━━━━━━━━━━━━━━━━━━━━━━━━━━━━━━━━━━━━━━━━━━━━━━━━━━━━━━━━━━━
[2026-05-30 23:43:33.683]   【 PreOpen 轮次 #16 】 2026-05-30 15:43:33 UTC
[2026-05-30 23:43:41.228] 
[2026-05-30 23:43:41.231]   🔍 【市场发现】共找到 5 个市场
[2026-05-30 23:43:41.231]      ├─ ❌ 过滤 [已开始] btc-updown-5m-1780155300 | 开始于 15:35:00 UTC | tts=-514s
[2026-05-30 23:43:41.231]      ├─ ❌ 过滤 [已开始] btc-updown-5m-1780155600 | 开始于 15:40:00 UTC | tts=-214s
[2026-05-30 23:43:41.231]      └─ ✅ 可交易 btc-updown-5m-1780156200 | 开始 15:50:00 UTC | 结束 15:55:00 UTC | tts=386s
[2026-05-30 23:43:41.231]      ├─ ❌ 过滤 [太远] btc-updown-5m-1780156500 | 开始于 15:55:00 UTC | tts=686s > 600s
[2026-05-30 23:43:41.231] 
[2026-05-30 23:43:41.231]   📊 【汇总】发现 5 个 | 可交易 0 个
[2026-05-30 23:43:41.232]      ├─ 已下单事件排除: 1
[2026-05-30 23:43:41.232]      └─ 时间窗口外: 3
[2026-05-30 23:43:41.232] 
[2026-05-30 23:43:41.232]   📅 【所有市场时间表】(当前: 15:43:33 UTC)
[2026-05-30 23:43:41.232]      🔴 已开始 15:35:00 - 15:40:00 UTC | btc-updown-5m-1780155300 | 开始已过 514s | 已结束
[2026-05-30 23:43:41.232]      🔴 已开始 15:40:00 - 15:45:00 UTC | btc-updown-5m-1780155600 | 开始已过 214s | 86s后结束
[2026-05-30 23:43:41.232]      ✅ 可交易 🧾已下单 15:45:00 - 15:50:00 UTC | btc-updown-5m-1780155900 | 开始86s后 | 386s后结束
[2026-05-30 23:43:41.232]      ✅ 可交易 15:50:00 - 15:55:00 UTC | btc-updown-5m-1780156200 | 开始386s后 | 686s后结束
[2026-05-30 23:43:41.232]      🔜 太远 15:55:00 - 16:00:00 UTC | btc-updown-5m-1780156500 | 开始686s后 | 986s后结束
[2026-05-30 23:43:41.232]   📦 事件池: 2 个 | 本轮发现=0 | GC移除=0
[2026-05-30 23:43:41.232]   🎯 目标事件: btc-updown-5m-1780155900 | 状态=NO挂单中 | 距开始=86s | 距结束=386s
[2026-05-30 23:43:41.232]   ⏱  距离开始=86.3s | 状态=down_resting | 动作次数=3
[2026-05-30 23:43:41.232]   循环检查: ⏭️ 跳过 | 价格=- | 数量=- | 原因: action_count=3 >= max=3
[2026-05-30 23:43:41.232] 
[2026-05-30 23:43:41.232]   ✅ 【已下单】btc-updown-5m-1780155900
[2026-05-30 23:43:41.233]      📗 YES: 订单ID=DRY-0x48066c-YES | 成交价=$0.5100
[2026-05-30 23:43:41.233]      📙 NO: 订单ID=DRY-0x48066c-DOWN | 成交价=$N/A
[2026-05-30 23:43:41.233]      📍 当前状态: down_resting | 动作次数: 3
[2026-05-30 23:43:41.233]   📊 套利边缘: net=-0.4000 | 充足=True | edge=-0.4000 >= min=-0.5000; YES@0.510 cost=0.5100 + NO@0.400 cost=0.4000
[2026-05-30 23:43:41.233] 
[2026-05-30 23:43:41.233]   💤 等待 60s 后进行下次轮询...
[2026-05-30 23:44:41.240] 
[2026-05-30 23:44:41.242] ━━━━━━━━━━━━━━━━━━━━━━━━━━━━━━━━━━━━━━━━━━━━━━━━━━━━━━━━━━━━
[2026-05-30 23:44:41.242]   【 PreOpen 轮次 #17 】 2026-05-30 15:44:41 UTC
[2026-05-30 23:44:47.782] 
[2026-05-30 23:44:47.783]   🔍 【市场发现】共找到 5 个市场
[2026-05-30 23:44:47.783]      ├─ ❌ 过滤 [已开始] btc-updown-5m-1780155300 | 开始于 15:35:00 UTC | tts=-581s
[2026-05-30 23:44:47.783]      ├─ ❌ 过滤 [已开始] btc-updown-5m-1780155600 | 开始于 15:40:00 UTC | tts=-281s
[2026-05-30 23:44:47.783]      └─ ✅ 可交易 btc-updown-5m-1780156200 | 开始 15:50:00 UTC | 结束 15:55:00 UTC | tts=319s
[2026-05-30 23:44:47.783]      ├─ ❌ 过滤 [太远] btc-updown-5m-1780156500 | 开始于 15:55:00 UTC | tts=619s > 600s
[2026-05-30 23:44:47.783] 
[2026-05-30 23:44:47.783]   📊 【汇总】发现 5 个 | 可交易 0 个
[2026-05-30 23:44:47.783]      ├─ 已下单事件排除: 1
[2026-05-30 23:44:47.783]      └─ 时间窗口外: 3
[2026-05-30 23:44:47.783] 
[2026-05-30 23:44:47.783]   📅 【所有市场时间表】(当前: 15:44:41 UTC)
[2026-05-30 23:44:47.783]      🔴 已开始 15:35:00 - 15:40:00 UTC | btc-updown-5m-1780155300 | 开始已过 581s | 已结束
[2026-05-30 23:44:47.784]      🔴 已开始 15:40:00 - 15:45:00 UTC | btc-updown-5m-1780155600 | 开始已过 281s | 19s后结束
[2026-05-30 23:44:47.784]      ✅ 可交易 🧾已下单 15:45:00 - 15:50:00 UTC | btc-updown-5m-1780155900 | 开始19s后 | 319s后结束
[2026-05-30 23:44:47.784]      ✅ 可交易 15:50:00 - 15:55:00 UTC | btc-updown-5m-1780156200 | 开始319s后 | 619s后结束
[2026-05-30 23:44:47.784]      🔜 太远 15:55:00 - 16:00:00 UTC | btc-updown-5m-1780156500 | 开始619s后 | 919s后结束
[2026-05-30 23:44:47.784]   📦 事件池: 2 个 | 本轮发现=0 | GC移除=0
[2026-05-30 23:44:47.784]   🎯 目标事件: btc-updown-5m-1780155900 | 状态=NO挂单中 | 距开始=19s | 距结束=319s
[2026-05-30 23:44:47.784]   ⏱  距离开始=18.8s | 状态=down_resting | 动作次数=3
[2026-05-30 23:44:47.784]   循环检查: ⏭️ 跳过 | 价格=- | 数量=- | 原因: action_count=3 >= max=3
[2026-05-30 23:44:47.784] 
[2026-05-30 23:44:47.784]   ✅ 【已下单】btc-updown-5m-1780155900
[2026-05-30 23:44:47.785]      📗 YES: 订单ID=DRY-0x48066c-YES | 成交价=$0.5100
[2026-05-30 23:44:47.785]      📙 NO: 订单ID=DRY-0x48066c-DOWN | 成交价=$N/A
[2026-05-30 23:44:47.785]      📍 当前状态: down_resting | 动作次数: 3
[2026-05-30 23:44:47.785]   📊 套利边缘: net=-0.4000 | 充足=True | edge=-0.4000 >= min=-0.5000; YES@0.510 cost=0.5100 + NO@0.400 cost=0.4000
[2026-05-30 23:44:48.825] 
[2026-05-30 23:44:48.825]   💤 等待 60s 后进行下次轮询...
[2026-05-30 23:45:48.828] 
[2026-05-30 23:45:48.830] ━━━━━━━━━━━━━━━━━━━━━━━━━━━━━━━━━━━━━━━━━━━━━━━━━━━━━━━━━━━━
[2026-05-30 23:45:48.831]   【 PreOpen 轮次 #18 】 2026-05-30 15:45:48 UTC
[2026-05-30 23:45:55.374] 
[2026-05-30 23:45:55.374]   🔍 【市场发现】共找到 5 个市场
[2026-05-30 23:45:55.375]      ├─ ❌ 过滤 [已开始] btc-updown-5m-1780155600 | 开始于 15:40:00 UTC | tts=-349s
[2026-05-30 23:45:55.375]      └─ ✅ 可交易 btc-updown-5m-1780156200 | 开始 15:50:00 UTC | 结束 15:55:00 UTC | tts=251s
[2026-05-30 23:45:55.375]      └─ ✅ 可交易 btc-updown-5m-1780156500 | 开始 15:55:00 UTC | 结束 16:00:00 UTC | tts=551s
[2026-05-30 23:45:55.375]      ├─ ❌ 过滤 [太远] btc-updown-5m-1780156800 | 开始于 16:00:00 UTC | tts=851s > 600s
[2026-05-30 23:45:55.375] 
[2026-05-30 23:45:55.375]   📊 【汇总】发现 5 个 | 可交易 1 个
[2026-05-30 23:45:55.375]      ├─ 已下单事件排除: 1
[2026-05-30 23:45:55.375]      └─ 时间窗口外: 2
[2026-05-30 23:45:55.375] 
[2026-05-30 23:45:55.376]   📅 【所有市场时间表】(当前: 15:45:48 UTC)
[2026-05-30 23:45:55.376]      🔴 已开始 15:40:00 - 15:45:00 UTC | btc-updown-5m-1780155600 | 开始已过 349s | 已结束
[2026-05-30 23:45:55.376]      🔴 已开始 🧾已下单 15:45:00 - 15:50:00 UTC | btc-updown-5m-1780155900 | 开始已过 49s | 251s后结束
[2026-05-30 23:45:55.376]      ✅ 可交易 15:50:00 - 15:55:00 UTC | btc-updown-5m-1780156200 | 开始251s后 | 551s后结束
[2026-05-30 23:45:55.376]      ✅ 可交易 15:55:00 - 16:00:00 UTC | btc-updown-5m-1780156500 | 开始551s后 | 851s后结束
[2026-05-30 23:45:55.376]      🔜 太远 16:00:00 - 16:05:00 UTC | btc-updown-5m-1780156800 | 开始851s后 | 1151s后结束
[2026-05-30 23:45:55.376]   ✨ 新发现事件: btc-updown-5m-1780156500 | 状态=已发现 | 距开始=551s | 距结束=851s
[2026-05-30 23:45:55.376]   📦 事件池: 3 个 | 本轮发现=1 | GC移除=0
[2026-05-30 23:45:55.376]   🎯 目标事件: btc-updown-5m-1780156200 | 状态=已发现 | 距开始=251s | 距结束=551s
[2026-05-30 23:45:55.376]   ⏱  距离开始=251.2s | 状态=discovered | 动作次数=0
[2026-05-30 23:45:55.376]   🔄 事件状态: DISCOVERED → READY | btc-updown-5m-1780156200
[2026-05-30 23:45:56.049]   📗 YES下单: ✅ 已下单 | 价格=$0.5100 | 数量=10.0份 | 订单ID=DRY-0x25cb74-YES
[2026-05-30 23:45:56.050]   ✅ [PAPER] Bought 10.0 YES shares @ $0.510
[2026-05-30 23:46:05.385]   📙 NO挂单: ✅ 已下单 | 价格=$0.4000 | 数量=10.0份 | 订单ID=DRY-0x25cb74-DOWN
[2026-05-30 23:46:05.386]   ✅ [PAPER] Bought 10.0 NO shares @ $0.400
[2026-05-30 23:46:15.025] 
[2026-05-30 23:46:15.025]   ✅ 【已下单】btc-updown-5m-1780156200
[2026-05-30 23:46:15.025]      📗 YES: 订单ID=DRY-0x25cb74-YES | 成交价=$0.5100
[2026-05-30 23:46:15.025]      📙 NO: 订单ID=DRY-0x25cb74-DOWN | 成交价=$N/A
[2026-05-30 23:46:15.025]      📍 当前状态: down_resting | 动作次数: 3
[2026-05-30 23:46:15.026]   📊 套利边缘: net=-0.4000 | 充足=True | edge=-0.4000 >= min=-0.5000; YES@0.510 cost=0.5100 + NO@0.400 cost=0.4000
[2026-05-30 23:46:15.026] 
[2026-05-30 23:46:15.026]   💤 等待 60s 后进行下次轮询...
[2026-05-30 23:47:15.034] 
[2026-05-30 23:47:15.036] ━━━━━━━━━━━━━━━━━━━━━━━━━━━━━━━━━━━━━━━━━━━━━━━━━━━━━━━━━━━━
[2026-05-30 23:47:15.036]   【 PreOpen 轮次 #19 】 2026-05-30 15:47:15 UTC
[2026-05-30 23:47:15.036]   🗑 Pre-GC removed: btc-updown-5m-1780155900 | reason=stale/untradeable
[2026-05-30 23:47:21.247] 
[2026-05-30 23:47:21.248]   🔍 【市场发现】共找到 5 个市场
[2026-05-30 23:47:21.248]      ├─ ❌ 过滤 [已开始] btc-updown-5m-1780155600 | 开始于 15:40:00 UTC | tts=-435s
[2026-05-30 23:47:21.248]      ├─ ❌ 过滤 [已开始] btc-updown-5m-1780155900 | 开始于 15:45:00 UTC | tts=-135s
[2026-05-30 23:47:21.248]      └─ ✅ 可交易 btc-updown-5m-1780156500 | 开始 15:55:00 UTC | 结束 16:00:00 UTC | tts=465s
[2026-05-30 23:47:21.248]      ├─ ❌ 过滤 [太远] btc-updown-5m-1780156800 | 开始于 16:00:00 UTC | tts=765s > 600s
[2026-05-30 23:47:21.249] 
[2026-05-30 23:47:21.249]   📊 【汇总】发现 5 个 | 可交易 0 个
[2026-05-30 23:47:21.249]      ├─ 已下单事件排除: 1
[2026-05-30 23:47:21.249]      └─ 时间窗口外: 3
[2026-05-30 23:47:21.249] 
[2026-05-30 23:47:21.249]   📅 【所有市场时间表】(当前: 15:47:15 UTC)
[2026-05-30 23:47:21.249]      🔴 已开始 15:40:00 - 15:45:00 UTC | btc-updown-5m-1780155600 | 开始已过 435s | 已结束
[2026-05-30 23:47:21.249]      🔴 已开始 15:45:00 - 15:50:00 UTC | btc-updown-5m-1780155900 | 开始已过 135s | 165s后结束
[2026-05-30 23:47:21.249]      ✅ 可交易 🧾已下单 15:50:00 - 15:55:00 UTC | btc-updown-5m-1780156200 | 开始165s后 | 465s后结束
[2026-05-30 23:47:21.249]      ✅ 可交易 15:55:00 - 16:00:00 UTC | btc-updown-5m-1780156500 | 开始465s后 | 765s后结束
[2026-05-30 23:47:21.249]      🔜 太远 16:00:00 - 16:05:00 UTC | btc-updown-5m-1780156800 | 开始765s后 | 1065s后结束
[2026-05-30 23:47:21.249]   📦 事件池: 2 个 | 本轮发现=0 | GC移除=0
[2026-05-30 23:47:21.249]   🎯 目标事件: btc-updown-5m-1780156200 | 状态=NO挂单中 | 距开始=165s | 距结束=465s
[2026-05-30 23:47:21.250]   ⏱  距离开始=165.0s | 状态=down_resting | 动作次数=3
[2026-05-30 23:47:21.250]   循环检查: ⏭️ 跳过 | 价格=- | 数量=- | 原因: action_count=3 >= max=3
[2026-05-30 23:47:21.250] 
[2026-05-30 23:47:21.250]   ✅ 【已下单】btc-updown-5m-1780156200
[2026-05-30 23:47:21.250]      📗 YES: 订单ID=DRY-0x25cb74-YES | 成交价=$0.5100
[2026-05-30 23:47:21.250]      📙 NO: 订单ID=DRY-0x25cb74-DOWN | 成交价=$N/A
[2026-05-30 23:47:21.250]      📍 当前状态: down_resting | 动作次数: 3
[2026-05-30 23:47:21.250]   📊 套利边缘: net=-0.4000 | 充足=True | edge=-0.4000 >= min=-0.5000; YES@0.510 cost=0.5100 + NO@0.400 cost=0.4000
[2026-05-30 23:47:22.370] 
[2026-05-30 23:47:22.370]   💤 等待 60s 后进行下次轮询...
[2026-05-30 23:48:22.377] 
[2026-05-30 23:48:22.380] ━━━━━━━━━━━━━━━━━━━━━━━━━━━━━━━━━━━━━━━━━━━━━━━━━━━━━━━━━━━━
[2026-05-30 23:48:22.380]   【 PreOpen 轮次 #20 】 2026-05-30 15:48:22 UTC
[2026-05-30 23:48:27.868] 
[2026-05-30 23:48:27.869]   🔍 【市场发现】共找到 5 个市场
[2026-05-30 23:48:27.869]      ├─ ❌ 过滤 [已开始] btc-updown-5m-1780155600 | 开始于 15:40:00 UTC | tts=-502s
[2026-05-30 23:48:27.869]      ├─ ❌ 过滤 [已开始] btc-updown-5m-1780155900 | 开始于 15:45:00 UTC | tts=-202s
[2026-05-30 23:48:27.869]      └─ ✅ 可交易 btc-updown-5m-1780156500 | 开始 15:55:00 UTC | 结束 16:00:00 UTC | tts=398s
[2026-05-30 23:48:27.869]      ├─ ❌ 过滤 [太远] btc-updown-5m-1780156800 | 开始于 16:00:00 UTC | tts=698s > 600s
[2026-05-30 23:48:27.869] 
[2026-05-30 23:48:27.870]   📊 【汇总】发现 5 个 | 可交易 0 个
[2026-05-30 23:48:27.870]      ├─ 已下单事件排除: 1
[2026-05-30 23:48:27.870]      └─ 时间窗口外: 3
[2026-05-30 23:48:27.870] 
[2026-05-30 23:48:27.870]   📅 【所有市场时间表】(当前: 15:48:22 UTC)
[2026-05-30 23:48:27.870]      🔴 已开始 15:40:00 - 15:45:00 UTC | btc-updown-5m-1780155600 | 开始已过 502s | 已结束
[2026-05-30 23:48:27.870]      🔴 已开始 15:45:00 - 15:50:00 UTC | btc-updown-5m-1780155900 | 开始已过 202s | 98s后结束
[2026-05-30 23:48:27.870]      ✅ 可交易 🧾已下单 15:50:00 - 15:55:00 UTC | btc-updown-5m-1780156200 | 开始98s后 | 398s后结束
[2026-05-30 23:48:27.870]      ✅ 可交易 15:55:00 - 16:00:00 UTC | btc-updown-5m-1780156500 | 开始398s后 | 698s后结束
[2026-05-30 23:48:27.870]      🔜 太远 16:00:00 - 16:05:00 UTC | btc-updown-5m-1780156800 | 开始698s后 | 998s后结束
[2026-05-30 23:48:27.870]   📦 事件池: 2 个 | 本轮发现=0 | GC移除=0
[2026-05-30 23:48:27.870]   🎯 目标事件: btc-updown-5m-1780156200 | 状态=NO挂单中 | 距开始=98s | 距结束=398s
[2026-05-30 23:48:27.870]   ⏱  距离开始=97.6s | 状态=down_resting | 动作次数=3
[2026-05-30 23:48:27.870]   循环检查: ⏭️ 跳过 | 价格=- | 数量=- | 原因: action_count=3 >= max=3
[2026-05-30 23:48:27.870] 
[2026-05-30 23:48:27.871]   ✅ 【已下单】btc-updown-5m-1780156200
[2026-05-30 23:48:27.871]      📗 YES: 订单ID=DRY-0x25cb74-YES | 成交价=$0.5100
[2026-05-30 23:48:27.871]      📙 NO: 订单ID=DRY-0x25cb74-DOWN | 成交价=$N/A
[2026-05-30 23:48:27.871]      📍 当前状态: down_resting | 动作次数: 3
[2026-05-30 23:48:27.871]   📊 套利边缘: net=-0.4000 | 充足=True | edge=-0.4000 >= min=-0.5000; YES@0.510 cost=0.5100 + NO@0.400 cost=0.4000
[2026-05-30 23:48:27.871] 
[2026-05-30 23:48:27.871]   💤 等待 60s 后进行下次轮询...
[2026-05-30 23:48:57.896] 
[2026-05-30 23:48:57.898] 【PreOpen Loop】Stopped by user.
