[2026-05-30 23:48:59.008] 📁 日志目录: /Users/yuliang/project/poly-refactor/poly-simmer-fast-loop/main/runs/2026-05-30-23-48-59_dryrun
[2026-05-30 23:48:59.009] 📄 日志文件: /Users/yuliang/project/poly-refactor/poly-simmer-fast-loop/main/runs/2026-05-30-23-48-59_dryrun/output.log
[2026-05-30 23:48:59.009] ============================================================
[2026-05-30 23:48:59.009] 
[2026-05-30 23:48:59.009] ════════════════════════════════════════════════════════════
[2026-05-30 23:48:59.009]   【 PreOpen Loop 预开盘循环 】
[2026-05-30 23:48:59.009] ════════════════════════════════════════════════════════════
[2026-05-30 23:48:59.009]   模式: 模拟交易
[2026-05-30 23:48:59.009]   品种: BTC | 窗口: 5m
[2026-05-30 23:48:59.009]   ── 轮询参数 ──
[2026-05-30 23:48:59.009]   • 轮询间隔: 60s
[2026-05-30 23:48:59.009]   • 预开盘提前时间 (lead_time): 600s
[2026-05-30 23:48:59.009]   • 垃圾回收宽限期 (gc_grace): 60s
[2026-05-30 23:48:59.009]   ── YES 主单参数 ──
[2026-05-30 23:48:59.009]   • 买入数量: 10.0 份
[2026-05-30 23:48:59.009]   • 最高价格: $0.92
[2026-05-30 23:48:59.009]   ── NO 对冲参数 ──
[2026-05-30 23:48:59.009]   • 静态对冲价格: $0.4
[2026-05-30 23:48:59.009]   • 切换 TTL 阈值: 40s
[2026-05-30 23:48:59.009]   • 最大 FAK 价格: $0.42
[2026-05-30 23:48:59.009]   • 最小套利边缘: -0.5
[2026-05-30 23:48:59.009] ────────────────────────────────────────────────────────────
[2026-05-30 23:48:59.009] 
[2026-05-30 23:48:59.009] ━━━━━━━━━━━━━━━━━━━━━━━━━━━━━━━━━━━━━━━━━━━━━━━━━━━━━━━━━━━━
[2026-05-30 23:48:59.009]   【 PreOpen 轮次 #1 】 2026-05-30 15:48:59 UTC
[2026-05-30 23:49:05.194] 
[2026-05-30 23:49:05.195]   🔍 【市场发现】共找到 5 个市场
[2026-05-30 23:49:05.195]      ├─ ❌ 过滤 [已开始] btc-updown-5m-1780155600 | 开始于 15:40:00 UTC | tts=-539s
[2026-05-30 23:49:05.195]      ├─ ❌ 过滤 [已开始] btc-updown-5m-1780155900 | 开始于 15:45:00 UTC | tts=-239s
[2026-05-30 23:49:05.195]      └─ ✅ 可交易 btc-updown-5m-1780156200 | 开始 15:50:00 UTC | 结束 15:55:00 UTC | tts=61s
[2026-05-30 23:49:05.195]      └─ ✅ 可交易 btc-updown-5m-1780156500 | 开始 15:55:00 UTC | 结束 16:00:00 UTC | tts=361s
[2026-05-30 23:49:05.195]      ├─ ❌ 过滤 [太远] btc-updown-5m-1780156800 | 开始于 16:00:00 UTC | tts=661s > 600s
[2026-05-30 23:49:05.195] 
[2026-05-30 23:49:05.196]   📊 【汇总】发现 5 个 | 可交易 2 个
[2026-05-30 23:49:05.196]      └─ 时间窗口外: 3
[2026-05-30 23:49:05.196] 
[2026-05-30 23:49:05.196]   📅 【所有市场时间表】(当前: 15:48:59 UTC)
[2026-05-30 23:49:05.196]      🔴 已开始 15:40:00 - 15:45:00 UTC | btc-updown-5m-1780155600 | 开始已过 539s | 已结束
[2026-05-30 23:49:05.196]      🔴 已开始 15:45:00 - 15:50:00 UTC | btc-updown-5m-1780155900 | 开始已过 239s | 61s后结束
[2026-05-30 23:49:05.196]      ✅ 可交易 15:50:00 - 15:55:00 UTC | btc-updown-5m-1780156200 | 开始61s后 | 361s后结束
[2026-05-30 23:49:05.196]      ✅ 可交易 15:55:00 - 16:00:00 UTC | btc-updown-5m-1780156500 | 开始361s后 | 661s后结束
[2026-05-30 23:49:05.196]      🔜 太远 16:00:00 - 16:05:00 UTC | btc-updown-5m-1780156800 | 开始661s后 | 961s后结束
[2026-05-30 23:49:05.196]   ✨ 新发现事件: btc-updown-5m-1780156200 | 状态=已发现 | 距开始=61s | 距结束=361s
[2026-05-30 23:49:05.196]   ✨ 新发现事件: btc-updown-5m-1780156500 | 状态=已发现 | 距开始=361s | 距结束=661s
[2026-05-30 23:49:05.196]   📦 事件池: 2 个 | 本轮发现=2 | GC移除=0
[2026-05-30 23:49:05.196]   🎯 目标事件: btc-updown-5m-1780156200 | 状态=已发现 | 距开始=61s | 距结束=361s
[2026-05-30 23:49:05.196]   ⏱  距离开始=61.0s | 状态=discovered | 动作次数=0
[2026-05-30 23:49:05.196]   🔄 事件状态: DISCOVERED → READY | btc-updown-5m-1780156200
[2026-05-30 23:49:06.001]   📗 YES下单: ✅ 已下单 | 价格=$0.4900 | 数量=10.0份 | 订单ID=DRY-0x25cb74-YES
[2026-05-30 23:49:06.002]   ✅ [PAPER] Bought 10.0 YES shares @ $0.490
[2026-05-30 23:49:19.420]   📙 NO挂单: ✅ 已下单 | 价格=$0.4000 | 数量=10.0份 | 订单ID=DRY-0x25cb74-DOWN
[2026-05-30 23:49:19.420]   ✅ [PAPER] Bought 10.0 NO shares @ $0.400
[2026-05-30 23:49:26.915] 
[2026-05-30 23:49:26.915]   ✅ 【已下单】btc-updown-5m-1780156200
[2026-05-30 23:49:26.915]      📗 YES: 订单ID=DRY-0x25cb74-YES | 成交价=$0.4900
[2026-05-30 23:49:26.915]      📙 NO: 订单ID=DRY-0x25cb74-DOWN | 成交价=$N/A
[2026-05-30 23:49:26.915]      📍 当前状态: down_resting | 动作次数: 3
[2026-05-30 23:49:26.915]   📊 套利边缘: net=-0.4000 | 充足=True | edge=-0.4000 >= min=-0.5000; YES@0.490 cost=0.4900 + NO@0.400 cost=0.4000
[2026-05-30 23:49:26.916] 
[2026-05-30 23:49:26.916]   💤 等待 60s 后进行下次轮询...
[2026-05-30 23:50:26.921] 
[2026-05-30 23:50:26.923] ━━━━━━━━━━━━━━━━━━━━━━━━━━━━━━━━━━━━━━━━━━━━━━━━━━━━━━━━━━━━
[2026-05-30 23:50:26.924]   【 PreOpen 轮次 #2 】 2026-05-30 15:50:26 UTC
[2026-05-30 23:50:32.661] 
[2026-05-30 23:50:32.664]   🔍 【市场发现】共找到 6 个市场
[2026-05-30 23:50:32.664]      ├─ ❌ 过滤 [已开始] btc-updown-5m-1780155600 | 开始于 15:40:00 UTC | tts=-627s
[2026-05-30 23:50:32.664]      ├─ ❌ 过滤 [已开始] btc-updown-5m-1780155900 | 开始于 15:45:00 UTC | tts=-327s
[2026-05-30 23:50:32.664]      └─ ✅ 可交易 btc-updown-5m-1780156500 | 开始 15:55:00 UTC | 结束 16:00:00 UTC | tts=273s
[2026-05-30 23:50:32.665]      └─ ✅ 可交易 btc-updown-5m-1780156800 | 开始 16:00:00 UTC | 结束 16:05:00 UTC | tts=573s
[2026-05-30 23:50:32.665]      ├─ ❌ 过滤 [太远] btc-updown-5m-1780157100 | 开始于 16:05:00 UTC | tts=873s > 600s
[2026-05-30 23:50:32.665] 
[2026-05-30 23:50:32.665]   📊 【汇总】发现 6 个 | 可交易 1 个
[2026-05-30 23:50:32.665]      ├─ 已下单事件排除: 1
[2026-05-30 23:50:32.665]      └─ 时间窗口外: 3
[2026-05-30 23:50:32.665] 
[2026-05-30 23:50:32.665]   📅 【所有市场时间表】(当前: 15:50:26 UTC)
[2026-05-30 23:50:32.665]      🔴 已开始 15:40:00 - 15:45:00 UTC | btc-updown-5m-1780155600 | 开始已过 627s | 已结束
[2026-05-30 23:50:32.665]      🔴 已开始 15:45:00 - 15:50:00 UTC | btc-updown-5m-1780155900 | 开始已过 327s | 已结束
[2026-05-30 23:50:32.665]      🔴 已开始 🧾已下单 15:50:00 - 15:55:00 UTC | btc-updown-5m-1780156200 | 开始已过 27s | 273s后结束
[2026-05-30 23:50:32.665]      ✅ 可交易 15:55:00 - 16:00:00 UTC | btc-updown-5m-1780156500 | 开始273s后 | 573s后结束
[2026-05-30 23:50:32.665]      ✅ 可交易 16:00:00 - 16:05:00 UTC | btc-updown-5m-1780156800 | 开始573s后 | 873s后结束
[2026-05-30 23:50:32.665]      🔜 太远 16:05:00 - 16:10:00 UTC | btc-updown-5m-1780157100 | 开始873s后 | 1173s后结束
[2026-05-30 23:50:32.665]   ✨ 新发现事件: btc-updown-5m-1780156800 | 状态=已发现 | 距开始=573s | 距结束=873s
[2026-05-30 23:50:32.665]   📦 事件池: 3 个 | 本轮发现=1 | GC移除=0
[2026-05-30 23:50:32.665]   🎯 目标事件: btc-updown-5m-1780156500 | 状态=已发现 | 距开始=273s | 距结束=573s
[2026-05-30 23:50:32.665]   ⏱  距离开始=273.1s | 状态=discovered | 动作次数=0
[2026-05-30 23:50:32.665]   🔄 事件状态: DISCOVERED → READY | btc-updown-5m-1780156500
[2026-05-30 23:50:33.704]   📗 YES下单: ✅ 已下单 | 价格=$0.5100 | 数量=10.0份 | 订单ID=DRY-0x93001a-YES
[2026-05-30 23:50:33.705]   ✅ [PAPER] Bought 10.0 YES shares @ $0.510
[2026-05-30 23:50:40.184]   📙 NO挂单: ✅ 已下单 | 价格=$0.4000 | 数量=10.0份 | 订单ID=DRY-0x93001a-DOWN
[2026-05-30 23:50:40.185]   ✅ [PAPER] Bought 10.0 NO shares @ $0.400
[2026-05-30 23:50:58.010] 
[2026-05-30 23:50:58.011]   ✅ 【已下单】btc-updown-5m-1780156500
[2026-05-30 23:50:58.011]      📗 YES: 订单ID=DRY-0x93001a-YES | 成交价=$0.5100
[2026-05-30 23:50:58.011]      📙 NO: 订单ID=DRY-0x93001a-DOWN | 成交价=$N/A
[2026-05-30 23:50:58.011]      📍 当前状态: down_resting | 动作次数: 3
[2026-05-30 23:50:58.011]   📊 套利边缘: net=-0.4000 | 充足=True | edge=-0.4000 >= min=-0.5000; YES@0.510 cost=0.5100 + NO@0.400 cost=0.4000
[2026-05-30 23:50:58.011] 
[2026-05-30 23:50:58.011]   💤 等待 60s 后进行下次轮询...
[2026-05-30 23:51:58.018] 
[2026-05-30 23:51:58.020] ━━━━━━━━━━━━━━━━━━━━━━━━━━━━━━━━━━━━━━━━━━━━━━━━━━━━━━━━━━━━
[2026-05-30 23:51:58.020]   【 PreOpen 轮次 #3 】 2026-05-30 15:51:58 UTC
[2026-05-30 23:51:58.021]   🗑 Pre-GC removed: btc-updown-5m-1780156200 | reason=stale/untradeable
[2026-05-30 23:52:04.924] 
[2026-05-30 23:52:04.926]   🔍 【市场发现】共找到 5 个市场
[2026-05-30 23:52:04.926]      ├─ ❌ 过滤 [已开始] btc-updown-5m-1780155600 | 开始于 15:40:00 UTC | tts=-718s
[2026-05-30 23:52:04.926]      ├─ ❌ 过滤 [已开始] btc-updown-5m-1780155900 | 开始于 15:45:00 UTC | tts=-418s
[2026-05-30 23:52:04.926]      ├─ ❌ 过滤 [已开始] btc-updown-5m-1780156200 | 开始于 15:50:00 UTC | tts=-118s
[2026-05-30 23:52:04.927]      ├─ ❌ 过滤 [太远] btc-updown-5m-1780157100 | 开始于 16:05:00 UTC | tts=782s > 600s
[2026-05-30 23:52:04.927] 
[2026-05-30 23:52:04.927]   📊 【汇总】发现 5 个 | 可交易 0 个
[2026-05-30 23:52:04.927]      ├─ 已下单事件排除: 1
[2026-05-30 23:52:04.927]      └─ 时间窗口外: 4
[2026-05-30 23:52:04.927] 
[2026-05-30 23:52:04.927]   📅 【所有市场时间表】(当前: 15:51:58 UTC)
[2026-05-30 23:52:04.927]      🔴 已开始 15:40:00 - 15:45:00 UTC | btc-updown-5m-1780155600 | 开始已过 718s | 已结束
[2026-05-30 23:52:04.927]      🔴 已开始 15:45:00 - 15:50:00 UTC | btc-updown-5m-1780155900 | 开始已过 418s | 已结束
[2026-05-30 23:52:04.927]      🔴 已开始 15:50:00 - 15:55:00 UTC | btc-updown-5m-1780156200 | 开始已过 118s | 182s后结束
[2026-05-30 23:52:04.928]      ✅ 可交易 🧾已下单 15:55:00 - 16:00:00 UTC | btc-updown-5m-1780156500 | 开始182s后 | 482s后结束
[2026-05-30 23:52:04.928]      🔜 太远 16:05:00 - 16:10:00 UTC | btc-updown-5m-1780157100 | 开始782s后 | 1082s后结束
[2026-05-30 23:52:04.928]   📦 事件池: 2 个 | 本轮发现=0 | GC移除=0
[2026-05-30 23:52:04.928]   🎯 目标事件: btc-updown-5m-1780156500 | 状态=NO挂单中 | 距开始=182s | 距结束=482s
[2026-05-30 23:52:04.928]   ⏱  距离开始=182.0s | 状态=down_resting | 动作次数=3
[2026-05-30 23:52:04.928]   循环检查: ⏭️ 跳过 | 价格=- | 数量=- | 原因: action_count=3 >= max=3
[2026-05-30 23:52:04.928] 
[2026-05-30 23:52:04.928]   ✅ 【已下单】btc-updown-5m-1780156500
[2026-05-30 23:52:04.928]      📗 YES: 订单ID=DRY-0x93001a-YES | 成交价=$0.5100
[2026-05-30 23:52:04.928]      📙 NO: 订单ID=DRY-0x93001a-DOWN | 成交价=$N/A
[2026-05-30 23:52:04.928]      📍 当前状态: down_resting | 动作次数: 3
[2026-05-30 23:52:04.928]   📊 套利边缘: net=-0.4000 | 充足=True | edge=-0.4000 >= min=-0.5000; YES@0.510 cost=0.5100 + NO@0.400 cost=0.4000
[2026-05-30 23:52:29.843] 
[2026-05-30 23:52:29.844]   💤 等待 60s 后进行下次轮询...
[2026-05-30 23:53:29.851] 
[2026-05-30 23:53:29.854] ━━━━━━━━━━━━━━━━━━━━━━━━━━━━━━━━━━━━━━━━━━━━━━━━━━━━━━━━━━━━
[2026-05-30 23:53:29.854]   【 PreOpen 轮次 #4 】 2026-05-30 15:53:29 UTC
[2026-05-30 23:53:36.012] 
[2026-05-30 23:53:36.013]   🔍 【市场发现】共找到 4 个市场
[2026-05-30 23:53:36.013]      ├─ ❌ 过滤 [已开始] btc-updown-5m-1780156200 | 开始于 15:50:00 UTC | tts=-210s
[2026-05-30 23:53:36.013]      └─ ✅ 可交易 btc-updown-5m-1780156800 | 开始 16:00:00 UTC | 结束 16:05:00 UTC | tts=390s
[2026-05-30 23:53:36.013]      ├─ ❌ 过滤 [太远] btc-updown-5m-1780157100 | 开始于 16:05:00 UTC | tts=690s > 600s
[2026-05-30 23:53:36.013] 
[2026-05-30 23:53:36.013]   📊 【汇总】发现 4 个 | 可交易 0 个
[2026-05-30 23:53:36.013]      ├─ 已下单事件排除: 1
[2026-05-30 23:53:36.013]      └─ 时间窗口外: 2
[2026-05-30 23:53:36.013] 
[2026-05-30 23:53:36.013]   📅 【所有市场时间表】(当前: 15:53:29 UTC)
[2026-05-30 23:53:36.013]      🔴 已开始 15:50:00 - 15:55:00 UTC | btc-updown-5m-1780156200 | 开始已过 210s | 90s后结束
[2026-05-30 23:53:36.013]      ✅ 可交易 🧾已下单 15:55:00 - 16:00:00 UTC | btc-updown-5m-1780156500 | 开始90s后 | 390s后结束
[2026-05-30 23:53:36.014]      ✅ 可交易 16:00:00 - 16:05:00 UTC | btc-updown-5m-1780156800 | 开始390s后 | 690s后结束
[2026-05-30 23:53:36.014]      🔜 太远 16:05:00 - 16:10:00 UTC | btc-updown-5m-1780157100 | 开始690s后 | 990s后结束
[2026-05-30 23:53:36.014]   📦 事件池: 2 个 | 本轮发现=0 | GC移除=0
[2026-05-30 23:53:36.014]   🎯 目标事件: btc-updown-5m-1780156500 | 状态=NO挂单中 | 距开始=90s | 距结束=390s
[2026-05-30 23:53:36.014]   ⏱  距离开始=90.1s | 状态=down_resting | 动作次数=3
[2026-05-30 23:53:36.014]   循环检查: ⏭️ 跳过 | 价格=- | 数量=- | 原因: action_count=3 >= max=3
[2026-05-30 23:53:36.014] 
[2026-05-30 23:53:36.014]   ✅ 【已下单】btc-updown-5m-1780156500
[2026-05-30 23:53:36.014]      📗 YES: 订单ID=DRY-0x93001a-YES | 成交价=$0.5100
[2026-05-30 23:53:36.014]      📙 NO: 订单ID=DRY-0x93001a-DOWN | 成交价=$N/A
[2026-05-30 23:53:36.014]      📍 当前状态: down_resting | 动作次数: 3
[2026-05-30 23:53:36.014]   📊 套利边缘: net=-0.4000 | 充足=True | edge=-0.4000 >= min=-0.5000; YES@0.510 cost=0.5100 + NO@0.400 cost=0.4000
[2026-05-30 23:53:36.014] 
[2026-05-30 23:53:36.014]   💤 等待 60s 后进行下次轮询...
[2026-05-30 23:54:36.021] 
[2026-05-30 23:54:36.023] ━━━━━━━━━━━━━━━━━━━━━━━━━━━━━━━━━━━━━━━━━━━━━━━━━━━━━━━━━━━━
[2026-05-30 23:54:36.024]   【 PreOpen 轮次 #5 】 2026-05-30 15:54:36 UTC
[2026-05-30 23:54:43.158] 
[2026-05-30 23:54:43.159]   🔍 【市场发现】共找到 4 个市场
[2026-05-30 23:54:43.159]      ├─ ❌ 过滤 [已开始] btc-updown-5m-1780156200 | 开始于 15:50:00 UTC | tts=-276s
[2026-05-30 23:54:43.159]      └─ ✅ 可交易 btc-updown-5m-1780156800 | 开始 16:00:00 UTC | 结束 16:05:00 UTC | tts=324s
[2026-05-30 23:54:43.159]      ├─ ❌ 过滤 [太远] btc-updown-5m-1780157100 | 开始于 16:05:00 UTC | tts=624s > 600s
[2026-05-30 23:54:43.159] 
[2026-05-30 23:54:43.160]   📊 【汇总】发现 4 个 | 可交易 0 个
[2026-05-30 23:54:43.160]      ├─ 已下单事件排除: 1
[2026-05-30 23:54:43.160]      └─ 时间窗口外: 2
[2026-05-30 23:54:43.160] 
[2026-05-30 23:54:43.160]   📅 【所有市场时间表】(当前: 15:54:36 UTC)
[2026-05-30 23:54:43.160]      🔴 已开始 15:50:00 - 15:55:00 UTC | btc-updown-5m-1780156200 | 开始已过 276s | 24s后结束
[2026-05-30 23:54:43.160]      ✅ 可交易 🧾已下单 15:55:00 - 16:00:00 UTC | btc-updown-5m-1780156500 | 开始24s后 | 324s后结束
[2026-05-30 23:54:43.160]      ✅ 可交易 16:00:00 - 16:05:00 UTC | btc-updown-5m-1780156800 | 开始324s后 | 624s后结束
[2026-05-30 23:54:43.160]      🔜 太远 16:05:00 - 16:10:00 UTC | btc-updown-5m-1780157100 | 开始624s后 | 924s后结束
[2026-05-30 23:54:43.160]   📦 事件池: 2 个 | 本轮发现=0 | GC移除=0
[2026-05-30 23:54:43.160]   🎯 目标事件: btc-updown-5m-1780156500 | 状态=NO挂单中 | 距开始=24s | 距结束=324s
[2026-05-30 23:54:43.160]   ⏱  距离开始=24.0s | 状态=down_resting | 动作次数=3
[2026-05-30 23:54:43.160]   循环检查: ⏭️ 跳过 | 价格=- | 数量=- | 原因: action_count=3 >= max=3
[2026-05-30 23:54:43.160] 
[2026-05-30 23:54:43.161]   ✅ 【已下单】btc-updown-5m-1780156500
[2026-05-30 23:54:43.161]      📗 YES: 订单ID=DRY-0x93001a-YES | 成交价=$0.5100
[2026-05-30 23:54:43.161]      📙 NO: 订单ID=DRY-0x93001a-DOWN | 成交价=$N/A
[2026-05-30 23:54:43.161]      📍 当前状态: down_resting | 动作次数: 3
[2026-05-30 23:54:43.161]   📊 套利边缘: net=-0.4000 | 充足=True | edge=-0.4000 >= min=-0.5000; YES@0.510 cost=0.5100 + NO@0.400 cost=0.4000
[2026-05-30 23:55:03.317] 
[2026-05-30 23:55:03.318]   💤 等待 60s 后进行下次轮询...
[2026-05-30 23:56:03.325] 
[2026-05-30 23:56:03.327] ━━━━━━━━━━━━━━━━━━━━━━━━━━━━━━━━━━━━━━━━━━━━━━━━━━━━━━━━━━━━
[2026-05-30 23:56:03.327]   【 PreOpen 轮次 #6 】 2026-05-30 15:56:03 UTC
[2026-05-30 23:56:03.328]   🗑 Pre-GC removed: btc-updown-5m-1780156500 | reason=stale/untradeable
[2026-05-30 23:56:08.418] 
[2026-05-30 23:56:08.419]   🔍 【市场发现】共找到 5 个市场
[2026-05-30 23:56:08.419]      ├─ ❌ 过滤 [已开始] btc-updown-5m-1780156200 | 开始于 15:50:00 UTC | tts=-363s
[2026-05-30 23:56:08.419]      ├─ ❌ 过滤 [已开始] btc-updown-5m-1780156500 | 开始于 15:55:00 UTC | tts=-63s
[2026-05-30 23:56:08.419]      └─ ✅ 可交易 btc-updown-5m-1780156800 | 开始 16:00:00 UTC | 结束 16:05:00 UTC | tts=237s
[2026-05-30 23:56:08.419]      └─ ✅ 可交易 btc-updown-5m-1780157100 | 开始 16:05:00 UTC | 结束 16:10:00 UTC | tts=537s
[2026-05-30 23:56:08.420]      ├─ ❌ 过滤 [太远] btc-updown-5m-1780157400 | 开始于 16:10:00 UTC | tts=837s > 600s
[2026-05-30 23:56:08.420] 
[2026-05-30 23:56:08.420]   📊 【汇总】发现 5 个 | 可交易 1 个
[2026-05-30 23:56:08.420]      └─ 时间窗口外: 3
[2026-05-30 23:56:08.420] 
[2026-05-30 23:56:08.420]   📅 【所有市场时间表】(当前: 15:56:03 UTC)
[2026-05-30 23:56:08.420]      🔴 已开始 15:50:00 - 15:55:00 UTC | btc-updown-5m-1780156200 | 开始已过 363s | 已结束
[2026-05-30 23:56:08.420]      🔴 已开始 15:55:00 - 16:00:00 UTC | btc-updown-5m-1780156500 | 开始已过 63s | 237s后结束
[2026-05-30 23:56:08.420]      ✅ 可交易 16:00:00 - 16:05:00 UTC | btc-updown-5m-1780156800 | 开始237s后 | 537s后结束
[2026-05-30 23:56:08.420]      ✅ 可交易 16:05:00 - 16:10:00 UTC | btc-updown-5m-1780157100 | 开始537s后 | 837s后结束
[2026-05-30 23:56:08.420]      🔜 太远 16:10:00 - 16:15:00 UTC | btc-updown-5m-1780157400 | 开始837s后 | 1137s后结束
[2026-05-30 23:56:08.421]   ✨ 新发现事件: btc-updown-5m-1780157100 | 状态=已发现 | 距开始=537s | 距结束=837s
[2026-05-30 23:56:08.421]   📦 事件池: 2 个 | 本轮发现=1 | GC移除=0
[2026-05-30 23:56:08.421]   🎯 目标事件: btc-updown-5m-1780156800 | 状态=已发现 | 距开始=237s | 距结束=537s
[2026-05-30 23:56:08.421]   ⏱  距离开始=236.7s | 状态=discovered | 动作次数=0
[2026-05-30 23:56:08.421]   🔄 事件状态: DISCOVERED → READY | btc-updown-5m-1780156800
[2026-05-30 23:56:09.225]   📗 YES下单: ✅ 已下单 | 价格=$0.5100 | 数量=10.0份 | 订单ID=DRY-0xf38927-YES
[2026-05-30 23:56:09.225]   ✅ [PAPER] Bought 10.0 YES shares @ $0.510
[2026-05-30 23:56:17.195]   📙 NO挂单: ✅ 已下单 | 价格=$0.4000 | 数量=10.0份 | 订单ID=DRY-0xf38927-DOWN
[2026-05-30 23:56:17.196]   ✅ [PAPER] Bought 10.0 NO shares @ $0.400
[2026-05-30 23:56:24.590] 
[2026-05-30 23:56:24.590]   ✅ 【已下单】btc-updown-5m-1780156800
[2026-05-30 23:56:24.591]      📗 YES: 订单ID=DRY-0xf38927-YES | 成交价=$0.5100
[2026-05-30 23:56:24.591]      📙 NO: 订单ID=DRY-0xf38927-DOWN | 成交价=$N/A
[2026-05-30 23:56:24.591]      📍 当前状态: down_resting | 动作次数: 3
[2026-05-30 23:56:24.591]   📊 套利边缘: net=-0.4000 | 充足=True | edge=-0.4000 >= min=-0.5000; YES@0.510 cost=0.5100 + NO@0.400 cost=0.4000
[2026-05-30 23:56:24.591] 
[2026-05-30 23:56:24.591]   💤 等待 60s 后进行下次轮询...
[2026-05-30 23:57:24.598] 
[2026-05-30 23:57:24.600] ━━━━━━━━━━━━━━━━━━━━━━━━━━━━━━━━━━━━━━━━━━━━━━━━━━━━━━━━━━━━
[2026-05-30 23:57:24.601]   【 PreOpen 轮次 #7 】 2026-05-30 15:57:24 UTC
[2026-05-30 23:57:30.360] 
[2026-05-30 23:57:30.360]   🔍 【市场发现】共找到 5 个市场
[2026-05-30 23:57:30.360]      ├─ ❌ 过滤 [已开始] btc-updown-5m-1780156200 | 开始于 15:50:00 UTC | tts=-445s
[2026-05-30 23:57:30.360]      ├─ ❌ 过滤 [已开始] btc-updown-5m-1780156500 | 开始于 15:55:00 UTC | tts=-145s
[2026-05-30 23:57:30.361]      └─ ✅ 可交易 btc-updown-5m-1780157100 | 开始 16:05:00 UTC | 结束 16:10:00 UTC | tts=455s
[2026-05-30 23:57:30.361]      ├─ ❌ 过滤 [太远] btc-updown-5m-1780157400 | 开始于 16:10:00 UTC | tts=755s > 600s
[2026-05-30 23:57:30.361] 
[2026-05-30 23:57:30.361]   📊 【汇总】发现 5 个 | 可交易 0 个
[2026-05-30 23:57:30.361]      ├─ 已下单事件排除: 1
[2026-05-30 23:57:30.361]      └─ 时间窗口外: 3
[2026-05-30 23:57:30.361] 
[2026-05-30 23:57:30.361]   📅 【所有市场时间表】(当前: 15:57:24 UTC)
[2026-05-30 23:57:30.361]      🔴 已开始 15:50:00 - 15:55:00 UTC | btc-updown-5m-1780156200 | 开始已过 445s | 已结束
[2026-05-30 23:57:30.361]      🔴 已开始 15:55:00 - 16:00:00 UTC | btc-updown-5m-1780156500 | 开始已过 145s | 155s后结束
[2026-05-30 23:57:30.361]      ✅ 可交易 🧾已下单 16:00:00 - 16:05:00 UTC | btc-updown-5m-1780156800 | 开始155s后 | 455s后结束
[2026-05-30 23:57:30.362]      ✅ 可交易 16:05:00 - 16:10:00 UTC | btc-updown-5m-1780157100 | 开始455s后 | 755s后结束
[2026-05-30 23:57:30.362]      🔜 太远 16:10:00 - 16:15:00 UTC | btc-updown-5m-1780157400 | 开始755s后 | 1055s后结束
[2026-05-30 23:57:30.362]   📦 事件池: 2 个 | 本轮发现=0 | GC移除=0
[2026-05-30 23:57:30.362]   🎯 目标事件: btc-updown-5m-1780156800 | 状态=NO挂单中 | 距开始=155s | 距结束=455s
[2026-05-30 23:57:30.362]   ⏱  距离开始=155.4s | 状态=down_resting | 动作次数=3
[2026-05-30 23:57:30.362]   循环检查: ⏭️ 跳过 | 价格=- | 数量=- | 原因: action_count=3 >= max=3
[2026-05-30 23:57:30.362] 
[2026-05-30 23:57:30.362]   ✅ 【已下单】btc-updown-5m-1780156800
[2026-05-30 23:57:30.362]      📗 YES: 订单ID=DRY-0xf38927-YES | 成交价=$0.5100
[2026-05-30 23:57:30.362]      📙 NO: 订单ID=DRY-0xf38927-DOWN | 成交价=$N/A
[2026-05-30 23:57:30.362]      📍 当前状态: down_resting | 动作次数: 3
[2026-05-30 23:57:30.362]   📊 套利边缘: net=-0.4000 | 充足=True | edge=-0.4000 >= min=-0.5000; YES@0.510 cost=0.5100 + NO@0.400 cost=0.4000
[2026-05-30 23:58:08.584] 
[2026-05-30 23:58:08.584]   💤 等待 60s 后进行下次轮询...
[2026-05-30 23:59:08.590] 
[2026-05-30 23:59:08.592] ━━━━━━━━━━━━━━━━━━━━━━━━━━━━━━━━━━━━━━━━━━━━━━━━━━━━━━━━━━━━
[2026-05-30 23:59:08.592]   【 PreOpen 轮次 #8 】 2026-05-30 15:59:08 UTC
[2026-05-30 23:59:14.968] 
[2026-05-30 23:59:14.969]   🔍 【市场发现】共找到 4 个市场
[2026-05-30 23:59:14.969]      ├─ ❌ 过滤 [已开始] btc-updown-5m-1780156200 | 开始于 15:50:00 UTC | tts=-549s
[2026-05-30 23:59:14.969]      ├─ ❌ 过滤 [已开始] btc-updown-5m-1780156500 | 开始于 15:55:00 UTC | tts=-249s
[2026-05-30 23:59:14.969]      └─ ✅ 可交易 btc-updown-5m-1780157100 | 开始 16:05:00 UTC | 结束 16:10:00 UTC | tts=351s
[2026-05-30 23:59:14.969]      ├─ ❌ 过滤 [太远] btc-updown-5m-1780157400 | 开始于 16:10:00 UTC | tts=651s > 600s
[2026-05-30 23:59:14.969] 
[2026-05-30 23:59:14.969]   📊 【汇总】发现 4 个 | 可交易 0 个
[2026-05-30 23:59:14.969]      └─ 时间窗口外: 3
[2026-05-30 23:59:14.969] 
[2026-05-30 23:59:14.969]   📅 【所有市场时间表】(当前: 15:59:08 UTC)
[2026-05-30 23:59:14.969]      🔴 已开始 15:50:00 - 15:55:00 UTC | btc-updown-5m-1780156200 | 开始已过 549s | 已结束
[2026-05-30 23:59:14.969]      🔴 已开始 15:55:00 - 16:00:00 UTC | btc-updown-5m-1780156500 | 开始已过 249s | 51s后结束
[2026-05-30 23:59:14.969]      ✅ 可交易 16:05:00 - 16:10:00 UTC | btc-updown-5m-1780157100 | 开始351s后 | 651s后结束
[2026-05-30 23:59:14.969]      🔜 太远 16:10:00 - 16:15:00 UTC | btc-updown-5m-1780157400 | 开始651s后 | 951s后结束
[2026-05-30 23:59:14.969]   📦 事件池: 2 个 | 本轮发现=0 | GC移除=0
[2026-05-30 23:59:14.970]   🎯 目标事件: btc-updown-5m-1780156800 | 状态=NO挂单中 | 距开始=51s | 距结束=351s
[2026-05-30 23:59:14.970]   ⏱  距离开始=51.4s | 状态=down_resting | 动作次数=3
[2026-05-30 23:59:14.970]   循环检查: ⏭️ 跳过 | 价格=- | 数量=- | 原因: action_count=3 >= max=3
[2026-05-30 23:59:14.970] 
[2026-05-30 23:59:14.970]   ✅ 【已下单】btc-updown-5m-1780156800
[2026-05-30 23:59:14.970]      📗 YES: 订单ID=DRY-0xf38927-YES | 成交价=$0.5100
[2026-05-30 23:59:14.970]      📙 NO: 订单ID=DRY-0xf38927-DOWN | 成交价=$N/A
[2026-05-30 23:59:14.970]      📍 当前状态: down_resting | 动作次数: 3
[2026-05-30 23:59:14.970]   📊 套利边缘: net=-0.4000 | 充足=True | edge=-0.4000 >= min=-0.5000; YES@0.510 cost=0.5100 + NO@0.400 cost=0.4000
[2026-05-30 23:59:14.970] 
[2026-05-30 23:59:14.970]   💤 等待 60s 后进行下次轮询...
[2026-05-31 00:00:14.972] 
[2026-05-31 00:00:14.973] ━━━━━━━━━━━━━━━━━━━━━━━━━━━━━━━━━━━━━━━━━━━━━━━━━━━━━━━━━━━━
[2026-05-31 00:00:14.973]   【 PreOpen 轮次 #9 】 2026-05-30 16:00:14 UTC
[2026-05-31 00:00:20.003] 
[2026-05-31 00:00:20.004]   🔍 【市场发现】共找到 6 个市场
[2026-05-31 00:00:20.004]      ├─ ❌ 过滤 [已开始] btc-updown-5m-1780156200 | 开始于 15:50:00 UTC | tts=-615s
[2026-05-31 00:00:20.004]      ├─ ❌ 过滤 [已开始] btc-updown-5m-1780156500 | 开始于 15:55:00 UTC | tts=-315s
[2026-05-31 00:00:20.004]      └─ ✅ 可交易 btc-updown-5m-1780157100 | 开始 16:05:00 UTC | 结束 16:10:00 UTC | tts=285s
[2026-05-31 00:00:20.004]      └─ ✅ 可交易 btc-updown-5m-1780157400 | 开始 16:10:00 UTC | 结束 16:15:00 UTC | tts=585s
[2026-05-31 00:00:20.004]      ├─ ❌ 过滤 [太远] btc-updown-5m-1780157700 | 开始于 16:15:00 UTC | tts=885s > 600s
[2026-05-31 00:00:20.004] 
[2026-05-31 00:00:20.004]   📊 【汇总】发现 6 个 | 可交易 1 个
[2026-05-31 00:00:20.004]      ├─ 已下单事件排除: 1
[2026-05-31 00:00:20.005]      └─ 时间窗口外: 3
[2026-05-31 00:00:20.005] 
[2026-05-31 00:00:20.005]   📅 【所有市场时间表】(当前: 16:00:14 UTC)
[2026-05-31 00:00:20.005]      🔴 已开始 15:50:00 - 15:55:00 UTC | btc-updown-5m-1780156200 | 开始已过 615s | 已结束
[2026-05-31 00:00:20.005]      🔴 已开始 15:55:00 - 16:00:00 UTC | btc-updown-5m-1780156500 | 开始已过 315s | 已结束
[2026-05-31 00:00:20.005]      🔴 已开始 🧾已下单 16:00:00 - 16:05:00 UTC | btc-updown-5m-1780156800 | 开始已过 15s | 285s后结束
[2026-05-31 00:00:20.005]      ✅ 可交易 16:05:00 - 16:10:00 UTC | btc-updown-5m-1780157100 | 开始285s后 | 585s后结束
[2026-05-31 00:00:20.005]      ✅ 可交易 16:10:00 - 16:15:00 UTC | btc-updown-5m-1780157400 | 开始585s后 | 885s后结束
[2026-05-31 00:00:20.005]      🔜 太远 16:15:00 - 16:20:00 UTC | btc-updown-5m-1780157700 | 开始885s后 | 1185s后结束
[2026-05-31 00:00:20.006]   ✨ 新发现事件: btc-updown-5m-1780157400 | 状态=已发现 | 距开始=585s | 距结束=885s
[2026-05-31 00:00:20.006]   📦 事件池: 3 个 | 本轮发现=1 | GC移除=0
[2026-05-31 00:00:20.006]   🎯 目标事件: btc-updown-5m-1780157100 | 状态=已发现 | 距开始=285s | 距结束=585s
[2026-05-31 00:00:20.006]   ⏱  距离开始=285.0s | 状态=discovered | 动作次数=0
[2026-05-31 00:00:20.006]   🔄 事件状态: DISCOVERED → READY | btc-updown-5m-1780157100
[2026-05-31 00:00:20.688]   📗 YES下单: ✅ 已下单 | 价格=$0.5100 | 数量=10.0份 | 订单ID=DRY-0x334507-YES
[2026-05-31 00:00:20.691]   ✅ [PAPER] Bought 10.0 YES shares @ $0.510
[2026-05-31 00:00:29.711]   📙 NO挂单: ✅ 已下单 | 价格=$0.4000 | 数量=10.0份 | 订单ID=DRY-0x334507-DOWN
[2026-05-31 00:00:29.712]   ✅ [PAPER] Bought 10.0 NO shares @ $0.400
[2026-05-31 00:00:38.544] 
[2026-05-31 00:00:38.545]   ✅ 【已下单】btc-updown-5m-1780157100
[2026-05-31 00:00:38.545]      📗 YES: 订单ID=DRY-0x334507-YES | 成交价=$0.5100
[2026-05-31 00:00:38.545]      📙 NO: 订单ID=DRY-0x334507-DOWN | 成交价=$N/A
[2026-05-31 00:00:38.545]      📍 当前状态: down_resting | 动作次数: 3
[2026-05-31 00:00:38.546]   📊 套利边缘: net=-0.4000 | 充足=True | edge=-0.4000 >= min=-0.5000; YES@0.510 cost=0.5100 + NO@0.400 cost=0.4000
[2026-05-31 00:01:17.440]   🧾 结算回填: 已追加 2 条 settled 记录到 trades.csv
[2026-05-31 00:01:17.441] 
[2026-05-31 00:01:17.441]   💤 等待 60s 后进行下次轮询...
[2026-05-31 00:02:17.443] 
[2026-05-31 00:02:17.445] ━━━━━━━━━━━━━━━━━━━━━━━━━━━━━━━━━━━━━━━━━━━━━━━━━━━━━━━━━━━━
[2026-05-31 00:02:17.445]   【 PreOpen 轮次 #10 】 2026-05-30 16:02:17 UTC
[2026-05-31 00:02:17.445]   🗑 Pre-GC removed: btc-updown-5m-1780156800 | reason=stale/untradeable
[2026-05-31 00:02:28.071]   ⚠️  Simmer SDK timed out after 1.5s; will use Polymarket API only
[2026-05-31 00:02:28.073]   ⚠️  Simmer fast-markets API timed out after 1.5s; using Polymarket deterministic/Gamma markets
[2026-05-31 00:02:28.073] 
[2026-05-31 00:02:28.073]   🔍 【市场发现】共找到 12 个市场
[2026-05-31 00:02:28.074]      ├─ ❌ 过滤 [已开始] btc-updown-5m-1780156200 | 开始于 15:50:00 UTC | tts=-737s
[2026-05-31 00:02:28.074]      ├─ ❌ 过滤 [已开始] btc-updown-5m-1780156500 | 开始于 15:55:00 UTC | tts=-437s
[2026-05-31 00:02:28.074]      └─ ✅ 可交易 btc-updown-5m-1780157400 | 开始 16:10:00 UTC | 结束 16:15:00 UTC | tts=463s
[2026-05-31 00:02:28.074]      ├─ ❌ 过滤 [太远] btc-updown-5m-1780157700 | 开始于 16:15:00 UTC | tts=763s > 600s
[2026-05-31 00:02:28.075]      ├─ ❌ 过滤 [太远] btc-updown-5m-1766162100 | 开始于 16:35:00 UTC | tts=17541163s > 600s
[2026-05-31 00:02:28.075]      ├─ ❌ 过滤 [太远] btc-updown-5m-1766162400 | 开始于 16:40:00 UTC | tts=17541463s > 600s
[2026-05-31 00:02:28.075]      ├─ ❌ 过滤 [太远] btc-updown-5m-1766162700 | 开始于 16:45:00 UTC | tts=17541763s > 600s
[2026-05-31 00:02:28.075]      ├─ ❌ 过滤 [太远] btc-updown-5m-1766163000 | 开始于 16:50:00 UTC | tts=17542063s > 600s
[2026-05-31 00:02:28.075]      ├─ ❌ 过滤 [太远] btc-updown-5m-1766163300 | 开始于 16:55:00 UTC | tts=17542363s > 600s
[2026-05-31 00:02:28.075]      ├─ ❌ 过滤 [太远] btc-updown-5m-1766163600 | 开始于 17:00:00 UTC | tts=17542663s > 600s
[2026-05-31 00:02:28.075]      ├─ ❌ 过滤 [太远] btc-updown-5m-1766163900 | 开始于 17:05:00 UTC | tts=17542963s > 600s
[2026-05-31 00:02:28.076] 
[2026-05-31 00:02:28.076]   📊 【汇总】发现 12 个 | 可交易 0 个
[2026-05-31 00:02:28.076]      ├─ 已下单事件排除: 1
[2026-05-31 00:02:28.076]      └─ 时间窗口外: 10
[2026-05-31 00:02:28.076] 
[2026-05-31 00:02:28.076]   📅 【所有市场时间表】(当前: 16:02:17 UTC)
[2026-05-31 00:02:28.076]      🔴 已开始 15:50:00 - 15:55:00 UTC | btc-updown-5m-1780156200 | 开始已过 737s | 已结束
[2026-05-31 00:02:28.076]      🔴 已开始 15:55:00 - 16:00:00 UTC | btc-updown-5m-1780156500 | 开始已过 437s | 已结束
[2026-05-31 00:02:28.076]      ✅ 可交易 🧾已下单 16:05:00 - 16:10:00 UTC | btc-updown-5m-1780157100 | 开始163s后 | 463s后结束
[2026-05-31 00:02:28.076]      ✅ 可交易 16:10:00 - 16:15:00 UTC | btc-updown-5m-1780157400 | 开始463s后 | 763s后结束
[2026-05-31 00:02:28.076]      🔜 太远 16:15:00 - 16:20:00 UTC | btc-updown-5m-1780157700 | 开始763s后 | 1063s后结束
[2026-05-31 00:02:28.076]      🔜 太远 16:35:00 - 16:40:00 UTC | btc-updown-5m-1766162100 | 开始17541163s后 | 17541463s后结束
[2026-05-31 00:02:28.076]      🔜 太远 16:40:00 - 16:45:00 UTC | btc-updown-5m-1766162400 | 开始17541463s后 | 17541763s后结束
[2026-05-31 00:02:28.076]      🔜 太远 16:45:00 - 16:50:00 UTC | btc-updown-5m-1766162700 | 开始17541763s后 | 17542063s后结束
[2026-05-31 00:02:28.076]      🔜 太远 16:50:00 - 16:55:00 UTC | btc-updown-5m-1766163000 | 开始17542063s后 | 17542363s后结束
[2026-05-31 00:02:28.077]      🔜 太远 16:55:00 - 17:00:00 UTC | btc-updown-5m-1766163300 | 开始17542363s后 | 17542663s后结束
[2026-05-31 00:02:28.077]      🔜 太远 17:00:00 - 17:05:00 UTC | btc-updown-5m-1766163600 | 开始17542663s后 | 17542963s后结束
[2026-05-31 00:02:28.077]      🔜 太远 17:05:00 - 17:10:00 UTC | btc-updown-5m-1766163900 | 开始17542963s后 | 17543263s后结束
[2026-05-31 00:02:28.077]   📦 事件池: 2 个 | 本轮发现=0 | GC移除=0
[2026-05-31 00:02:28.077]   🎯 目标事件: btc-updown-5m-1780157100 | 状态=NO挂单中 | 距开始=163s | 距结束=463s
[2026-05-31 00:02:28.077]   ⏱  距离开始=162.6s | 状态=down_resting | 动作次数=3
[2026-05-31 00:02:28.077]   循环检查: ⏭️ 跳过 | 价格=- | 数量=- | 原因: action_count=3 >= max=3
[2026-05-31 00:02:28.077] 
[2026-05-31 00:02:28.077]   ✅ 【已下单】btc-updown-5m-1780157100
[2026-05-31 00:02:28.077]      📗 YES: 订单ID=DRY-0x334507-YES | 成交价=$0.5100
[2026-05-31 00:02:28.077]      📙 NO: 订单ID=DRY-0x334507-DOWN | 成交价=$N/A
[2026-05-31 00:02:28.077]      📍 当前状态: down_resting | 动作次数: 3
[2026-05-31 00:02:28.077]   📊 套利边缘: net=-0.4000 | 充足=True | edge=-0.4000 >= min=-0.5000; YES@0.510 cost=0.5100 + NO@0.400 cost=0.4000
[2026-05-31 00:02:28.077] 
[2026-05-31 00:02:28.077]   💤 等待 60s 后进行下次轮询...
[2026-05-31 00:03:28.082] 
[2026-05-31 00:03:28.085] ━━━━━━━━━━━━━━━━━━━━━━━━━━━━━━━━━━━━━━━━━━━━━━━━━━━━━━━━━━━━
[2026-05-31 00:03:28.085]   【 PreOpen 轮次 #11 】 2026-05-30 16:03:28 UTC
[2026-05-31 00:03:33.461] 
[2026-05-31 00:03:33.462]   🔍 【市场发现】共找到 4 个市场
[2026-05-31 00:03:33.462]      ├─ ❌ 过滤 [已开始] btc-updown-5m-1780156800 | 开始于 16:00:00 UTC | tts=-208s
[2026-05-31 00:03:33.462]      └─ ✅ 可交易 btc-updown-5m-1780157400 | 开始 16:10:00 UTC | 结束 16:15:00 UTC | tts=392s
[2026-05-31 00:03:33.463]      ├─ ❌ 过滤 [太远] btc-updown-5m-1780157700 | 开始于 16:15:00 UTC | tts=692s > 600s
[2026-05-31 00:03:33.463] 
[2026-05-31 00:03:33.463]   📊 【汇总】发现 4 个 | 可交易 0 个
[2026-05-31 00:03:33.463]      ├─ 已下单事件排除: 1
[2026-05-31 00:03:33.464]      └─ 时间窗口外: 2
[2026-05-31 00:03:33.464] 
[2026-05-31 00:03:33.464]   📅 【所有市场时间表】(当前: 16:03:28 UTC)
[2026-05-31 00:03:33.464]      🔴 已开始 16:00:00 - 16:05:00 UTC | btc-updown-5m-1780156800 | 开始已过 208s | 92s后结束
[2026-05-31 00:03:33.464]      ✅ 可交易 🧾已下单 16:05:00 - 16:10:00 UTC | btc-updown-5m-1780157100 | 开始92s后 | 392s后结束
[2026-05-31 00:03:33.464]      ✅ 可交易 16:10:00 - 16:15:00 UTC | btc-updown-5m-1780157400 | 开始392s后 | 692s后结束
[2026-05-31 00:03:33.464]      🔜 太远 16:15:00 - 16:20:00 UTC | btc-updown-5m-1780157700 | 开始692s后 | 992s后结束
[2026-05-31 00:03:33.464]   📦 事件池: 2 个 | 本轮发现=0 | GC移除=0
[2026-05-31 00:03:33.464]   🎯 目标事件: btc-updown-5m-1780157100 | 状态=NO挂单中 | 距开始=92s | 距结束=392s
[2026-05-31 00:03:33.464]   ⏱  距离开始=91.9s | 状态=down_resting | 动作次数=3
[2026-05-31 00:03:33.465]   循环检查: ⏭️ 跳过 | 价格=- | 数量=- | 原因: action_count=3 >= max=3
[2026-05-31 00:03:33.465] 
[2026-05-31 00:03:33.465]   ✅ 【已下单】btc-updown-5m-1780157100
[2026-05-31 00:03:33.465]      📗 YES: 订单ID=DRY-0x334507-YES | 成交价=$0.5100
[2026-05-31 00:03:33.465]      📙 NO: 订单ID=DRY-0x334507-DOWN | 成交价=$N/A
[2026-05-31 00:03:33.465]      📍 当前状态: down_resting | 动作次数: 3
[2026-05-31 00:03:33.465]   📊 套利边缘: net=-0.4000 | 充足=True | edge=-0.4000 >= min=-0.5000; YES@0.510 cost=0.5100 + NO@0.400 cost=0.4000
[2026-05-31 00:03:59.980]   🧾 结算回填: 已追加 2 条 settled 记录到 trades.csv
[2026-05-31 00:03:59.981] 
[2026-05-31 00:03:59.981]   💤 等待 60s 后进行下次轮询...
[2026-05-31 00:04:59.986] 
[2026-05-31 00:04:59.988] ━━━━━━━━━━━━━━━━━━━━━━━━━━━━━━━━━━━━━━━━━━━━━━━━━━━━━━━━━━━━
[2026-05-31 00:04:59.989]   【 PreOpen 轮次 #12 】 2026-05-30 16:04:59 UTC
[2026-05-31 00:05:06.411] 
[2026-05-31 00:05:06.412]   🔍 【市场发现】共找到 5 个市场
[2026-05-31 00:05:06.412]      ├─ ❌ 过滤 [已开始] btc-updown-5m-1780156800 | 开始于 16:00:00 UTC | tts=-300s
[2026-05-31 00:05:06.412]      └─ ✅ 可交易 btc-updown-5m-1780157400 | 开始 16:10:00 UTC | 结束 16:15:00 UTC | tts=300s
[2026-05-31 00:05:06.413]      ├─ ❌ 过滤 [太远] btc-updown-5m-1780157700 | 开始于 16:15:00 UTC | tts=600s > 600s
[2026-05-31 00:05:06.413]      ├─ ❌ 过滤 [太远] btc-updown-5m-1780158000 | 开始于 16:20:00 UTC | tts=900s > 600s
[2026-05-31 00:05:06.413] 
[2026-05-31 00:05:06.413]   📊 【汇总】发现 5 个 | 可交易 0 个
[2026-05-31 00:05:06.413]      ├─ 已下单事件排除: 1
[2026-05-31 00:05:06.413]      └─ 时间窗口外: 3
[2026-05-31 00:05:06.414] 
[2026-05-31 00:05:06.414]   📅 【所有市场时间表】(当前: 16:04:59 UTC)
[2026-05-31 00:05:06.414]      🔴 已开始 16:00:00 - 16:05:00 UTC | btc-updown-5m-1780156800 | 开始已过 300s | 0s后结束
[2026-05-31 00:05:06.414]      ✅ 可交易 🧾已下单 16:05:00 - 16:10:00 UTC | btc-updown-5m-1780157100 | 开始0s后 | 300s后结束
[2026-05-31 00:05:06.414]      ✅ 可交易 16:10:00 - 16:15:00 UTC | btc-updown-5m-1780157400 | 开始300s后 | 600s后结束
[2026-05-31 00:05:06.414]      🔜 太远 16:15:00 - 16:20:00 UTC | btc-updown-5m-1780157700 | 开始600s后 | 900s后结束
[2026-05-31 00:05:06.415]      🔜 太远 16:20:00 - 16:25:00 UTC | btc-updown-5m-1780158000 | 开始900s后 | 1200s后结束
[2026-05-31 00:05:06.415]   📦 事件池: 2 个 | 本轮发现=0 | GC移除=0
[2026-05-31 00:05:06.415]   🎯 目标事件: btc-updown-5m-1780157100 | 状态=NO挂单中 | 距开始=0s | 距结束=300s
[2026-05-31 00:05:06.415]   ⏱  距离开始=0.0s | 状态=down_resting | 动作次数=3
[2026-05-31 00:05:06.416]   循环检查: ⏭️ 跳过 | 价格=- | 数量=- | 原因: action_count=3 >= max=3
[2026-05-31 00:05:06.416] 
[2026-05-31 00:05:06.416]   ✅ 【已下单】btc-updown-5m-1780157100
[2026-05-31 00:05:06.416]      📗 YES: 订单ID=DRY-0x334507-YES | 成交价=$0.5100
[2026-05-31 00:05:06.416]      📙 NO: 订单ID=DRY-0x334507-DOWN | 成交价=$N/A
[2026-05-31 00:05:06.416]      📍 当前状态: down_resting | 动作次数: 3
[2026-05-31 00:05:06.416]   📊 套利边缘: net=-0.4000 | 充足=True | edge=-0.4000 >= min=-0.5000; YES@0.510 cost=0.5100 + NO@0.400 cost=0.4000
[2026-05-31 00:05:06.416] 
[2026-05-31 00:05:06.416]   💤 等待 60s 后进行下次轮询...
[2026-05-31 00:06:06.423] 
[2026-05-31 00:06:06.426] ━━━━━━━━━━━━━━━━━━━━━━━━━━━━━━━━━━━━━━━━━━━━━━━━━━━━━━━━━━━━
[2026-05-31 00:06:06.426]   【 PreOpen 轮次 #13 】 2026-05-30 16:06:06 UTC
[2026-05-31 00:06:06.427]   🗑 Pre-GC removed: btc-updown-5m-1780157100 | reason=stale/untradeable
[2026-05-31 00:06:11.247] 
[2026-05-31 00:06:11.248]   🔍 【市场发现】共找到 5 个市场
[2026-05-31 00:06:11.248]      ├─ ❌ 过滤 [已开始] btc-updown-5m-1780156800 | 开始于 16:00:00 UTC | tts=-366s
[2026-05-31 00:06:11.248]      ├─ ❌ 过滤 [已开始] btc-updown-5m-1780157100 | 开始于 16:05:00 UTC | tts=-66s
[2026-05-31 00:06:11.248]      └─ ✅ 可交易 btc-updown-5m-1780157400 | 开始 16:10:00 UTC | 结束 16:15:00 UTC | tts=234s
[2026-05-31 00:06:11.249]      └─ ✅ 可交易 btc-updown-5m-1780157700 | 开始 16:15:00 UTC | 结束 16:20:00 UTC | tts=534s
[2026-05-31 00:06:11.249]      ├─ ❌ 过滤 [太远] btc-updown-5m-1780158000 | 开始于 16:20:00 UTC | tts=834s > 600s
[2026-05-31 00:06:11.249] 
[2026-05-31 00:06:11.249]   📊 【汇总】发现 5 个 | 可交易 1 个
[2026-05-31 00:06:11.249]      └─ 时间窗口外: 3
[2026-05-31 00:06:11.249] 
[2026-05-31 00:06:11.249]   📅 【所有市场时间表】(当前: 16:06:06 UTC)
[2026-05-31 00:06:11.249]      🔴 已开始 16:00:00 - 16:05:00 UTC | btc-updown-5m-1780156800 | 开始已过 366s | 已结束
[2026-05-31 00:06:11.249]      🔴 已开始 16:05:00 - 16:10:00 UTC | btc-updown-5m-1780157100 | 开始已过 66s | 234s后结束
[2026-05-31 00:06:11.249]      ✅ 可交易 16:10:00 - 16:15:00 UTC | btc-updown-5m-1780157400 | 开始234s后 | 534s后结束
[2026-05-31 00:06:11.250]      ✅ 可交易 16:15:00 - 16:20:00 UTC | btc-updown-5m-1780157700 | 开始534s后 | 834s后结束
[2026-05-31 00:06:11.250]      🔜 太远 16:20:00 - 16:25:00 UTC | btc-updown-5m-1780158000 | 开始834s后 | 1134s后结束
[2026-05-31 00:06:11.250]   ✨ 新发现事件: btc-updown-5m-1780157700 | 状态=已发现 | 距开始=534s | 距结束=834s
[2026-05-31 00:06:11.250]   📦 事件池: 2 个 | 本轮发现=1 | GC移除=0
[2026-05-31 00:06:11.250]   🎯 目标事件: btc-updown-5m-1780157400 | 状态=已发现 | 距开始=234s | 距结束=534s
[2026-05-31 00:06:11.250]   ⏱  距离开始=233.6s | 状态=discovered | 动作次数=0
[2026-05-31 00:06:11.250]   🔄 事件状态: DISCOVERED → READY | btc-updown-5m-1780157400
[2026-05-31 00:06:13.148]   📗 YES下单: ✅ 已下单 | 价格=$0.5100 | 数量=10.0份 | 订单ID=DRY-0xb7c7d7-YES
[2026-05-31 00:06:13.153]   ✅ [PAPER] Bought 10.0 YES shares @ $0.510
[2026-05-31 00:06:18.788] 
[2026-05-31 00:06:18.789] 【PreOpen Loop】Stopped by user.
