[2026-05-31 00:43:26.456] 📁 日志目录: /Users/yuliang/project/poly-refactor/poly-simmer-fast-loop/main/runs/2026-05-31-00-43-26_live
[2026-05-31 00:43:26.457] 📄 日志文件: /Users/yuliang/project/poly-refactor/poly-simmer-fast-loop/main/runs/2026-05-31-00-43-26_live/output.log
[2026-05-31 00:43:26.457] ============================================================
[2026-05-31 00:43:26.457] 
[2026-05-31 00:43:26.457] ════════════════════════════════════════════════════════════
[2026-05-31 00:43:26.457]   【 PreOpen Loop 预开盘循环 】
[2026-05-31 00:43:26.457] ════════════════════════════════════════════════════════════
[2026-05-31 00:43:26.457]   模式: 实盘交易
[2026-05-31 00:43:26.457]   品种: BTC | 窗口: 5m
[2026-05-31 00:43:26.457]   ── 轮询参数 ──
[2026-05-31 00:43:26.457]   • 轮询间隔: 60s
[2026-05-31 00:43:26.457]   • 预开盘提前时间 (lead_time): 600s
[2026-05-31 00:43:26.457]   • 垃圾回收宽限期 (gc_grace): 60s
[2026-05-31 00:43:26.457]   ── YES 主单参数 ──
[2026-05-31 00:43:26.457]   • 买入数量: 5.0 份
[2026-05-31 00:43:26.457]   • 最高价格: $0.92
[2026-05-31 00:43:26.457]   ── NO 对冲参数 ──
[2026-05-31 00:43:26.457]   • 静态对冲价格: $0.4
[2026-05-31 00:43:26.457]   • 切换 TTL 阈值: 40s
[2026-05-31 00:43:26.457]   • 最大 FAK 价格: $0.42
[2026-05-31 00:43:26.457]   • 最小套利边缘: -0.5
[2026-05-31 00:43:26.457]   • live 事件上限: 3
[2026-05-31 00:43:26.457] ────────────────────────────────────────────────────────────
[2026-05-31 00:43:26.457] 
[2026-05-31 00:43:26.457] ━━━━━━━━━━━━━━━━━━━━━━━━━━━━━━━━━━━━━━━━━━━━━━━━━━━━━━━━━━━━
[2026-05-31 00:43:26.457]   【 PreOpen 轮次 #1 】 2026-05-30 16:43:26 UTC
[2026-05-31 00:43:31.118] 
[2026-05-31 00:43:31.118]   🔍 【市场发现】共找到 6 个市场
[2026-05-31 00:43:31.118]      ├─ ❌ 过滤 [已开始] btc-updown-5m-1780158600 | 开始于 16:30:00 UTC | tts=-806s
[2026-05-31 00:43:31.118]      ├─ ❌ 过滤 [已开始] btc-updown-5m-1780158900 | 开始于 16:35:00 UTC | tts=-506s
[2026-05-31 00:43:31.118]      ├─ ❌ 过滤 [已开始] btc-updown-5m-1780159200 | 开始于 16:40:00 UTC | tts=-206s
[2026-05-31 00:43:31.119]      └─ ✅ 可交易 btc-updown-5m-1780159500 | 开始 16:45:00 UTC | 结束 16:50:00 UTC | tts=94s
[2026-05-31 00:43:31.119]      └─ ✅ 可交易 btc-updown-5m-1780159800 | 开始 16:50:00 UTC | 结束 16:55:00 UTC | tts=394s
[2026-05-31 00:43:31.119]      ├─ ❌ 过滤 [太远] btc-updown-5m-1780160100 | 开始于 16:55:00 UTC | tts=694s > 600s
[2026-05-31 00:43:31.119] 
[2026-05-31 00:43:31.119]   📊 【汇总】发现 6 个 | 可交易 2 个
[2026-05-31 00:43:31.119]      └─ 时间窗口外: 4
[2026-05-31 00:43:31.119] 
[2026-05-31 00:43:31.119]   📅 【所有市场时间表】(当前: 16:43:26 UTC)
[2026-05-31 00:43:31.119]      🔴 已开始 16:30:00 - 16:35:00 UTC | btc-updown-5m-1780158600 | 开始已过 806s | 已结束
[2026-05-31 00:43:31.120]      🔴 已开始 16:35:00 - 16:40:00 UTC | btc-updown-5m-1780158900 | 开始已过 506s | 已结束
[2026-05-31 00:43:31.120]      🔴 已开始 16:40:00 - 16:45:00 UTC | btc-updown-5m-1780159200 | 开始已过 206s | 94s后结束
[2026-05-31 00:43:31.120]      ✅ 可交易 16:45:00 - 16:50:00 UTC | btc-updown-5m-1780159500 | 开始94s后 | 394s后结束
[2026-05-31 00:43:31.120]      ✅ 可交易 16:50:00 - 16:55:00 UTC | btc-updown-5m-1780159800 | 开始394s后 | 694s后结束
[2026-05-31 00:43:31.120]      🔜 太远 16:55:00 - 17:00:00 UTC | btc-updown-5m-1780160100 | 开始694s后 | 994s后结束
[2026-05-31 00:43:31.120]   ✨ 新发现事件: btc-updown-5m-1780159500 | 状态=已发现 | 距开始=94s | 距结束=394s
[2026-05-31 00:43:31.120]   ✨ 新发现事件: btc-updown-5m-1780159800 | 状态=已发现 | 距开始=394s | 距结束=694s
[2026-05-31 00:43:31.120]   🎯 目标事件: btc-updown-5m-1780159500 | 状态=已发现 | 距开始=94s | 距结束=394s
[2026-05-31 00:43:31.120]   ⏱  距离开始=93.5s | 状态=discovered | 动作次数=0
[2026-05-31 00:43:31.120]   🔄 事件状态: DISCOVERED → READY | btc-updown-5m-1780159500
[2026-05-31 00:43:32.425] [py_clob_client_v2] request error status=400 url=https://clob.polymarket.com/auth/api-key body={"error":"Could not create api key"}
[2026-05-31 00:43:32.425] 
[2026-05-31 00:43:34.642]   📗 YES下单: ✅ 已下单 | 价格=$0.5100 | 数量=5.0份 | 订单ID=0x9f5eed6f1a6ee8881929131b160cd1e3b227b33a51c09a96162e2f3fa89ff08c
[2026-05-31 00:43:34.643]   ✅ Bought 5.0 YES shares @ $0.510
[2026-05-31 00:43:45.469]   📙 NO挂单: ✅ 已下单 | 价格=$0.4000 | 数量=5.0份 | 订单ID=0xa8d0bc793ec8508b3a98a07c574a7d75ba43534c495201fc3a2066d3dd6ba61a
[2026-05-31 00:43:45.470]   ✅ Bought 5.0 NO shares @ $0.400
[2026-05-31 00:43:51.521]   🎯 live 事件进度: 1/3
[2026-05-31 00:43:51.521] 
[2026-05-31 00:43:51.521]   ✅ 【已下单】btc-updown-5m-1780159500
[2026-05-31 00:43:51.521]      📗 YES: 订单ID=0x9f5eed6f1a6ee8881929131b160cd1e3b227b33a51c09a96162e2f3fa89ff08c | 成交价=$0.5100
[2026-05-31 00:43:51.521]      📙 NO: 订单ID=0xa8d0bc793ec8508b3a98a07c574a7d75ba43534c495201fc3a2066d3dd6ba61a | 成交价=$0.4000
[2026-05-31 00:43:51.521]      📍 当前状态: down_resting | 动作次数: 3
[2026-05-31 00:43:51.521]   📊 套利边缘: net=-0.4000 | 充足=True | edge=-0.4000 >= min=-0.5000; YES@0.510 cost=0.5100 + NO@0.400 cost=0.4000
[2026-05-31 00:43:51.521] 
[2026-05-31 00:43:51.521]   💤 等待 60s 后进行下次轮询...
[2026-05-31 00:44:51.528] 
[2026-05-31 00:44:51.530] ━━━━━━━━━━━━━━━━━━━━━━━━━━━━━━━━━━━━━━━━━━━━━━━━━━━━━━━━━━━━
[2026-05-31 00:44:51.531]   【 PreOpen 轮次 #2 】 2026-05-30 16:44:51 UTC
[2026-05-31 00:44:56.870] 
[2026-05-31 00:44:56.870]   🔍 【市场发现】共找到 4 个市场
[2026-05-31 00:44:56.870]      ├─ ❌ 过滤 [已开始] btc-updown-5m-1780159200 | 开始于 16:40:00 UTC | tts=-292s
[2026-05-31 00:44:56.870]      └─ ✅ 可交易 btc-updown-5m-1780159800 | 开始 16:50:00 UTC | 结束 16:55:00 UTC | tts=308s
[2026-05-31 00:44:56.871]      ├─ ❌ 过滤 [太远] btc-updown-5m-1780160100 | 开始于 16:55:00 UTC | tts=608s > 600s
[2026-05-31 00:44:56.871] 
[2026-05-31 00:44:56.871]   📊 【汇总】发现 4 个 | 可交易 0 个
[2026-05-31 00:44:56.871]      ├─ 已下单事件排除: 1
[2026-05-31 00:44:56.871]      └─ 时间窗口外: 2
[2026-05-31 00:44:56.871] 
[2026-05-31 00:44:56.871]   📅 【所有市场时间表】(当前: 16:44:51 UTC)
[2026-05-31 00:44:56.871]      🔴 已开始 16:40:00 - 16:45:00 UTC | btc-updown-5m-1780159200 | 开始已过 292s | 8s后结束
[2026-05-31 00:44:56.872]      ✅ 可交易 🧾已下单 16:45:00 - 16:50:00 UTC | btc-updown-5m-1780159500 | 开始8s后 | 308s后结束
[2026-05-31 00:44:56.872]      ✅ 可交易 16:50:00 - 16:55:00 UTC | btc-updown-5m-1780159800 | 开始308s后 | 608s后结束
[2026-05-31 00:44:56.872]      🔜 太远 16:55:00 - 17:00:00 UTC | btc-updown-5m-1780160100 | 开始608s后 | 908s后结束
[2026-05-31 00:44:56.872]   🎯 目标事件: btc-updown-5m-1780159500 | 状态=NO挂单中 | 距开始=8s | 距结束=308s
[2026-05-31 00:44:56.872]   ⏱  距离开始=8.5s | 状态=down_resting | 动作次数=3
[2026-05-31 00:44:56.872]   循环检查: ⏭️ 跳过 | 价格=- | 数量=- | 原因: action_count=3 >= max=3
[2026-05-31 00:44:56.873] 
[2026-05-31 00:44:56.873]   ✅ 【已下单】btc-updown-5m-1780159500
[2026-05-31 00:44:56.873]      📗 YES: 订单ID=0x9f5eed6f1a6ee8881929131b160cd1e3b227b33a51c09a96162e2f3fa89ff08c | 成交价=$0.5100
[2026-05-31 00:44:56.873]      📙 NO: 订单ID=0xa8d0bc793ec8508b3a98a07c574a7d75ba43534c495201fc3a2066d3dd6ba61a | 成交价=$0.4000
[2026-05-31 00:44:56.873]      📍 当前状态: down_resting | 动作次数: 3
[2026-05-31 00:44:56.873]   📊 套利边缘: net=-0.4000 | 充足=True | edge=-0.4000 >= min=-0.5000; YES@0.510 cost=0.5100 + NO@0.400 cost=0.4000
[2026-05-31 00:44:56.873] 
[2026-05-31 00:44:56.873]   💤 等待 60s 后进行下次轮询...
[2026-05-31 00:45:56.879] 
[2026-05-31 00:45:56.881] ━━━━━━━━━━━━━━━━━━━━━━━━━━━━━━━━━━━━━━━━━━━━━━━━━━━━━━━━━━━━
[2026-05-31 00:45:56.881]   【 PreOpen 轮次 #3 】 2026-05-30 16:45:56 UTC
[2026-05-31 00:46:01.534] 
[2026-05-31 00:46:01.534]   🔍 【市场发现】共找到 5 个市场
[2026-05-31 00:46:01.535]      ├─ ❌ 过滤 [已开始] btc-updown-5m-1780159200 | 开始于 16:40:00 UTC | tts=-357s
[2026-05-31 00:46:01.535]      └─ ✅ 可交易 btc-updown-5m-1780159800 | 开始 16:50:00 UTC | 结束 16:55:00 UTC | tts=243s
[2026-05-31 00:46:01.535]      └─ ✅ 可交易 btc-updown-5m-1780160100 | 开始 16:55:00 UTC | 结束 17:00:00 UTC | tts=543s
[2026-05-31 00:46:01.535]      ├─ ❌ 过滤 [太远] btc-updown-5m-1780160400 | 开始于 17:00:00 UTC | tts=843s > 600s
[2026-05-31 00:46:01.535] 
[2026-05-31 00:46:01.535]   📊 【汇总】发现 5 个 | 可交易 1 个
[2026-05-31 00:46:01.535]      ├─ 已下单事件排除: 1
[2026-05-31 00:46:01.535]      └─ 时间窗口外: 2
[2026-05-31 00:46:01.536] 
[2026-05-31 00:46:01.536]   📅 【所有市场时间表】(当前: 16:45:56 UTC)
[2026-05-31 00:46:01.536]      🔴 已开始 16:40:00 - 16:45:00 UTC | btc-updown-5m-1780159200 | 开始已过 357s | 已结束
[2026-05-31 00:46:01.536]      🔴 已开始 🧾已下单 16:45:00 - 16:50:00 UTC | btc-updown-5m-1780159500 | 开始已过 57s | 243s后结束
[2026-05-31 00:46:01.536]      ✅ 可交易 16:50:00 - 16:55:00 UTC | btc-updown-5m-1780159800 | 开始243s后 | 543s后结束
[2026-05-31 00:46:01.536]      ✅ 可交易 16:55:00 - 17:00:00 UTC | btc-updown-5m-1780160100 | 开始543s后 | 843s后结束
[2026-05-31 00:46:01.536]      🔜 太远 17:00:00 - 17:05:00 UTC | btc-updown-5m-1780160400 | 开始843s后 | 1143s后结束
[2026-05-31 00:46:01.536]   ✨ 新发现事件: btc-updown-5m-1780160100 | 状态=已发现 | 距开始=543s | 距结束=843s
[2026-05-31 00:46:01.536]   🎯 目标事件: btc-updown-5m-1780159800 | 状态=已发现 | 距开始=243s | 距结束=543s
[2026-05-31 00:46:01.537]   ⏱  距离开始=243.1s | 状态=discovered | 动作次数=0
[2026-05-31 00:46:01.537]   🔄 事件状态: DISCOVERED → READY | btc-updown-5m-1780159800
[2026-05-31 00:46:04.078]   📗 YES下单: ✅ 已下单 | 价格=$0.5100 | 数量=5.0份 | 订单ID=0xdf37b5df7d5587ddde624fed1e3d3f42eddd10ba69159ca8dca9a8cd2afe6841
[2026-05-31 00:46:04.078]   ✅ Bought 5.0 YES shares @ $0.510
[2026-05-31 00:46:10.043]   📙 NO挂单: ✅ 已下单 | 价格=$0.4000 | 数量=5.0份 | 订单ID=0x2591e8ed3fb2fa6f48ea4db3fd9129e4a99a96b6c001ef76ddc31898570602f5
[2026-05-31 00:46:10.047]   ✅ Bought 5.0 NO shares @ $0.400
[2026-05-31 00:46:16.337]   🎯 live 事件进度: 2/3
[2026-05-31 00:46:16.338] 
[2026-05-31 00:46:16.338]   ✅ 【已下单】btc-updown-5m-1780159800
[2026-05-31 00:46:16.338]      📗 YES: 订单ID=0xdf37b5df7d5587ddde624fed1e3d3f42eddd10ba69159ca8dca9a8cd2afe6841 | 成交价=$0.5100
[2026-05-31 00:46:16.338]      📙 NO: 订单ID=0x2591e8ed3fb2fa6f48ea4db3fd9129e4a99a96b6c001ef76ddc31898570602f5 | 成交价=$0.4000
[2026-05-31 00:46:16.338]      📍 当前状态: down_resting | 动作次数: 3
[2026-05-31 00:46:16.338]   📊 套利边缘: net=-0.4000 | 充足=True | edge=-0.4000 >= min=-0.5000; YES@0.510 cost=0.5100 + NO@0.400 cost=0.4000
[2026-05-31 00:46:34.001] 
[2026-05-31 00:46:34.002]   💤 等待 60s 后进行下次轮询...
[2026-05-31 00:47:34.006] 
[2026-05-31 00:47:34.009] ━━━━━━━━━━━━━━━━━━━━━━━━━━━━━━━━━━━━━━━━━━━━━━━━━━━━━━━━━━━━
[2026-05-31 00:47:34.009]   【 PreOpen 轮次 #4 】 2026-05-30 16:47:34 UTC
[2026-05-31 00:47:34.010]   🗑 Pre-GC removed: btc-updown-5m-1780159500 | reason=stale/untradeable
[2026-05-31 00:47:38.630] 
[2026-05-31 00:47:38.630]   🔍 【市场发现】共找到 5 个市场
[2026-05-31 00:47:38.631]      ├─ ❌ 过滤 [已开始] btc-updown-5m-1780159200 | 开始于 16:40:00 UTC | tts=-454s
[2026-05-31 00:47:38.631]      ├─ ❌ 过滤 [已开始] btc-updown-5m-1780159500 | 开始于 16:45:00 UTC | tts=-154s
[2026-05-31 00:47:38.631]      └─ ✅ 可交易 btc-updown-5m-1780160100 | 开始 16:55:00 UTC | 结束 17:00:00 UTC | tts=446s
[2026-05-31 00:47:38.631]      ├─ ❌ 过滤 [太远] btc-updown-5m-1780160400 | 开始于 17:00:00 UTC | tts=746s > 600s
[2026-05-31 00:47:38.631] 
[2026-05-31 00:47:38.631]   📊 【汇总】发现 5 个 | 可交易 0 个
[2026-05-31 00:47:38.632]      ├─ 已下单事件排除: 1
[2026-05-31 00:47:38.632]      └─ 时间窗口外: 3
[2026-05-31 00:47:38.632] 
[2026-05-31 00:47:38.632]   📅 【所有市场时间表】(当前: 16:47:34 UTC)
[2026-05-31 00:47:38.632]      🔴 已开始 16:40:00 - 16:45:00 UTC | btc-updown-5m-1780159200 | 开始已过 454s | 已结束
[2026-05-31 00:47:38.632]      🔴 已开始 16:45:00 - 16:50:00 UTC | btc-updown-5m-1780159500 | 开始已过 154s | 146s后结束
[2026-05-31 00:47:38.632]      ✅ 可交易 🧾已下单 16:50:00 - 16:55:00 UTC | btc-updown-5m-1780159800 | 开始146s后 | 446s后结束
[2026-05-31 00:47:38.632]      ✅ 可交易 16:55:00 - 17:00:00 UTC | btc-updown-5m-1780160100 | 开始446s后 | 746s后结束
[2026-05-31 00:47:38.632]      🔜 太远 17:00:00 - 17:05:00 UTC | btc-updown-5m-1780160400 | 开始746s后 | 1046s后结束
[2026-05-31 00:47:38.632]   🎯 目标事件: btc-updown-5m-1780159800 | 状态=NO挂单中 | 距开始=146s | 距结束=446s
[2026-05-31 00:47:38.633]   ⏱  距离开始=146.0s | 状态=down_resting | 动作次数=3
[2026-05-31 00:47:38.633]   循环检查: ⏭️ 跳过 | 价格=- | 数量=- | 原因: action_count=3 >= max=3
[2026-05-31 00:47:38.633] 
[2026-05-31 00:47:38.633]   ✅ 【已下单】btc-updown-5m-1780159800
[2026-05-31 00:47:38.633]      📗 YES: 订单ID=0xdf37b5df7d5587ddde624fed1e3d3f42eddd10ba69159ca8dca9a8cd2afe6841 | 成交价=$0.5100
[2026-05-31 00:47:38.633]      📙 NO: 订单ID=0x2591e8ed3fb2fa6f48ea4db3fd9129e4a99a96b6c001ef76ddc31898570602f5 | 成交价=$0.4000
[2026-05-31 00:47:38.633]      📍 当前状态: down_resting | 动作次数: 3
[2026-05-31 00:47:38.633]   📊 套利边缘: net=-0.4000 | 充足=True | edge=-0.4000 >= min=-0.5000; YES@0.510 cost=0.5100 + NO@0.400 cost=0.4000
[2026-05-31 00:47:38.633] 
[2026-05-31 00:47:38.633]   💤 等待 60s 后进行下次轮询...
[2026-05-31 00:48:38.639] 
[2026-05-31 00:48:38.641] ━━━━━━━━━━━━━━━━━━━━━━━━━━━━━━━━━━━━━━━━━━━━━━━━━━━━━━━━━━━━
[2026-05-31 00:48:38.642]   【 PreOpen 轮次 #5 】 2026-05-30 16:48:38 UTC
[2026-05-31 00:48:43.330] 
[2026-05-31 00:48:43.331]   🔍 【市场发现】共找到 4 个市场
[2026-05-31 00:48:43.331]      ├─ ❌ 过滤 [已开始] btc-updown-5m-1780159500 | 开始于 16:45:00 UTC | tts=-219s
[2026-05-31 00:48:43.331]      └─ ✅ 可交易 btc-updown-5m-1780160100 | 开始 16:55:00 UTC | 结束 17:00:00 UTC | tts=381s
[2026-05-31 00:48:43.331]      ├─ ❌ 过滤 [太远] btc-updown-5m-1780160400 | 开始于 17:00:00 UTC | tts=681s > 600s
[2026-05-31 00:48:43.331] 
[2026-05-31 00:48:43.331]   📊 【汇总】发现 4 个 | 可交易 0 个
[2026-05-31 00:48:43.331]      ├─ 已下单事件排除: 1
[2026-05-31 00:48:43.331]      └─ 时间窗口外: 2
[2026-05-31 00:48:43.331] 
[2026-05-31 00:48:43.331]   📅 【所有市场时间表】(当前: 16:48:38 UTC)
[2026-05-31 00:48:43.331]      🔴 已开始 16:45:00 - 16:50:00 UTC | btc-updown-5m-1780159500 | 开始已过 219s | 81s后结束
[2026-05-31 00:48:43.331]      ✅ 可交易 🧾已下单 16:50:00 - 16:55:00 UTC | btc-updown-5m-1780159800 | 开始81s后 | 381s后结束
[2026-05-31 00:48:43.331]      ✅ 可交易 16:55:00 - 17:00:00 UTC | btc-updown-5m-1780160100 | 开始381s后 | 681s后结束
[2026-05-31 00:48:43.332]      🔜 太远 17:00:00 - 17:05:00 UTC | btc-updown-5m-1780160400 | 开始681s后 | 981s后结束
[2026-05-31 00:48:43.332]   🎯 目标事件: btc-updown-5m-1780159800 | 状态=NO挂单中 | 距开始=81s | 距结束=381s
[2026-05-31 00:48:43.332]   ⏱  距离开始=81.4s | 状态=down_resting | 动作次数=3
[2026-05-31 00:48:43.332]   循环检查: ⏭️ 跳过 | 价格=- | 数量=- | 原因: action_count=3 >= max=3
[2026-05-31 00:48:43.332] 
[2026-05-31 00:48:43.332]   ✅ 【已下单】btc-updown-5m-1780159800
[2026-05-31 00:48:43.332]      📗 YES: 订单ID=0xdf37b5df7d5587ddde624fed1e3d3f42eddd10ba69159ca8dca9a8cd2afe6841 | 成交价=$0.5100
[2026-05-31 00:48:43.332]      📙 NO: 订单ID=0x2591e8ed3fb2fa6f48ea4db3fd9129e4a99a96b6c001ef76ddc31898570602f5 | 成交价=$0.4000
[2026-05-31 00:48:43.332]      📍 当前状态: down_resting | 动作次数: 3
[2026-05-31 00:48:43.333]   📊 套利边缘: net=-0.4000 | 充足=True | edge=-0.4000 >= min=-0.5000; YES@0.510 cost=0.5100 + NO@0.400 cost=0.4000
[2026-05-31 00:49:01.668] 
[2026-05-31 00:49:01.669]   💤 等待 60s 后进行下次轮询...
[2026-05-31 00:50:01.673] 
[2026-05-31 00:50:01.675] ━━━━━━━━━━━━━━━━━━━━━━━━━━━━━━━━━━━━━━━━━━━━━━━━━━━━━━━━━━━━
[2026-05-31 00:50:01.675]   【 PreOpen 轮次 #6 】 2026-05-30 16:50:01 UTC
[2026-05-31 00:50:06.173] 
[2026-05-31 00:50:06.173]   🔍 【市场发现】共找到 5 个市场
[2026-05-31 00:50:06.173]      ├─ ❌ 过滤 [已开始] btc-updown-5m-1780159500 | 开始于 16:45:00 UTC | tts=-302s
[2026-05-31 00:50:06.173]      └─ ✅ 可交易 btc-updown-5m-1780160100 | 开始 16:55:00 UTC | 结束 17:00:00 UTC | tts=298s
[2026-05-31 00:50:06.174]      └─ ✅ 可交易 btc-updown-5m-1780160400 | 开始 17:00:00 UTC | 结束 17:05:00 UTC | tts=598s
[2026-05-31 00:50:06.174]      ├─ ❌ 过滤 [太远] btc-updown-5m-1780160700 | 开始于 17:05:00 UTC | tts=898s > 600s
[2026-05-31 00:50:06.174] 
[2026-05-31 00:50:06.174]   📊 【汇总】发现 5 个 | 可交易 1 个
[2026-05-31 00:50:06.174]      ├─ 已下单事件排除: 1
[2026-05-31 00:50:06.174]      └─ 时间窗口外: 2
[2026-05-31 00:50:06.174] 
[2026-05-31 00:50:06.174]   📅 【所有市场时间表】(当前: 16:50:01 UTC)
[2026-05-31 00:50:06.174]      🔴 已开始 16:45:00 - 16:50:00 UTC | btc-updown-5m-1780159500 | 开始已过 302s | 已结束
[2026-05-31 00:50:06.174]      🔴 已开始 🧾已下单 16:50:00 - 16:55:00 UTC | btc-updown-5m-1780159800 | 开始已过 2s | 298s后结束
[2026-05-31 00:50:06.174]      ✅ 可交易 16:55:00 - 17:00:00 UTC | btc-updown-5m-1780160100 | 开始298s后 | 598s后结束
[2026-05-31 00:50:06.174]      ✅ 可交易 17:00:00 - 17:05:00 UTC | btc-updown-5m-1780160400 | 开始598s后 | 898s后结束
[2026-05-31 00:50:06.174]      🔜 太远 17:05:00 - 17:10:00 UTC | btc-updown-5m-1780160700 | 开始898s后 | 1198s后结束
[2026-05-31 00:50:06.174]   ✨ 新发现事件: btc-updown-5m-1780160400 | 状态=已发现 | 距开始=598s | 距结束=898s
[2026-05-31 00:50:06.174]   🎯 目标事件: btc-updown-5m-1780160100 | 状态=已发现 | 距开始=298s | 距结束=598s
[2026-05-31 00:50:06.174]   ⏱  距离开始=298.3s | 状态=discovered | 动作次数=0
[2026-05-31 00:50:06.175]   🔄 事件状态: DISCOVERED → READY | btc-updown-5m-1780160100
[2026-05-31 00:50:08.439]   📗 YES下单: ✅ 已下单 | 价格=$0.5100 | 数量=5.0份 | 订单ID=0xa952d22135e63a6d787d6aac6c2ef3ffbb35e766a9930db3b274af9368c380be
[2026-05-31 00:50:08.439]   ✅ Bought 5.0 YES shares @ $0.510
[2026-05-31 00:50:14.613]   📙 NO挂单: ✅ 已下单 | 价格=$0.4000 | 数量=5.0份 | 订单ID=0x5dac61954c4e8f07d9730dcfec2f405e6ad5b885b54b2f87e4aefc1c111a61b7
[2026-05-31 00:50:14.613]   ✅ Bought 5.0 NO shares @ $0.400
[2026-05-31 00:50:21.074]   🎯 live 事件进度: 3/3
[2026-05-31 00:50:21.074] 
[2026-05-31 00:50:21.074]   ✅ 【已下单】btc-updown-5m-1780160100
[2026-05-31 00:50:21.074]      📗 YES: 订单ID=0xa952d22135e63a6d787d6aac6c2ef3ffbb35e766a9930db3b274af9368c380be | 成交价=$0.5100
[2026-05-31 00:50:21.074]      📙 NO: 订单ID=0x5dac61954c4e8f07d9730dcfec2f405e6ad5b885b54b2f87e4aefc1c111a61b7 | 成交价=$0.4000
[2026-05-31 00:50:21.074]      📍 当前状态: down_resting | 动作次数: 3
[2026-05-31 00:50:21.074]   📊 套利边缘: net=-0.4000 | 充足=True | edge=-0.4000 >= min=-0.5000; YES@0.510 cost=0.5100 + NO@0.400 cost=0.4000
[2026-05-31 00:50:21.074] 
[2026-05-31 00:50:21.074]   💤 等待 60s 后进行下次轮询...
[2026-05-31 00:51:21.086] 
[2026-05-31 00:51:21.094] ━━━━━━━━━━━━━━━━━━━━━━━━━━━━━━━━━━━━━━━━━━━━━━━━━━━━━━━━━━━━
[2026-05-31 00:51:21.096]   【 PreOpen 轮次 #7 】 2026-05-30 16:51:21 UTC
[2026-05-31 00:51:21.099]   🗑 Pre-GC removed: btc-updown-5m-1780159800 | reason=stale/untradeable
[2026-05-31 00:51:25.716] 
[2026-05-31 00:51:25.717]   🔍 【市场发现】共找到 5 个市场
[2026-05-31 00:51:25.717]      ├─ ❌ 过滤 [已开始] btc-updown-5m-1780159500 | 开始于 16:45:00 UTC | tts=-381s
[2026-05-31 00:51:25.717]      ├─ ❌ 过滤 [已开始] btc-updown-5m-1780159800 | 开始于 16:50:00 UTC | tts=-81s
[2026-05-31 00:51:25.717]      └─ ✅ 可交易 btc-updown-5m-1780160400 | 开始 17:00:00 UTC | 结束 17:05:00 UTC | tts=519s
[2026-05-31 00:51:25.717]      ├─ ❌ 过滤 [太远] btc-updown-5m-1780160700 | 开始于 17:05:00 UTC | tts=819s > 600s
[2026-05-31 00:51:25.718] 
[2026-05-31 00:51:25.718]   📊 【汇总】发现 5 个 | 可交易 0 个
[2026-05-31 00:51:25.718]      ├─ 已下单事件排除: 1
[2026-05-31 00:51:25.718]      └─ 时间窗口外: 3
[2026-05-31 00:51:25.718] 
[2026-05-31 00:51:25.718]   📅 【所有市场时间表】(当前: 16:51:21 UTC)
[2026-05-31 00:51:25.718]      🔴 已开始 16:45:00 - 16:50:00 UTC | btc-updown-5m-1780159500 | 开始已过 381s | 已结束
[2026-05-31 00:51:25.718]      🔴 已开始 16:50:00 - 16:55:00 UTC | btc-updown-5m-1780159800 | 开始已过 81s | 219s后结束
[2026-05-31 00:51:25.718]      ✅ 可交易 🧾已下单 16:55:00 - 17:00:00 UTC | btc-updown-5m-1780160100 | 开始219s后 | 519s后结束
[2026-05-31 00:51:25.718]      ✅ 可交易 17:00:00 - 17:05:00 UTC | btc-updown-5m-1780160400 | 开始519s后 | 819s后结束
[2026-05-31 00:51:25.718]      🔜 太远 17:05:00 - 17:10:00 UTC | btc-updown-5m-1780160700 | 开始819s后 | 1119s后结束
[2026-05-31 00:51:25.719]   ✅ 已达到 live 事件上限: 3，停止交易。
