[2026-05-31 00:34:18.450] 📁 日志目录: /Users/yuliang/project/poly-refactor/poly-simmer-fast-loop/main/runs/2026-05-31-00-34-18_live
[2026-05-31 00:34:18.451] 📄 日志文件: /Users/yuliang/project/poly-refactor/poly-simmer-fast-loop/main/runs/2026-05-31-00-34-18_live/output.log
[2026-05-31 00:34:18.451] ============================================================
[2026-05-31 00:34:18.451] 
[2026-05-31 00:34:18.451] ════════════════════════════════════════════════════════════
[2026-05-31 00:34:18.451]   【 PreOpen Loop 预开盘循环 】
[2026-05-31 00:34:18.451] ════════════════════════════════════════════════════════════
[2026-05-31 00:34:18.451]   模式: 实盘交易
[2026-05-31 00:34:18.451]   品种: BTC | 窗口: 5m
[2026-05-31 00:34:18.451]   ── 轮询参数 ──
[2026-05-31 00:34:18.451]   • 轮询间隔: 60s
[2026-05-31 00:34:18.451]   • 预开盘提前时间 (lead_time): 600s
[2026-05-31 00:34:18.451]   • 垃圾回收宽限期 (gc_grace): 60s
[2026-05-31 00:34:18.451]   ── YES 主单参数 ──
[2026-05-31 00:34:18.451]   • 买入数量: 5.0 份
[2026-05-31 00:34:18.451]   • 最高价格: $0.92
[2026-05-31 00:34:18.451]   ── NO 对冲参数 ──
[2026-05-31 00:34:18.451]   • 静态对冲价格: $0.4
[2026-05-31 00:34:18.451]   • 切换 TTL 阈值: 40s
[2026-05-31 00:34:18.451]   • 最大 FAK 价格: $0.42
[2026-05-31 00:34:18.451]   • 最小套利边缘: -0.5
[2026-05-31 00:34:18.451]   • live 事件上限: 1
[2026-05-31 00:34:18.451] ────────────────────────────────────────────────────────────
[2026-05-31 00:34:18.451] 
[2026-05-31 00:34:18.451] ━━━━━━━━━━━━━━━━━━━━━━━━━━━━━━━━━━━━━━━━━━━━━━━━━━━━━━━━━━━━
[2026-05-31 00:34:18.451]   【 PreOpen 轮次 #1 】 2026-05-30 16:34:18 UTC
[2026-05-31 00:34:23.474] 
[2026-05-31 00:34:23.475]   🔍 【市场发现】共找到 4 个市场
[2026-05-31 00:34:23.475]      ├─ ❌ 过滤 [已开始] btc-updown-5m-1780158600 | 开始于 16:30:00 UTC | tts=-258s
[2026-05-31 00:34:23.476]      └─ ✅ 可交易 btc-updown-5m-1780158900 | 开始 16:35:00 UTC | 结束 16:40:00 UTC | tts=42s
[2026-05-31 00:34:23.476]      └─ ✅ 可交易 btc-updown-5m-1780159200 | 开始 16:40:00 UTC | 结束 16:45:00 UTC | tts=342s
[2026-05-31 00:34:23.476]      ├─ ❌ 过滤 [太远] btc-updown-5m-1780159500 | 开始于 16:45:00 UTC | tts=642s > 600s
[2026-05-31 00:34:23.476] 
[2026-05-31 00:34:23.476]   📊 【汇总】发现 4 个 | 可交易 2 个
[2026-05-31 00:34:23.476]      └─ 时间窗口外: 2
[2026-05-31 00:34:23.476] 
[2026-05-31 00:34:23.476]   📅 【所有市场时间表】(当前: 16:34:18 UTC)
[2026-05-31 00:34:23.476]      🔴 已开始 16:30:00 - 16:35:00 UTC | btc-updown-5m-1780158600 | 开始已过 258s | 42s后结束
[2026-05-31 00:34:23.476]      ✅ 可交易 16:35:00 - 16:40:00 UTC | btc-updown-5m-1780158900 | 开始42s后 | 342s后结束
[2026-05-31 00:34:23.476]      ✅ 可交易 16:40:00 - 16:45:00 UTC | btc-updown-5m-1780159200 | 开始342s后 | 642s后结束
[2026-05-31 00:34:23.476]      🔜 太远 16:45:00 - 16:50:00 UTC | btc-updown-5m-1780159500 | 开始642s后 | 942s后结束
[2026-05-31 00:34:23.477]   ✨ 新发现事件: btc-updown-5m-1780158900 | 状态=已发现 | 距开始=42s | 距结束=342s
[2026-05-31 00:34:23.477]   ✨ 新发现事件: btc-updown-5m-1780159200 | 状态=已发现 | 距开始=342s | 距结束=642s
[2026-05-31 00:34:23.477]   🎯 目标事件: btc-updown-5m-1780158900 | 状态=已发现 | 距开始=42s | 距结束=342s
[2026-05-31 00:34:23.477]   ⏱  距离开始=41.5s | 状态=discovered | 动作次数=0
[2026-05-31 00:34:23.477]   🔄 事件状态: DISCOVERED → READY | btc-updown-5m-1780158900
[2026-05-31 00:34:24.854] [py_clob_client_v2] request error status=400 url=https://clob.polymarket.com/auth/api-key body={"error":"Could not create api key"}
[2026-05-31 00:34:24.854] 
[2026-05-31 00:34:26.785]   📗 YES下单: ✅ 已下单 | 价格=$0.5100 | 数量=5.0份 | 订单ID=0x500944725c80a50b0573f31e0fda5e5e0ff614c9aae7dddf49658be38539be13
[2026-05-31 00:34:26.785]   ✅ Bought 5.0 YES shares @ $0.510
[2026-05-31 00:34:34.337]   📙 NO挂单: ✅ 已下单 | 价格=$0.4000 | 数量=5.0份 | 订单ID=0x54054af9f1b469674c5fa73ac4eb0794f4db4154f85608f59f6d5c903b32f904
[2026-05-31 00:34:34.337]   ✅ Bought 5.0 NO shares @ $0.400
[2026-05-31 00:34:40.587]   🎯 live 事件进度: 1/1
[2026-05-31 00:34:40.588] 
[2026-05-31 00:34:40.588]   ✅ 【已下单】btc-updown-5m-1780158900
[2026-05-31 00:34:40.588]      📗 YES: 订单ID=0x500944725c80a50b0573f31e0fda5e5e0ff614c9aae7dddf49658be38539be13 | 成交价=$0.5100
[2026-05-31 00:34:40.588]      📙 NO: 订单ID=0x54054af9f1b469674c5fa73ac4eb0794f4db4154f85608f59f6d5c903b32f904 | 成交价=$0.4000
[2026-05-31 00:34:40.588]      📍 当前状态: down_resting | 动作次数: 3
[2026-05-31 00:34:40.588]   📊 套利边缘: net=-0.4000 | 充足=True | edge=-0.4000 >= min=-0.5000; YES@0.510 cost=0.5100 + NO@0.400 cost=0.4000
[2026-05-31 00:34:40.588] 
[2026-05-31 00:34:40.588]   💤 等待 60s 后进行下次轮询...
[2026-05-31 00:35:40.594] 
[2026-05-31 00:35:40.599] ━━━━━━━━━━━━━━━━━━━━━━━━━━━━━━━━━━━━━━━━━━━━━━━━━━━━━━━━━━━━
[2026-05-31 00:35:40.599]   【 PreOpen 轮次 #2 】 2026-05-30 16:35:40 UTC
[2026-05-31 00:35:45.156] 
[2026-05-31 00:35:45.157]   🔍 【市场发现】共找到 5 个市场
[2026-05-31 00:35:45.157]      ├─ ❌ 过滤 [已开始] btc-updown-5m-1780158600 | 开始于 16:30:00 UTC | tts=-341s
[2026-05-31 00:35:45.157]      └─ ✅ 可交易 btc-updown-5m-1780159200 | 开始 16:40:00 UTC | 结束 16:45:00 UTC | tts=259s
[2026-05-31 00:35:45.157]      └─ ✅ 可交易 btc-updown-5m-1780159500 | 开始 16:45:00 UTC | 结束 16:50:00 UTC | tts=559s
[2026-05-31 00:35:45.157]      ├─ ❌ 过滤 [太远] btc-updown-5m-1780159800 | 开始于 16:50:00 UTC | tts=859s > 600s
[2026-05-31 00:35:45.157] 
[2026-05-31 00:35:45.157]   📊 【汇总】发现 5 个 | 可交易 1 个
[2026-05-31 00:35:45.157]      ├─ 已下单事件排除: 1
[2026-05-31 00:35:45.157]      └─ 时间窗口外: 2
[2026-05-31 00:35:45.157] 
[2026-05-31 00:35:45.158]   📅 【所有市场时间表】(当前: 16:35:40 UTC)
[2026-05-31 00:35:45.158]      🔴 已开始 16:30:00 - 16:35:00 UTC | btc-updown-5m-1780158600 | 开始已过 341s | 已结束
[2026-05-31 00:35:45.158]      🔴 已开始 🧾已下单 16:35:00 - 16:40:00 UTC | btc-updown-5m-1780158900 | 开始已过 41s | 259s后结束
[2026-05-31 00:35:45.158]      ✅ 可交易 16:40:00 - 16:45:00 UTC | btc-updown-5m-1780159200 | 开始259s后 | 559s后结束
[2026-05-31 00:35:45.158]      ✅ 可交易 16:45:00 - 16:50:00 UTC | btc-updown-5m-1780159500 | 开始559s后 | 859s后结束
[2026-05-31 00:35:45.158]      🔜 太远 16:50:00 - 16:55:00 UTC | btc-updown-5m-1780159800 | 开始859s后 | 1159s后结束
[2026-05-31 00:35:45.158]   ✨ 新发现事件: btc-updown-5m-1780159500 | 状态=已发现 | 距开始=559s | 距结束=859s
[2026-05-31 00:35:45.159]   ✅ 已达到 live 事件上限: 1，停止交易。
