[2026-05-30 18:35:44.522] 📁 日志目录: /Users/yuliang/project/poly-refactor/poly-simmer-fast-loop/main/runs/2026-05-30-18-35-44_dryrun
[2026-05-30 18:35:44.522] 📄 日志文件: /Users/yuliang/project/poly-refactor/poly-simmer-fast-loop/main/runs/2026-05-30-18-35-44_dryrun/output.log
[2026-05-30 18:35:44.522] ============================================================
[2026-05-30 18:35:44.522] 
[2026-05-30 18:35:44.522] ════════════════════════════════════════════════════════════
[2026-05-30 18:35:44.522]   【 PreOpen Loop 预开盘循环 】
[2026-05-30 18:35:44.522] ════════════════════════════════════════════════════════════
[2026-05-30 18:35:44.522]   模式: 模拟交易
[2026-05-30 18:35:44.522]   品种: BTC | 窗口: 5m
[2026-05-30 18:35:44.522]   ── 轮询参数 ──
[2026-05-30 18:35:44.522]   • 轮询间隔: 60s
[2026-05-30 18:35:44.523]   • 预开盘提前时间 (lead_time): 600s
[2026-05-30 18:35:44.523]   • 垃圾回收宽限期 (gc_grace): 60s
[2026-05-30 18:35:44.523]   ── YES 主单参数 ──
[2026-05-30 18:35:44.523]   • 买入数量: 10.0 份
[2026-05-30 18:35:44.523]   • 最高价格: $0.92
[2026-05-30 18:35:44.523]   ── NO 对冲参数 ──
[2026-05-30 18:35:44.523]   • 静态对冲价格: $0.4
[2026-05-30 18:35:44.523]   • 切换 TTL 阈值: 40s
[2026-05-30 18:35:44.523]   • 最大 FAK 价格: $0.42
[2026-05-30 18:35:44.523]   • 最小套利边缘: -0.5
[2026-05-30 18:35:44.523] ────────────────────────────────────────────────────────────
[2026-05-30 18:35:44.523] 
[2026-05-30 18:35:44.523] ━━━━━━━━━━━━━━━━━━━━━━━━━━━━━━━━━━━━━━━━━━━━━━━━━━━━━━━━━━━━
[2026-05-30 18:35:44.523]   【 PreOpen 轮次 #1 】 2026-05-30 10:35:44 UTC
[2026-05-30 18:35:49.050] 
[2026-05-30 18:35:49.050]   🔍 【市场发现】共找到 6 个市场
[2026-05-30 18:35:49.051]      ├─ ❌ 过滤 [已开始] btc-updown-5m-1780136700 | 开始于 10:25:00 UTC | tts=-645s
[2026-05-30 18:35:49.051]      ├─ ❌ 过滤 [已开始] btc-updown-5m-1780137000 | 开始于 10:30:00 UTC | tts=-345s
[2026-05-30 18:35:49.051]      ├─ ❌ 过滤 [已开始] btc-updown-5m-1780137300 | 开始于 10:35:00 UTC | tts=-45s
[2026-05-30 18:35:49.051]      └─ ✅ 可交易 btc-updown-5m-1780137600 | 开始 10:40:00 UTC | 结束 10:45:00 UTC | tts=255s
[2026-05-30 18:35:49.051]      └─ ✅ 可交易 btc-updown-5m-1780137900 | 开始 10:45:00 UTC | 结束 10:50:00 UTC | tts=555s
[2026-05-30 18:35:49.051]      ├─ ❌ 过滤 [太远] btc-updown-5m-1780138200 | 开始于 10:50:00 UTC | tts=855s > 600s
[2026-05-30 18:35:49.051] 
[2026-05-30 18:35:49.052]   📊 【汇总】发现 6 个 | 可交易 2 个
[2026-05-30 18:35:49.052]      └─ 时间窗口外: 4
[2026-05-30 18:35:49.052] 
[2026-05-30 18:35:49.052]   📅 【所有市场时间表】(当前: 10:35:44 UTC)
[2026-05-30 18:35:49.052]      🔴 已开始 10:25:00 - 10:30:00 UTC | btc-updown-5m-1780136700 | 开始已过 645s | 已结束
[2026-05-30 18:35:49.052]      🔴 已开始 10:30:00 - 10:35:00 UTC | btc-updown-5m-1780137000 | 开始已过 345s | 已结束
[2026-05-30 18:35:49.052]      🔴 已开始 10:35:00 - 10:40:00 UTC | btc-updown-5m-1780137300 | 开始已过 45s | 255s后结束
[2026-05-30 18:35:49.052]      ✅ 可交易 10:40:00 - 10:45:00 UTC | btc-updown-5m-1780137600 | 开始255s后 | 555s后结束
[2026-05-30 18:35:49.052]      ✅ 可交易 10:45:00 - 10:50:00 UTC | btc-updown-5m-1780137900 | 开始555s后 | 855s后结束
[2026-05-30 18:35:49.052]      🔜 太远 10:50:00 - 10:55:00 UTC | btc-updown-5m-1780138200 | 开始855s后 | 1155s后结束
[2026-05-30 18:35:49.054]   ✨ 新发现事件: btc-updown-5m-1780137600 | 状态=已发现 | 距开始=255s | 距结束=555s
[2026-05-30 18:35:49.054]   ✨ 新发现事件: btc-updown-5m-1780137900 | 状态=已发现 | 距开始=555s | 距结束=855s
[2026-05-30 18:35:49.054]   📦 事件池: 2 个 | 本轮发现=2 | GC移除=0
[2026-05-30 18:35:49.054]   🎯 目标事件: btc-updown-5m-1780137600 | 状态=已发现 | 距开始=255s | 距结束=555s
[2026-05-30 18:35:49.055]   ⏱  距离开始=255.5s | 状态=discovered | 动作次数=0
[2026-05-30 18:35:49.055]   🔄 事件状态: DISCOVERED → READY | btc-updown-5m-1780137600
[2026-05-30 18:35:49.649]   📗 YES下单: ✅ 已下单 | 价格=$0.5100 | 数量=10.0份 | 订单ID=DRY-0x89d968-YES
[2026-05-30 18:35:49.649]   ✅ [PAPER] Bought 10.0 YES shares @ $0.510
[2026-05-30 18:36:10.195]   📙 NO挂单: ✅ 已下单 | 价格=$0.4000 | 数量=10.0份 | 订单ID=DRY-0x89d968-DOWN
[2026-05-30 18:36:10.195]   ✅ [PAPER] Bought 10.0 NO shares @ $0.400
[2026-05-30 18:36:15.921] 
[2026-05-30 18:36:15.921]   ✅ 【已下单】btc-updown-5m-1780137600
[2026-05-30 18:36:15.921]      📗 YES: 订单ID=DRY-0x89d968-YES | 成交价=$0.5100
[2026-05-30 18:36:15.921]      📙 NO: 订单ID=DRY-0x89d968-DOWN | 成交价=$N/A
[2026-05-30 18:36:15.921]      📍 当前状态: down_resting | 动作次数: 3
[2026-05-30 18:36:15.921]   📊 套利边缘: net=-0.4000 | 充足=True | edge=-0.4000 >= min=-0.5000; YES@0.510 cost=0.5100 + NO@0.400 cost=0.4000
[2026-05-30 18:36:15.921] 
[2026-05-30 18:36:15.921]   💤 等待 60s 后进行下次轮询...
[2026-05-30 18:37:15.922] 
[2026-05-30 18:37:15.924] ━━━━━━━━━━━━━━━━━━━━━━━━━━━━━━━━━━━━━━━━━━━━━━━━━━━━━━━━━━━━
[2026-05-30 18:37:15.924]   【 PreOpen 轮次 #2 】 2026-05-30 10:37:15 UTC
[2026-05-30 18:37:20.852] 
[2026-05-30 18:37:20.852]   🔍 【市场发现】共找到 5 个市场
[2026-05-30 18:37:20.852]      ├─ ❌ 过滤 [已开始] btc-updown-5m-1780137000 | 开始于 10:30:00 UTC | tts=-436s
[2026-05-30 18:37:20.852]      ├─ ❌ 过滤 [已开始] btc-updown-5m-1780137300 | 开始于 10:35:00 UTC | tts=-136s
[2026-05-30 18:37:20.852]      └─ ✅ 可交易 btc-updown-5m-1780137900 | 开始 10:45:00 UTC | 结束 10:50:00 UTC | tts=464s
[2026-05-30 18:37:20.853]      ├─ ❌ 过滤 [太远] btc-updown-5m-1780138200 | 开始于 10:50:00 UTC | tts=764s > 600s
[2026-05-30 18:37:20.853] 
[2026-05-30 18:37:20.853]   📊 【汇总】发现 5 个 | 可交易 0 个
[2026-05-30 18:37:20.853]      ├─ 已下单事件排除: 1
[2026-05-30 18:37:20.853]      └─ 时间窗口外: 3
[2026-05-30 18:37:20.853] 
[2026-05-30 18:37:20.853]   📅 【所有市场时间表】(当前: 10:37:15 UTC)
[2026-05-30 18:37:20.853]      🔴 已开始 10:30:00 - 10:35:00 UTC | btc-updown-5m-1780137000 | 开始已过 436s | 已结束
[2026-05-30 18:37:20.854]      🔴 已开始 10:35:00 - 10:40:00 UTC | btc-updown-5m-1780137300 | 开始已过 136s | 164s后结束
[2026-05-30 18:37:20.854]      ✅ 可交易 🧾已下单 10:40:00 - 10:45:00 UTC | btc-updown-5m-1780137600 | 开始164s后 | 464s后结束
[2026-05-30 18:37:20.854]      ✅ 可交易 10:45:00 - 10:50:00 UTC | btc-updown-5m-1780137900 | 开始464s后 | 764s后结束
[2026-05-30 18:37:20.854]      🔜 太远 10:50:00 - 10:55:00 UTC | btc-updown-5m-1780138200 | 开始764s后 | 1064s后结束
[2026-05-30 18:37:20.854]   📦 事件池: 2 个 | 本轮发现=0 | GC移除=0
[2026-05-30 18:37:20.854]   🎯 目标事件: btc-updown-5m-1780137600 | 状态=NO挂单中 | 距开始=164s | 距结束=464s
[2026-05-30 18:37:20.854]   ⏱  距离开始=164.1s | 状态=down_resting | 动作次数=3
[2026-05-30 18:37:20.854]   循环检查: ⏭️ 跳过 | 价格=- | 数量=- | 原因: action_count=3 >= max=3
[2026-05-30 18:37:20.854] 
[2026-05-30 18:37:20.854]   ✅ 【已下单】btc-updown-5m-1780137600
[2026-05-30 18:37:20.855]      📗 YES: 订单ID=DRY-0x89d968-YES | 成交价=$0.5100
[2026-05-30 18:37:20.855]      📙 NO: 订单ID=DRY-0x89d968-DOWN | 成交价=$N/A
[2026-05-30 18:37:20.855]      📍 当前状态: down_resting | 动作次数: 3
[2026-05-30 18:37:20.855]   📊 套利边缘: net=-0.4000 | 充足=True | edge=-0.4000 >= min=-0.5000; YES@0.510 cost=0.5100 + NO@0.400 cost=0.4000
[2026-05-30 18:37:20.855] 
[2026-05-30 18:37:20.855]   💤 等待 60s 后进行下次轮询...
[2026-05-30 18:38:20.855] 
[2026-05-30 18:38:20.857] ━━━━━━━━━━━━━━━━━━━━━━━━━━━━━━━━━━━━━━━━━━━━━━━━━━━━━━━━━━━━
[2026-05-30 18:38:20.857]   【 PreOpen 轮次 #3 】 2026-05-30 10:38:20 UTC
[2026-05-30 18:38:24.715] 
[2026-05-30 18:38:24.715]   🔍 【市场发现】共找到 5 个市场
[2026-05-30 18:38:24.715]      ├─ ❌ 过滤 [已开始] btc-updown-5m-1780137000 | 开始于 10:30:00 UTC | tts=-501s
[2026-05-30 18:38:24.715]      ├─ ❌ 过滤 [已开始] btc-updown-5m-1780137300 | 开始于 10:35:00 UTC | tts=-201s
[2026-05-30 18:38:24.715]      └─ ✅ 可交易 btc-updown-5m-1780137900 | 开始 10:45:00 UTC | 结束 10:50:00 UTC | tts=399s
[2026-05-30 18:38:24.716]      ├─ ❌ 过滤 [太远] btc-updown-5m-1780138200 | 开始于 10:50:00 UTC | tts=699s > 600s
[2026-05-30 18:38:24.716] 
[2026-05-30 18:38:24.716]   📊 【汇总】发现 5 个 | 可交易 0 个
[2026-05-30 18:38:24.716]      ├─ 已下单事件排除: 1
[2026-05-30 18:38:24.716]      └─ 时间窗口外: 3
[2026-05-30 18:38:24.716] 
[2026-05-30 18:38:24.716]   📅 【所有市场时间表】(当前: 10:38:20 UTC)
[2026-05-30 18:38:24.716]      🔴 已开始 10:30:00 - 10:35:00 UTC | btc-updown-5m-1780137000 | 开始已过 501s | 已结束
[2026-05-30 18:38:24.716]      🔴 已开始 10:35:00 - 10:40:00 UTC | btc-updown-5m-1780137300 | 开始已过 201s | 99s后结束
[2026-05-30 18:38:24.717]      ✅ 可交易 🧾已下单 10:40:00 - 10:45:00 UTC | btc-updown-5m-1780137600 | 开始99s后 | 399s后结束
[2026-05-30 18:38:24.717]      ✅ 可交易 10:45:00 - 10:50:00 UTC | btc-updown-5m-1780137900 | 开始399s后 | 699s后结束
[2026-05-30 18:38:24.717]      🔜 太远 10:50:00 - 10:55:00 UTC | btc-updown-5m-1780138200 | 开始699s后 | 999s后结束
[2026-05-30 18:38:24.717]   📦 事件池: 2 个 | 本轮发现=0 | GC移除=0
[2026-05-30 18:38:24.717]   🎯 目标事件: btc-updown-5m-1780137600 | 状态=NO挂单中 | 距开始=99s | 距结束=399s
[2026-05-30 18:38:24.717]   ⏱  距离开始=99.1s | 状态=down_resting | 动作次数=3
[2026-05-30 18:38:24.717]   循环检查: ⏭️ 跳过 | 价格=- | 数量=- | 原因: action_count=3 >= max=3
[2026-05-30 18:38:24.717] 
[2026-05-30 18:38:24.717]   ✅ 【已下单】btc-updown-5m-1780137600
[2026-05-30 18:38:24.717]      📗 YES: 订单ID=DRY-0x89d968-YES | 成交价=$0.5100
[2026-05-30 18:38:24.717]      📙 NO: 订单ID=DRY-0x89d968-DOWN | 成交价=$N/A
[2026-05-30 18:38:24.717]      📍 当前状态: down_resting | 动作次数: 3
[2026-05-30 18:38:24.717]   📊 套利边缘: net=-0.4000 | 充足=True | edge=-0.4000 >= min=-0.5000; YES@0.510 cost=0.5100 + NO@0.400 cost=0.4000
[2026-05-30 18:38:32.169] 
[2026-05-30 18:38:32.169]   💤 等待 60s 后进行下次轮询...
[2026-05-30 18:39:32.174] 
[2026-05-30 18:39:32.176] ━━━━━━━━━━━━━━━━━━━━━━━━━━━━━━━━━━━━━━━━━━━━━━━━━━━━━━━━━━━━
[2026-05-30 18:39:32.177]   【 PreOpen 轮次 #4 】 2026-05-30 10:39:32 UTC
[2026-05-30 18:39:35.776] 
[2026-05-30 18:39:35.776]   🔍 【市场发现】共找到 5 个市场
[2026-05-30 18:39:35.776]      ├─ ❌ 过滤 [已开始] btc-updown-5m-1780137000 | 开始于 10:30:00 UTC | tts=-572s
[2026-05-30 18:39:35.776]      ├─ ❌ 过滤 [已开始] btc-updown-5m-1780137300 | 开始于 10:35:00 UTC | tts=-272s
[2026-05-30 18:39:35.776]      └─ ✅ 可交易 btc-updown-5m-1780137900 | 开始 10:45:00 UTC | 结束 10:50:00 UTC | tts=328s
[2026-05-30 18:39:35.776]      ├─ ❌ 过滤 [太远] btc-updown-5m-1780138200 | 开始于 10:50:00 UTC | tts=628s > 600s
[2026-05-30 18:39:35.776] 
[2026-05-30 18:39:35.776]   📊 【汇总】发现 5 个 | 可交易 0 个
[2026-05-30 18:39:35.776]      ├─ 已下单事件排除: 1
[2026-05-30 18:39:35.777]      └─ 时间窗口外: 3
[2026-05-30 18:39:35.777] 
[2026-05-30 18:39:35.777]   📅 【所有市场时间表】(当前: 10:39:32 UTC)
[2026-05-30 18:39:35.777]      🔴 已开始 10:30:00 - 10:35:00 UTC | btc-updown-5m-1780137000 | 开始已过 572s | 已结束
[2026-05-30 18:39:35.777]      🔴 已开始 10:35:00 - 10:40:00 UTC | btc-updown-5m-1780137300 | 开始已过 272s | 28s后结束
[2026-05-30 18:39:35.777]      ✅ 可交易 🧾已下单 10:40:00 - 10:45:00 UTC | btc-updown-5m-1780137600 | 开始28s后 | 328s后结束
[2026-05-30 18:39:35.777]      ✅ 可交易 10:45:00 - 10:50:00 UTC | btc-updown-5m-1780137900 | 开始328s后 | 628s后结束
[2026-05-30 18:39:35.777]      🔜 太远 10:50:00 - 10:55:00 UTC | btc-updown-5m-1780138200 | 开始628s后 | 928s后结束
[2026-05-30 18:39:35.777]   📦 事件池: 2 个 | 本轮发现=0 | GC移除=0
[2026-05-30 18:39:35.777]   🎯 目标事件: btc-updown-5m-1780137600 | 状态=NO挂单中 | 距开始=28s | 距结束=328s
[2026-05-30 18:39:35.777]   ⏱  距离开始=27.8s | 状态=down_resting | 动作次数=3
[2026-05-30 18:39:35.777]   循环检查: ⏭️ 跳过 | 价格=- | 数量=- | 原因: action_count=3 >= max=3
[2026-05-30 18:39:35.777] 
[2026-05-30 18:39:35.777]   ✅ 【已下单】btc-updown-5m-1780137600
[2026-05-30 18:39:35.777]      📗 YES: 订单ID=DRY-0x89d968-YES | 成交价=$0.5100
[2026-05-30 18:39:35.777]      📙 NO: 订单ID=DRY-0x89d968-DOWN | 成交价=$N/A
[2026-05-30 18:39:35.778]      📍 当前状态: down_resting | 动作次数: 3
[2026-05-30 18:39:35.778]   📊 套利边缘: net=-0.4000 | 充足=True | edge=-0.4000 >= min=-0.5000; YES@0.510 cost=0.5100 + NO@0.400 cost=0.4000
[2026-05-30 18:39:35.778] 
[2026-05-30 18:39:35.778]   💤 等待 60s 后进行下次轮询...
[2026-05-30 18:40:35.779] 
[2026-05-30 18:40:35.780] ━━━━━━━━━━━━━━━━━━━━━━━━━━━━━━━━━━━━━━━━━━━━━━━━━━━━━━━━━━━━
[2026-05-30 18:40:35.781]   【 PreOpen 轮次 #5 】 2026-05-30 10:40:35 UTC
[2026-05-30 18:40:39.294] 
[2026-05-30 18:40:39.294]   🔍 【市场发现】共找到 6 个市场
[2026-05-30 18:40:39.295]      ├─ ❌ 过滤 [已开始] btc-updown-5m-1780137000 | 开始于 10:30:00 UTC | tts=-636s
[2026-05-30 18:40:39.295]      ├─ ❌ 过滤 [已开始] btc-updown-5m-1780137300 | 开始于 10:35:00 UTC | tts=-336s
[2026-05-30 18:40:39.295]      └─ ✅ 可交易 btc-updown-5m-1780137900 | 开始 10:45:00 UTC | 结束 10:50:00 UTC | tts=264s
[2026-05-30 18:40:39.295]      └─ ✅ 可交易 btc-updown-5m-1780138200 | 开始 10:50:00 UTC | 结束 10:55:00 UTC | tts=564s
[2026-05-30 18:40:39.295]      ├─ ❌ 过滤 [太远] btc-updown-5m-1780138500 | 开始于 10:55:00 UTC | tts=864s > 600s
[2026-05-30 18:40:39.295] 
[2026-05-30 18:40:39.295]   📊 【汇总】发现 6 个 | 可交易 1 个
[2026-05-30 18:40:39.295]      ├─ 已下单事件排除: 1
[2026-05-30 18:40:39.295]      └─ 时间窗口外: 3
[2026-05-30 18:40:39.295] 
[2026-05-30 18:40:39.295]   📅 【所有市场时间表】(当前: 10:40:35 UTC)
[2026-05-30 18:40:39.296]      🔴 已开始 10:30:00 - 10:35:00 UTC | btc-updown-5m-1780137000 | 开始已过 636s | 已结束
[2026-05-30 18:40:39.296]      🔴 已开始 10:35:00 - 10:40:00 UTC | btc-updown-5m-1780137300 | 开始已过 336s | 已结束
[2026-05-30 18:40:39.296]      🔴 已开始 🧾已下单 10:40:00 - 10:45:00 UTC | btc-updown-5m-1780137600 | 开始已过 36s | 264s后结束
[2026-05-30 18:40:39.296]      ✅ 可交易 10:45:00 - 10:50:00 UTC | btc-updown-5m-1780137900 | 开始264s后 | 564s后结束
[2026-05-30 18:40:39.296]      ✅ 可交易 10:50:00 - 10:55:00 UTC | btc-updown-5m-1780138200 | 开始564s后 | 864s后结束
[2026-05-30 18:40:39.296]      🔜 太远 10:55:00 - 11:00:00 UTC | btc-updown-5m-1780138500 | 开始864s后 | 1164s后结束
[2026-05-30 18:40:39.296]   ✨ 新发现事件: btc-updown-5m-1780138200 | 状态=已发现 | 距开始=564s | 距结束=864s
[2026-05-30 18:40:39.296]   📦 事件池: 3 个 | 本轮发现=1 | GC移除=0
[2026-05-30 18:40:39.296]   🎯 目标事件: btc-updown-5m-1780137900 | 状态=已发现 | 距开始=264s | 距结束=564s
[2026-05-30 18:40:39.296]   ⏱  距离开始=264.2s | 状态=discovered | 动作次数=0
[2026-05-30 18:40:39.297]   🔄 事件状态: DISCOVERED → READY | btc-updown-5m-1780137900
[2026-05-30 18:40:39.606] 
[2026-05-30 18:40:39.606] 【PreOpen Loop】Stopped by user.
